Archive member included to satisfy reference by file (symbol)

/usr/lib/gcc/avr/7.3.0/avr5/libgcc.a(_udivmodqi4.o)
                              .build/obj_ez_keyboard_default/lufa.o (__udivmodqi4)
/usr/lib/gcc/avr/7.3.0/avr5/libgcc.a(_divmodhi4.o)
                              .build/obj_ez_keyboard_default/common/mousekey.o (__divmodhi4)
/usr/lib/gcc/avr/7.3.0/avr5/libgcc.a(_exit.o)
                              /usr/lib/gcc/avr/7.3.0/../../../../avr/lib/avr5/crtatmega32u4.o (exit)
/usr/lib/gcc/avr/7.3.0/avr5/libgcc.a(_tablejump2.o)
                              .build/obj_ez_keyboard_default/quantum/quantum.o (__tablejump2__)
/usr/lib/gcc/avr/7.3.0/avr5/libgcc.a(_copy_data.o)
                              .build/obj_ez_keyboard_default/quantum/matrix.o (__do_copy_data)
/usr/lib/gcc/avr/7.3.0/avr5/libgcc.a(_clear_bss.o)
                              .build/obj_ez_keyboard_default/quantum/quantum.o (__do_clear_bss)
/usr/lib/gcc/avr/7.3.0/avr5/libgcc.a(_udivmodhi4.o)
                              /usr/lib/gcc/avr/7.3.0/avr5/libgcc.a(_divmodhi4.o) (__udivmodhi4)
/usr/lib/gcc/avr/7.3.0/../../../../avr/lib/avr5/libatmega32u4.a(eerd_byte.o)
                              .build/obj_ez_keyboard_default/common/eeconfig.o (eeprom_read_byte)
/usr/lib/gcc/avr/7.3.0/../../../../avr/lib/avr5/libatmega32u4.a(eerd_word.o)
                              .build/obj_ez_keyboard_default/common/eeconfig.o (eeprom_read_word)
/usr/lib/gcc/avr/7.3.0/../../../../avr/lib/avr5/libatmega32u4.a(eeupd_byte.o)
                              .build/obj_ez_keyboard_default/common/eeconfig.o (eeprom_update_byte)
/usr/lib/gcc/avr/7.3.0/../../../../avr/lib/avr5/libatmega32u4.a(eeupd_word.o)
                              .build/obj_ez_keyboard_default/common/eeconfig.o (eeprom_update_word)
/usr/lib/gcc/avr/7.3.0/../../../../avr/lib/avr5/libatmega32u4.a(eerd_block.o)
                              /usr/lib/gcc/avr/7.3.0/../../../../avr/lib/avr5/libatmega32u4.a(eerd_word.o) (eeprom_read_blraw)

Allocating common symbols
Common symbol       size              file

USB_IsInitialized   0x1               .build/obj_ez_keyboard_default/./lib/lufa/LUFA/Drivers/USB/Core/USBTask.o
keymap_config       0x2               .build/obj_ez_keyboard_default/common/magic.o
USB_DeviceState     0x1               .build/obj_ez_keyboard_default/./lib/lufa/LUFA/Drivers/USB/Core/USBTask.o
USB_Device_ConfigurationNumber
                    0x1               .build/obj_ez_keyboard_default/./lib/lufa/LUFA/Drivers/USB/Core/DeviceStandardReq.o
USB_Device_CurrentlySelfPowered
                    0x1               .build/obj_ez_keyboard_default/./lib/lufa/LUFA/Drivers/USB/Core/DeviceStandardReq.o
USB_ControlRequest  0x8               .build/obj_ez_keyboard_default/./lib/lufa/LUFA/Drivers/USB/Core/USBTask.o
tp_buttons          0x2               .build/obj_ez_keyboard_default/common/action.o
USB_Device_RemoteWakeupEnabled
                    0x1               .build/obj_ez_keyboard_default/./lib/lufa/LUFA/Drivers/USB/Core/DeviceStandardReq.o
timer_count         0x4               .build/obj_ez_keyboard_default/common/avr/timer.o

Discarded input sections

 .data          0x0000000000000000        0x0 /usr/lib/gcc/avr/7.3.0/../../../../avr/lib/avr5/crtatmega32u4.o
 .bss           0x0000000000000000        0x0 /usr/lib/gcc/avr/7.3.0/../../../../avr/lib/avr5/crtatmega32u4.o
 .text          0x0000000000000000        0x0 .build/obj_ez_keyboard_default/keyboards/ez_keyboard/ez_keyboard.o
 .data          0x0000000000000000        0x0 .build/obj_ez_keyboard_default/keyboards/ez_keyboard/ez_keyboard.o
 .bss           0x0000000000000000        0x0 .build/obj_ez_keyboard_default/keyboards/ez_keyboard/ez_keyboard.o
 .text          0x0000000000000000        0x0 .build/obj_ez_keyboard_default/keyboards/ez_keyboard/keymaps/default/keymap.o
 .data          0x0000000000000000        0x0 .build/obj_ez_keyboard_default/keyboards/ez_keyboard/keymaps/default/keymap.o
 .bss           0x0000000000000000        0x0 .build/obj_ez_keyboard_default/keyboards/ez_keyboard/keymaps/default/keymap.o
 .text          0x0000000000000000        0x0 .build/obj_ez_keyboard_default/quantum/quantum.o
 .data          0x0000000000000000        0x0 .build/obj_ez_keyboard_default/quantum/quantum.o
 .bss           0x0000000000000000        0x0 .build/obj_ez_keyboard_default/quantum/quantum.o
 .text.do_code16
                0x0000000000000000       0x6c .build/obj_ez_keyboard_default/quantum/quantum.o
 .text.qk_register_weak_mods
                0x0000000000000000       0x16 .build/obj_ez_keyboard_default/quantum/quantum.o
 .text.qk_register_mods
                0x0000000000000000        0x4 .build/obj_ez_keyboard_default/quantum/quantum.o
 .text.qk_unregister_weak_mods
                0x0000000000000000       0x16 .build/obj_ez_keyboard_default/quantum/quantum.o
 .text.qk_unregister_mods
                0x0000000000000000        0x4 .build/obj_ez_keyboard_default/quantum/quantum.o
 .text.register_code16
[...]
Memory Configuration

Name             Origin             Length             Attributes
text             0x0000000000000000 0x0000000000020000 xr
data             0x0000000000800060 0x000000000000ffa0 rw !x
eeprom           0x0000000000810000 0x0000000000010000 rw !x
fuse             0x0000000000820000 0x0000000000000400 rw !x
lock             0x0000000000830000 0x0000000000000400 rw !x
signature        0x0000000000840000 0x0000000000000400 rw !x
user_signatures  0x0000000000850000 0x0000000000000400 rw !x
*default*        0x0000000000000000 0xffffffffffffffff

Linker script and memory map

Address of section .data set to 0x800100
LOAD /usr/lib/gcc/avr/7.3.0/../../../../avr/lib/avr5/crtatmega32u4.o
LOAD .build/obj_ez_keyboard_default/keyboards/ez_keyboard/ez_keyboard.o
LOAD .build/obj_ez_keyboard_default/keyboards/ez_keyboard/keymaps/default/keymap.o
LOAD .build/obj_ez_keyboard_default/quantum/quantum.o
LOAD .build/obj_ez_keyboard_default/quantum/keymap_common.o
LOAD .build/obj_ez_keyboard_default/quantum/keycode_config.o
LOAD .build/obj_ez_keyboard_default/quantum/process_keycode/process_leader.o
LOAD .build/obj_ez_keyboard_default/quantum/matrix.o
LOAD .build/obj_ez_keyboard_default/common/host.o
LOAD .build/obj_ez_keyboard_default/common/keyboard.o
LOAD .build/obj_ez_keyboard_default/common/action.o
LOAD .build/obj_ez_keyboard_default/common/action_tapping.o
LOAD .build/obj_ez_keyboard_default/common/action_macro.o
LOAD .build/obj_ez_keyboard_default/common/action_layer.o
LOAD .build/obj_ez_keyboard_default/common/action_util.o
LOAD .build/obj_ez_keyboard_default/common/print.o
LOAD .build/obj_ez_keyboard_default/common/debug.o
LOAD .build/obj_ez_keyboard_default/common/util.o
LOAD .build/obj_ez_keyboard_default/common/eeconfig.o
LOAD .build/obj_ez_keyboard_default/common/report.o
LOAD .build/obj_ez_keyboard_default/common/avr/suspend.o
LOAD .build/obj_ez_keyboard_default/common/avr/timer.o
LOAD .build/obj_ez_keyboard_default/common/avr/bootloader.o
LOAD .build/obj_ez_keyboard_default/common/avr/xprintf.o
LOAD .build/obj_ez_keyboard_default/common/magic.o
LOAD .build/obj_ez_keyboard_default/common/mousekey.o
LOAD .build/obj_ez_keyboard_default/common/command.o
LOAD .build/obj_ez_keyboard_default/lufa.o
LOAD .build/obj_ez_keyboard_default/usb_descriptor.o
LOAD .build/obj_ez_keyboard_default/outputselect.o
LOAD .build/obj_ez_keyboard_default/./lib/lufa/LUFA/Drivers/USB/Class/Common/HIDParser.o
LOAD .build/obj_ez_keyboard_default/./lib/lufa/LUFA/Drivers/USB/Core/AVR8/Device_AVR8.o
LOAD .build/obj_ez_keyboard_default/./lib/lufa/LUFA/Drivers/USB/Core/AVR8/EndpointStream_AVR8.o
LOAD .build/obj_ez_keyboard_default/./lib/lufa/LUFA/Drivers/USB/Core/AVR8/Endpoint_AVR8.o
LOAD .build/obj_ez_keyboard_default/./lib/lufa/LUFA/Drivers/USB/Core/AVR8/Host_AVR8.o
LOAD .build/obj_ez_keyboard_default/./lib/lufa/LUFA/Drivers/USB/Core/AVR8/PipeStream_AVR8.o
LOAD .build/obj_ez_keyboard_default/./lib/lufa/LUFA/Drivers/USB/Core/AVR8/Pipe_AVR8.o
LOAD .build/obj_ez_keyboard_default/./lib/lufa/LUFA/Drivers/USB/Core/AVR8/USBController_AVR8.o
LOAD .build/obj_ez_keyboard_default/./lib/lufa/LUFA/Drivers/USB/Core/AVR8/USBInterrupt_AVR8.o
LOAD .build/obj_ez_keyboard_default/./lib/lufa/LUFA/Drivers/USB/Core/ConfigDescriptors.o
LOAD .build/obj_ez_keyboard_default/./lib/lufa/LUFA/Drivers/USB/Core/DeviceStandardReq.o
LOAD .build/obj_ez_keyboard_default/./lib/lufa/LUFA/Drivers/USB/Core/Events.o
LOAD .build/obj_ez_keyboard_default/./lib/lufa/LUFA/Drivers/USB/Core/HostStandardReq.o
LOAD .build/obj_ez_keyboard_default/./lib/lufa/LUFA/Drivers/USB/Core/USBTask.o
LOAD /usr/lib/gcc/avr/7.3.0/../../../../avr/lib/avr5/libm.a
START GROUP
LOAD /usr/lib/gcc/avr/7.3.0/avr5/libgcc.a
LOAD /usr/lib/gcc/avr/7.3.0/../../../../avr/lib/avr5/libm.a
LOAD /usr/lib/gcc/avr/7.3.0/../../../../avr/lib/avr5/libc.a
LOAD /usr/lib/gcc/avr/7.3.0/../../../../avr/lib/avr5/libatmega32u4.a
END GROUP
                0x0000000000020000                __TEXT_REGION_LENGTH__ = DEFINED (__TEXT_REGION_LENGTH__)?__TEXT_REGION_LENGTH__:0x20000
                0x000000000000ffa0                __DATA_REGION_LENGTH__ = DEFINED (__DATA_REGION_LENGTH__)?__DATA_REGION_LENGTH__:0xffa0
                0x0000000000010000                __EEPROM_REGION_LENGTH__ = DEFINED (__EEPROM_REGION_LENGTH__)?__EEPROM_REGION_LENGTH__:0x10000
                0x0000000000000400                __FUSE_REGION_LENGTH__ = DEFINED (__FUSE_REGION_LENGTH__)?__FUSE_REGION_LENGTH__:0x400
                0x0000000000000400                __LOCK_REGION_LENGTH__ = DEFINED (__LOCK_REGION_LENGTH__)?__LOCK_REGION_LENGTH__:0x400
                0x0000000000000400                __SIGNATURE_REGION_LENGTH__ = DEFINED (__SIGNATURE_REGION_LENGTH__)?__SIGNATURE_REGION_LENGTH__:0x400
                0x0000000000000400                __USER_SIGNATURE_REGION_LENGTH__ = DEFINED (__USER_SIGNATURE_REGION_LENGTH__)?__USER_SIGNATURE_REGION_LENGTH__:0x400

.hash
 *(.hash)

.dynsym
 *(.dynsym)

.dynstr
 *(.dynstr)

.gnu.version
 *(.gnu.version)

.gnu.version_d
 *(.gnu.version_d)

.gnu.version_r
 *(.gnu.version_r)

.rel.init
 *(.rel.init)

.rela.init
 *(.rela.init)

.rel.text
 *(.rel.text)
 *(.rel.text.*)
 *(.rel.gnu.linkonce.t*)

.rela.text
 *(.rela.text)
 *(.rela.text.*)
 *(.rela.gnu.linkonce.t*)

.rel.fini
 *(.rel.fini)

.rela.fini
 *(.rela.fini)

.rel.rodata
 *(.rel.rodata)
 *(.rel.rodata.*)
 *(.rel.gnu.linkonce.r*)

.rela.rodata
 *(.rela.rodata)
 *(.rela.rodata.*)
 *(.rela.gnu.linkonce.r*)

.rel.data
 *(.rel.data)
 *(.rel.data.*)
 *(.rel.gnu.linkonce.d*)

.rela.data
 *(.rela.data)
 *(.rela.data.*)
 *(.rela.gnu.linkonce.d*)

.rel.ctors
 *(.rel.ctors)

.rela.ctors
 *(.rela.ctors)

.rel.dtors
 *(.rel.dtors)

.rela.dtors
 *(.rela.dtors)

.rel.got
 *(.rel.got)

.rela.got
 *(.rela.got)

.rel.bss
 *(.rel.bss)

.rela.bss
 *(.rela.bss)

.rel.plt
 *(.rel.plt)

.rela.plt
 *(.rela.plt)

.text           0x0000000000000000     0x50ae
 *(.vectors)
 .vectors       0x0000000000000000       0xac /usr/lib/gcc/avr/7.3.0/../../../../avr/lib/avr5/crtatmega32u4.o
                0x0000000000000000                __vectors
                0x0000000000000000                __vector_default
 *(.vectors)
 *(.progmem.gcc*)
                0x00000000000000ac                . = ALIGN (0x2)
                0x00000000000000ac                __trampolines_start = .
 *(.trampolines)
 .trampolines   0x00000000000000ac        0x0 linker stubs
 *(.trampolines*)
                0x00000000000000ac                __trampolines_end = .
 *libprintf_flt.a:*(.progmem.data)
 *libc.a:*(.progmem.data)
 *(.progmem.*)
 .progmem.data.fn_actions
                0x00000000000000ac        0x0 .build/obj_ez_keyboard_default/keyboards/ez_keyboard/keymaps/default/keymap.o
                0x00000000000000ac                fn_actions
 .progmem.data.keymaps
                0x00000000000000ac      0x186 .build/obj_ez_keyboard_default/keyboards/ez_keyboard/keymaps/default/keymap.o
                0x00000000000000ac                keymaps
 .progmem.data.__c.3215
                0x0000000000000232       0x11 .build/obj_ez_keyboard_default/quantum/quantum.o
 .progmem.data.__c.1962
                0x0000000000000243        0x2 .build/obj_ez_keyboard_default/quantum/matrix.o
 .progmem.data.__c.1960
                0x0000000000000245        0x6 .build/obj_ez_keyboard_default/quantum/matrix.o
 .progmem.data.__c.1958
                0x000000000000024b        0x3 .build/obj_ez_keyboard_default/quantum/matrix.o
 .progmem.data.__c.1956
                0x000000000000024e        0x5 .build/obj_ez_keyboard_default/quantum/matrix.o
 .progmem.data.__c.1953
                0x0000000000000253       0x17 .build/obj_ez_keyboard_default/quantum/matrix.o
 .progmem.data.__c.2039
                0x000000000000026a        0x2 .build/obj_ez_keyboard_default/common/host.o
 .progmem.data.__c.2034
                0x000000000000026c        0x6 .build/obj_ez_keyboard_default/common/host.o
 .progmem.data.__c.2031
                0x0000000000000272       0x12 .build/obj_ez_keyboard_default/common/host.o
 .progmem.data.__c.2772
                0x0000000000000284        0x2 .build/obj_ez_keyboard_default/common/keyboard.o
 .progmem.data.__c.2770
                0x0000000000000286        0x5 .build/obj_ez_keyboard_default/common/keyboard.o
 .progmem.data.__c.2768
                0x000000000000028b       0x13 .build/obj_ez_keyboard_default/common/keyboard.o
 .progmem.data.__c.2115
                0x000000000000029e        0x3 .build/obj_ez_keyboard_default/common/mousekey.o
 .progmem.data.__c.2113
                0x00000000000002a1        0x3 .build/obj_ez_keyboard_default/common/mousekey.o
 .progmem.data.__c.2111
                0x00000000000002a4        0x2 .build/obj_ez_keyboard_default/common/mousekey.o
 .progmem.data.__c.2109
                0x00000000000002a6        0x3 .build/obj_ez_keyboard_default/common/mousekey.o
 .progmem.data.__c.2107
                0x00000000000002a9        0x3 .build/obj_ez_keyboard_default/common/mousekey.o
 .progmem.data.__c.2105
                0x00000000000002ac        0x3 .build/obj_ez_keyboard_default/common/mousekey.o
 .progmem.data.__c.2103
                0x00000000000002af        0x2 .build/obj_ez_keyboard_default/common/mousekey.o
 .progmem.data.__c.2101
                0x00000000000002b1        0x3 .build/obj_ez_keyboard_default/common/mousekey.o
 .progmem.data.__c.2099
                0x00000000000002b4        0x2 .build/obj_ez_keyboard_default/common/mousekey.o
 .progmem.data.__c.2097
                0x00000000000002b6        0x3 .build/obj_ez_keyboard_default/common/mousekey.o
 .progmem.data.__c.2095
                0x00000000000002b9        0x2 .build/obj_ez_keyboard_default/common/mousekey.o
 .progmem.data.__c.2093
                0x00000000000002bb        0x3 .build/obj_ez_keyboard_default/common/mousekey.o
 .progmem.data.__c.2091
                0x00000000000002be        0x2 .build/obj_ez_keyboard_default/common/mousekey.o
 .progmem.data.__c.2089
                0x00000000000002c0        0x5 .build/obj_ez_keyboard_default/common/mousekey.o
 .progmem.data.__c.2087
                0x00000000000002c5       0x23 .build/obj_ez_keyboard_default/common/mousekey.o
 .progmem.data.__c.3400
                0x00000000000002e8       0x1b .build/obj_ez_keyboard_default/common/command.o
 .progmem.data.__c.3397
                0x0000000000000303       0x19 .build/obj_ez_keyboard_default/common/command.o
 .progmem.data.__c.3394
                0x000000000000031c       0x15 .build/obj_ez_keyboard_default/common/command.o
 .progmem.data.__c.3391
                0x0000000000000331       0x13 .build/obj_ez_keyboard_default/common/command.o
 .progmem.data.__c.3388
                0x0000000000000344       0x12 .build/obj_ez_keyboard_default/common/command.o
 .progmem.data.__c.3384
                0x0000000000000356        0xf .build/obj_ez_keyboard_default/common/command.o
 .progmem.data.__c.3377
                0x0000000000000365       0x1b .build/obj_ez_keyboard_default/common/command.o
 .progmem.data.__c.3374
                0x0000000000000380       0x19 .build/obj_ez_keyboard_default/common/command.o
 .progmem.data.__c.3371
                0x0000000000000399       0x15 .build/obj_ez_keyboard_default/common/command.o
 .progmem.data.__c.3368
                0x00000000000003ae       0x13 .build/obj_ez_keyboard_default/common/command.o
 .progmem.data.__c.3365
                0x00000000000003c1       0x12 .build/obj_ez_keyboard_default/common/command.o
 .progmem.data.__c.3361
                0x00000000000003d3        0xf .build/obj_ez_keyboard_default/common/command.o
 .progmem.data.__c.3354
                0x00000000000003e2        0x2 .build/obj_ez_keyboard_default/common/command.o
 .progmem.data.__c.3352
                0x00000000000003e4        0x3 .build/obj_ez_keyboard_default/common/command.o
 .progmem.data.__c.3350
                0x00000000000003e7       0x17 .build/obj_ez_keyboard_default/common/command.o
 .progmem.data.__c.3348
                0x00000000000003fe        0x2 .build/obj_ez_keyboard_default/common/command.o
 .progmem.data.__c.3346
                0x0000000000000400        0x3 .build/obj_ez_keyboard_default/common/command.o
 .progmem.data.__c.3344
                0x0000000000000403       0x15 .build/obj_ez_keyboard_default/common/command.o
 .progmem.data.__c.3342
                0x0000000000000418        0x2 .build/obj_ez_keyboard_default/common/command.o
 .progmem.data.__c.3340
                0x000000000000041a        0x3 .build/obj_ez_keyboard_default/common/command.o
 .progmem.data.__c.3338
                0x000000000000041d       0x11 .build/obj_ez_keyboard_default/common/command.o
 .progmem.data.__c.3336
                0x000000000000042e        0x2 .build/obj_ez_keyboard_default/common/command.o
 .progmem.data.__c.3334
                0x0000000000000430        0x3 .build/obj_ez_keyboard_default/common/command.o
 .progmem.data.__c.3332
                0x0000000000000433        0xf .build/obj_ez_keyboard_default/common/command.o
 .progmem.data.__c.3330
                0x0000000000000442        0x2 .build/obj_ez_keyboard_default/common/command.o
 .progmem.data.__c.3328
                0x0000000000000444        0x3 .build/obj_ez_keyboard_default/common/command.o
 .progmem.data.__c.3326
                0x0000000000000447       0x12 .build/obj_ez_keyboard_default/common/command.o
 .progmem.data.__c.3324
                0x0000000000000459        0x2 .build/obj_ez_keyboard_default/common/command.o
 .progmem.data.__c.3322
                0x000000000000045b        0x3 .build/obj_ez_keyboard_default/common/command.o
 .progmem.data.__c.3320
                0x000000000000045e       0x12 .build/obj_ez_keyboard_default/common/command.o
 .progmem.data.__c.3318
                0x0000000000000470        0xe .build/obj_ez_keyboard_default/common/command.o
 .progmem.data.__c.3438
                0x000000000000047e        0x3 .build/obj_ez_keyboard_default/common/command.o
 .progmem.data.__c.3436
                0x0000000000000481        0x6 .build/obj_ez_keyboard_default/common/command.o
 .progmem.data.__c.3434
                0x0000000000000487        0x2 .build/obj_ez_keyboard_default/common/command.o
 .progmem.data.__c.3431
                0x0000000000000489        0xd .build/obj_ez_keyboard_default/common/command.o
 .progmem.data.__c.3417
                0x0000000000000496        0x4 .build/obj_ez_keyboard_default/common/command.o
 .progmem.data.__c.3407
                0x000000000000049a       0x4e .build/obj_ez_keyboard_default/common/command.o
 .progmem.data.__c.3405
                0x00000000000004e8       0xfb .build/obj_ez_keyboard_default/common/command.o
 .progmem.data.__c.3310
                0x00000000000005e3        0x2 .build/obj_ez_keyboard_default/common/command.o
 .progmem.data.__c.3307
                0x00000000000005e5        0x4 .build/obj_ez_keyboard_default/common/command.o
 .progmem.data.__c.3312
                0x00000000000005e9        0x4 .build/obj_ez_keyboard_default/common/command.o
 .progmem.data.__c.3456
                0x00000000000005ed        0x5 .build/obj_ez_keyboard_default/common/command.o
 .progmem.data.__c.3248
                0x00000000000005f2       0x17 .build/obj_ez_keyboard_default/common/command.o
 .progmem.data.__c.3246
                0x0000000000000609       0x13 .build/obj_ez_keyboard_default/common/command.o
 .progmem.data.__c.3244
                0x000000000000061c       0x17 .build/obj_ez_keyboard_default/common/command.o
 .progmem.data.__c.3242
                0x0000000000000633       0x1a .build/obj_ez_keyboard_default/common/command.o
 .progmem.data.__c.3240
                0x000000000000064d        0xe .build/obj_ez_keyboard_default/common/command.o
 .progmem.data.__c.3235
                0x000000000000065b       0x2b .build/obj_ez_keyboard_default/common/command.o
 .progmem.data.__c.3233
                0x0000000000000686       0x36 .build/obj_ez_keyboard_default/common/command.o
 .progmem.data.__c.3231
                0x00000000000006bc       0x2e .build/obj_ez_keyboard_default/common/command.o
 .progmem.data.__c.3229
                0x00000000000006ea       0x37 .build/obj_ez_keyboard_default/common/command.o
 .progmem.data.__c.3227
                0x0000000000000721       0x19 .build/obj_ez_keyboard_default/common/command.o
 .progmem.data.__c.3225
                0x000000000000073a        0xf .build/obj_ez_keyboard_default/common/command.o
 .progmem.data.__c.3296
                0x0000000000000749       0x27 .build/obj_ez_keyboard_default/common/command.o
 .progmem.data.__c.3220
                0x0000000000000770      0x18c .build/obj_ez_keyboard_default/common/command.o
 .progmem.data.__c.3291
                0x00000000000008fc        0x2 .build/obj_ez_keyboard_default/common/command.o
 .progmem.data.__c.3280
                0x00000000000008fe        0xd .build/obj_ez_keyboard_default/common/command.o
 .progmem.data.__c.3278
                0x000000000000090b        0xc .build/obj_ez_keyboard_default/common/command.o
 .progmem.data.__c.3275
                0x0000000000000917       0x10 .build/obj_ez_keyboard_default/common/command.o
 .progmem.data.__c.3273
                0x0000000000000927        0xf .build/obj_ez_keyboard_default/common/command.o
 .progmem.data.__c.3270
                0x0000000000000936        0xe .build/obj_ez_keyboard_default/common/command.o
 .progmem.data.__c.3268
                0x0000000000000944        0xd .build/obj_ez_keyboard_default/common/command.o
 .progmem.data.__c.3265
                0x0000000000000951        0xd .build/obj_ez_keyboard_default/common/command.o
 .progmem.data.__c.3263
                0x000000000000095e        0xc .build/obj_ez_keyboard_default/common/command.o
 .progmem.data.__c.3260
                0x000000000000096a       0x1c .build/obj_ez_keyboard_default/common/command.o
 .progmem.data.__c.3257
                0x0000000000000986        0x4 .build/obj_ez_keyboard_default/common/command.o
 .progmem.data.__c.5677
                0x000000000000098a        0x4 .build/obj_ez_keyboard_default/lufa.o
 .progmem.data.__c.5675
                0x000000000000098e       0x11 .build/obj_ez_keyboard_default/lufa.o
 .progmem.data.__c.5569
                0x000000000000099f        0x4 .build/obj_ez_keyboard_default/lufa.o
 .progmem.data.__c.5565
                0x00000000000009a3        0x4 .build/obj_ez_keyboard_default/lufa.o
 .progmem.data.__c.5561
                0x00000000000009a7        0x4 .build/obj_ez_keyboard_default/lufa.o
 .progmem.data.__c.5556
                0x00000000000009ab        0x4 .build/obj_ez_keyboard_default/lufa.o
 .progmem.data.__c.5551
                0x00000000000009af        0x4 .build/obj_ez_keyboard_default/lufa.o
 .progmem.data.SerialNumberString
                0x00000000000009b3        0x6 .build/obj_ez_keyboard_default/usb_descriptor.o
                0x00000000000009b3                SerialNumberString
 .progmem.data.ProductString
                0x00000000000009b9       0x1a .build/obj_ez_keyboard_default/usb_descriptor.o
                0x00000000000009b9                ProductString
 .progmem.data.ManufacturerString
                0x00000000000009d3        0xa .build/obj_ez_keyboard_default/usb_descriptor.o
                0x00000000000009d3                ManufacturerString
 .progmem.data.LanguageString
                0x00000000000009dd        0x4 .build/obj_ez_keyboard_default/usb_descriptor.o
                0x00000000000009dd                LanguageString
 .progmem.data.ConfigurationDescriptor
                0x00000000000009e1       0x74 .build/obj_ez_keyboard_default/usb_descriptor.o
                0x00000000000009e1                ConfigurationDescriptor
 .progmem.data.DeviceDescriptor
                0x0000000000000a55       0x12 .build/obj_ez_keyboard_default/usb_descriptor.o
                0x0000000000000a55                DeviceDescriptor
 .progmem.data.ConsoleReport
                0x0000000000000a67       0x22 .build/obj_ez_keyboard_default/usb_descriptor.o
                0x0000000000000a67                ConsoleReport
 .progmem.data.ExtrakeyReport
                0x0000000000000a89       0x36 .build/obj_ez_keyboard_default/usb_descriptor.o
                0x0000000000000a89                ExtrakeyReport
 .progmem.data.MouseReport
                0x0000000000000abf       0x4d .build/obj_ez_keyboard_default/usb_descriptor.o
                0x0000000000000abf                MouseReport
 .progmem.data.KeyboardReport
                0x0000000000000b0c       0x40 .build/obj_ez_keyboard_default/usb_descriptor.o
                0x0000000000000b0c                KeyboardReport
                0x0000000000000b4c                . = ALIGN (0x2)
 *(.lowtext)
 *(.lowtext*)
                0x0000000000000b4c                __ctors_start = .
 *(.ctors)
                0x0000000000000b4c                __ctors_end = .
                0x0000000000000b4c                __dtors_start = .
 *(.dtors)
                0x0000000000000b4c                __dtors_end = .
 SORT_BY_NAME(*)(.ctors)
 SORT_BY_NAME(*)(.dtors)
 *(.init0)
 .init0         0x0000000000000b4c        0x0 /usr/lib/gcc/avr/7.3.0/../../../../avr/lib/avr5/crtatmega32u4.o
                0x0000000000000b4c                __init
 *(.init0)
 *(.init1)
 *(.init1)
 *(.init2)
 .init2         0x0000000000000b4c        0xc /usr/lib/gcc/avr/7.3.0/../../../../avr/lib/avr5/crtatmega32u4.o
 *(.init2)
 *(.init3)
 .init3         0x0000000000000b58       0x54 .build/obj_ez_keyboard_default/common/avr/bootloader.o
                0x0000000000000b58                bootloader_jump_after_watchdog_reset
 *(.init3)
 *(.init4)
 .init4         0x0000000000000bac       0x16 /usr/lib/gcc/avr/7.3.0/avr5/libgcc.a(_copy_data.o)
                0x0000000000000bac                __do_copy_data
 .init4         0x0000000000000bc2       0x10 /usr/lib/gcc/avr/7.3.0/avr5/libgcc.a(_clear_bss.o)
                0x0000000000000bc2                __do_clear_bss
 *(.init4)
 *(.init5)
 *(.init5)
 *(.init6)
 *(.init6)
 *(.init7)
 *(.init7)
 *(.init8)
 *(.init8)
 *(.init9)
 .init9         0x0000000000000bd2        0x8 /usr/lib/gcc/avr/7.3.0/../../../../avr/lib/avr5/crtatmega32u4.o
 *(.init9)
 *(.text)
 .text          0x0000000000000bda        0x4 /usr/lib/gcc/avr/7.3.0/../../../../avr/lib/avr5/crtatmega32u4.o
                0x0000000000000bda                __vector_38
                0x0000000000000bda                __vector_22
                0x0000000000000bda                __vector_28
                0x0000000000000bda                __vector_1
                0x0000000000000bda                __vector_32
                0x0000000000000bda                __vector_34
                0x0000000000000bda                __vector_24
                0x0000000000000bda                __bad_interrupt
                0x0000000000000bda                __vector_6
                0x0000000000000bda                __vector_31
                0x0000000000000bda                __vector_35
                0x0000000000000bda                __vector_39
                0x0000000000000bda                __vector_3
                0x0000000000000bda                __vector_23
                0x0000000000000bda                __vector_30
                0x0000000000000bda                __vector_25
                0x0000000000000bda                __vector_13
                0x0000000000000bda                __vector_17
                0x0000000000000bda                __vector_19
                0x0000000000000bda                __vector_7
                0x0000000000000bda                __vector_41
                0x0000000000000bda                __vector_27
                0x0000000000000bda                __vector_5
                0x0000000000000bda                __vector_33
                0x0000000000000bda                __vector_37
                0x0000000000000bda                __vector_4
                0x0000000000000bda                __vector_9
                0x0000000000000bda                __vector_2
                0x0000000000000bda                __vector_15
                0x0000000000000bda                __vector_36
                0x0000000000000bda                __vector_29
                0x0000000000000bda                __vector_40
                0x0000000000000bda                __vector_8
                0x0000000000000bda                __vector_26
                0x0000000000000bda                __vector_14
                0x0000000000000bda                __vector_16
                0x0000000000000bda                __vector_18
                0x0000000000000bda                __vector_20
                0x0000000000000bda                __vector_42
 .text          0x0000000000000bde      0x15c .build/obj_ez_keyboard_default/common/avr/xprintf.o
                0x0000000000000bde                xputc
                0x0000000000000bf6                xputs
                0x0000000000000c04                xitoa
                0x0000000000000d28                __xprintf
                0x0000000000000d3a                . = ALIGN (0x2)
 *(.text.*)
 .text.matrix_init_kb
                0x0000000000000d3a        0x4 .build/obj_ez_keyboard_default/keyboards/ez_keyboard/ez_keyboard.o
                0x0000000000000d3a                matrix_init_kb
 .text.matrix_scan_kb
                0x0000000000000d3e        0x4 .build/obj_ez_keyboard_default/keyboards/ez_keyboard/ez_keyboard.o
                0x0000000000000d3e                matrix_scan_kb
 .text.process_record_kb
                0x0000000000000d42        0x4 .build/obj_ez_keyboard_default/keyboards/ez_keyboard/ez_keyboard.o
                0x0000000000000d42                process_record_kb
 .text.led_set_kb
                0x0000000000000d46        0x4 .build/obj_ez_keyboard_default/keyboards/ez_keyboard/ez_keyboard.o
                0x0000000000000d46                led_set_kb
 .text.action_get_macro
                0x0000000000000d4a       0x20 .build/obj_ez_keyboard_default/keyboards/ez_keyboard/keymaps/default/keymap.o
                0x0000000000000d4a                action_get_macro
 .text.matrix_init_user
                0x0000000000000d6a        0x2 .build/obj_ez_keyboard_default/keyboards/ez_keyboard/keymaps/default/keymap.o
                0x0000000000000d6a                matrix_init_user
 .text.matrix_scan_user
                0x0000000000000d6c        0x2 .build/obj_ez_keyboard_default/keyboards/ez_keyboard/keymaps/default/keymap.o
                0x0000000000000d6c                matrix_scan_user
 .text.process_record_user
                0x0000000000000d6e        0x4 .build/obj_ez_keyboard_default/keyboards/ez_keyboard/keymaps/default/keymap.o
                0x0000000000000d6e                process_record_user
 .text.led_set_user
                0x0000000000000d72        0x2 .build/obj_ez_keyboard_default/keyboards/ez_keyboard/keymaps/default/keymap.o
                0x0000000000000d72                led_set_user
 .text.process_action_kb
                0x0000000000000d74        0x4 .build/obj_ez_keyboard_default/quantum/quantum.o
                0x0000000000000d74                process_action_kb
 .text.reset_keyboard
                0x0000000000000d78       0x1a .build/obj_ez_keyboard_default/quantum/quantum.o
                0x0000000000000d78                reset_keyboard
 .text.process_record_quantum
                0x0000000000000d92      0x2fc .build/obj_ez_keyboard_default/quantum/quantum.o
                0x0000000000000d92                process_record_quantum
 .text.matrix_init_quantum
                0x000000000000108e        0x4 .build/obj_ez_keyboard_default/quantum/quantum.o
                0x000000000000108e                matrix_init_quantum
 .text.matrix_scan_quantum
                0x0000000000001092        0x4 .build/obj_ez_keyboard_default/quantum/quantum.o
                0x0000000000001092                matrix_scan_quantum
 .text.led_set  0x0000000000001096        0x4 .build/obj_ez_keyboard_default/quantum/quantum.o
                0x0000000000001096                led_set
 .text.action_function
                0x000000000000109a        0x2 .build/obj_ez_keyboard_default/quantum/keymap_common.o
                0x000000000000109a                action_function
 .text.keymap_key_to_keycode
                0x000000000000109c       0x28 .build/obj_ez_keyboard_default/quantum/keymap_common.o
                0x000000000000109c                keymap_key_to_keycode
 .text.keymap_function_id_to_action
                0x00000000000010c4       0x10 .build/obj_ez_keyboard_default/quantum/keymap_common.o
                0x00000000000010c4                keymap_function_id_to_action
 .text.action_for_key
                0x00000000000010d4      0x348 .build/obj_ez_keyboard_default/quantum/keymap_common.o
                0x00000000000010d4                action_for_key
 .text.keycode_config
                0x000000000000141c      0x100 .build/obj_ez_keyboard_default/quantum/keycode_config.o
                0x000000000000141c                keycode_config
 .text.mod_config
                0x000000000000151c       0x46 .build/obj_ez_keyboard_default/quantum/keycode_config.o
                0x000000000000151c                mod_config
 .text.leader_start
                0x0000000000001562        0x2 .build/obj_ez_keyboard_default/quantum/process_keycode/process_leader.o
                0x0000000000001562                leader_start
 .text.process_leader
                0x0000000000001564       0x9e .build/obj_ez_keyboard_default/quantum/process_keycode/process_leader.o
                0x0000000000001564                process_leader
 .text.matrix_init
                0x0000000000001602       0xd6 .build/obj_ez_keyboard_default/quantum/matrix.o
                0x0000000000001602                matrix_init
 .text.matrix_scan
                0x00000000000016d8      0x184 .build/obj_ez_keyboard_default/quantum/matrix.o
                0x00000000000016d8                matrix_scan
 .text.matrix_get_row
                0x000000000000185c       0x12 .build/obj_ez_keyboard_default/quantum/matrix.o
                0x000000000000185c                matrix_get_row
 .text.matrix_print
                0x000000000000186e       0x8e .build/obj_ez_keyboard_default/quantum/matrix.o
                0x000000000000186e                matrix_print
 .text.host_set_driver
                0x00000000000018fc        0xa .build/obj_ez_keyboard_default/common/host.o
                0x00000000000018fc                host_set_driver
 .text.host_keyboard_leds
                0x0000000000001906       0x18 .build/obj_ez_keyboard_default/common/host.o
                0x0000000000001906                host_keyboard_leds
 .text.host_keyboard_send
                0x000000000000191e       0x98 .build/obj_ez_keyboard_default/common/host.o
                0x000000000000191e                host_keyboard_send
 .text.host_mouse_send
                0x00000000000019b6       0x16 .build/obj_ez_keyboard_default/common/host.o
                0x00000000000019b6                host_mouse_send
 .text.host_system_send
                0x00000000000019cc       0x2c .build/obj_ez_keyboard_default/common/host.o
                0x00000000000019cc                host_system_send
 .text.host_consumer_send
                0x00000000000019f8       0x2c .build/obj_ez_keyboard_default/common/host.o
                0x00000000000019f8                host_consumer_send
 .text.matrix_setup
                0x0000000000001a24        0x2 .build/obj_ez_keyboard_default/common/keyboard.o
                0x0000000000001a24                matrix_setup
 .text.keyboard_setup
                0x0000000000001a26        0x4 .build/obj_ez_keyboard_default/common/keyboard.o
                0x0000000000001a26                keyboard_setup
 .text.is_keyboard_master
                0x0000000000001a2a        0x4 .build/obj_ez_keyboard_default/common/keyboard.o
                0x0000000000001a2a                is_keyboard_master
 .text.keyboard_init
                0x0000000000001a2e        0xc .build/obj_ez_keyboard_default/common/keyboard.o
                0x0000000000001a2e                keyboard_init
 .text.keyboard_set_leds
                0x0000000000001a3a       0x50 .build/obj_ez_keyboard_default/common/keyboard.o
                0x0000000000001a3a                keyboard_set_leds
 .text.keyboard_task
                0x0000000000001a8a      0x17e .build/obj_ez_keyboard_default/common/keyboard.o
                0x0000000000001a8a                keyboard_task
 .text.action_exec
                0x0000000000001c08       0x54 .build/obj_ez_keyboard_default/common/action.o
                0x0000000000001c08                action_exec
 .text.process_record_tap_hint
                0x0000000000001c5c        0xa .build/obj_ez_keyboard_default/common/action.o
                0x0000000000001c5c                process_record_tap_hint
 .text.register_code
                0x0000000000001c66      0x1b6 .build/obj_ez_keyboard_default/common/action.o
                0x0000000000001c66                register_code
 .text.unregister_code
                0x0000000000001e1c       0x9e .build/obj_ez_keyboard_default/common/action.o
                0x0000000000001e1c                unregister_code
 .text.register_mods
                0x0000000000001eba        0xe .build/obj_ez_keyboard_default/common/action.o
                0x0000000000001eba                register_mods
 .text.unregister_mods
                0x0000000000001ec8        0xe .build/obj_ez_keyboard_default/common/action.o
                0x0000000000001ec8                unregister_mods
 .text.process_action
                0x0000000000001ed6      0x504 .build/obj_ez_keyboard_default/common/action.o
                0x0000000000001ed6                process_action
 .text.process_record
                0x00000000000023da       0x62 .build/obj_ez_keyboard_default/common/action.o
                0x00000000000023da                process_record
 .text.clear_keyboard_but_mods
                0x000000000000243c       0x28 .build/obj_ez_keyboard_default/common/action.o
                0x000000000000243c                clear_keyboard_but_mods
 .text.clear_keyboard
                0x0000000000002464        0x8 .build/obj_ez_keyboard_default/common/action.o
                0x0000000000002464                clear_keyboard
 .text.is_tap_key
                0x000000000000246c       0x5e .build/obj_ez_keyboard_default/common/action.o
                0x000000000000246c                is_tap_key
 .text.debug_event
                0x00000000000024ca       0x1e .build/obj_ez_keyboard_default/common/action.o
                0x00000000000024ca                debug_event
 .text.debug_record
                0x00000000000024e8       0x20 .build/obj_ez_keyboard_default/common/action.o
                0x00000000000024e8                debug_record
 .text.debug_waiting_buffer
                0x0000000000002508       0x42 .build/obj_ez_keyboard_default/common/action_tapping.o
 .text.debug_tapping_key
                0x000000000000254a       0x1c .build/obj_ez_keyboard_default/common/action_tapping.o
 .text.waiting_buffer_scan_tap
                0x0000000000002566       0xd6 .build/obj_ez_keyboard_default/common/action_tapping.o
 .text.process_tapping
                0x000000000000263c      0x3a8 .build/obj_ez_keyboard_default/common/action_tapping.o
 .text.action_tapping_process
                0x00000000000029e4      0x152 .build/obj_ez_keyboard_default/common/action_tapping.o
                0x00000000000029e4                action_tapping_process
 .text.action_macro_play
                0x0000000000002b36       0xf0 .build/obj_ez_keyboard_default/common/action_macro.o
                0x0000000000002b36                action_macro_play
 .text.default_layer_state_set_kb
                0x0000000000002c26        0x2 .build/obj_ez_keyboard_default/common/action_layer.o
                0x0000000000002c26                default_layer_state_set_kb
 .text.default_layer_state_set
                0x0000000000002c28       0x18 .build/obj_ez_keyboard_default/common/action_layer.o
 .text.default_layer_debug
                0x0000000000002c40        0x2 .build/obj_ez_keyboard_default/common/action_layer.o
                0x0000000000002c40                default_layer_debug
 .text.default_layer_set
                0x0000000000002c42        0x4 .build/obj_ez_keyboard_default/common/action_layer.o
                0x0000000000002c42                default_layer_set
 .text.default_layer_or
                0x0000000000002c46       0x24 .build/obj_ez_keyboard_default/common/action_layer.o
                0x0000000000002c46                default_layer_or
 .text.default_layer_and
                0x0000000000002c6a       0x24 .build/obj_ez_keyboard_default/common/action_layer.o
                0x0000000000002c6a                default_layer_and
 .text.default_layer_xor
                0x0000000000002c8e       0x24 .build/obj_ez_keyboard_default/common/action_layer.o
                0x0000000000002c8e                default_layer_xor
 .text.layer_state_set_user
                0x0000000000002cb2        0x4 .build/obj_ez_keyboard_default/common/action_layer.o
                0x0000000000002cb2                layer_state_set_user
 .text.layer_state_set_kb
                0x0000000000002cb6        0x4 .build/obj_ez_keyboard_default/common/action_layer.o
                0x0000000000002cb6                layer_state_set_kb
 .text.layer_state_set
                0x0000000000002cba       0x18 .build/obj_ez_keyboard_default/common/action_layer.o
                0x0000000000002cba                layer_state_set
 .text.layer_clear
                0x0000000000002cd2        0xa .build/obj_ez_keyboard_default/common/action_layer.o
                0x0000000000002cd2                layer_clear
 .text.layer_move
                0x0000000000002cdc       0x2a .build/obj_ez_keyboard_default/common/action_layer.o
                0x0000000000002cdc                layer_move
 .text.layer_on
                0x0000000000002d06       0x42 .build/obj_ez_keyboard_default/common/action_layer.o
                0x0000000000002d06                layer_on
 .text.layer_off
                0x0000000000002d48       0x46 .build/obj_ez_keyboard_default/common/action_layer.o
                0x0000000000002d48                layer_off
 .text.layer_invert
                0x0000000000002d8e       0x42 .build/obj_ez_keyboard_default/common/action_layer.o
                0x0000000000002d8e                layer_invert
 .text.layer_or
                0x0000000000002dd0       0x24 .build/obj_ez_keyboard_default/common/action_layer.o
                0x0000000000002dd0                layer_or
 .text.layer_and
                0x0000000000002df4       0x24 .build/obj_ez_keyboard_default/common/action_layer.o
                0x0000000000002df4                layer_and
 .text.layer_xor
                0x0000000000002e18       0x24 .build/obj_ez_keyboard_default/common/action_layer.o
                0x0000000000002e18                layer_xor
 .text.layer_debug
                0x0000000000002e3c        0x2 .build/obj_ez_keyboard_default/common/action_layer.o
                0x0000000000002e3c                layer_debug
 .text.layer_switch_get_layer
                0x0000000000002e3e       0x84 .build/obj_ez_keyboard_default/common/action_layer.o
                0x0000000000002e3e                layer_switch_get_layer
 .text.layer_switch_get_action
                0x0000000000002ec2       0x14 .build/obj_ez_keyboard_default/common/action_layer.o
                0x0000000000002ec2                layer_switch_get_action
 .text.store_or_get_action
                0x0000000000002ed6        0x6 .build/obj_ez_keyboard_default/common/action_layer.o
                0x0000000000002ed6                store_or_get_action
 .text.add_key  0x0000000000002edc        0xe .build/obj_ez_keyboard_default/common/action_util.o
                0x0000000000002edc                add_key
 .text.del_key  0x0000000000002eea        0xe .build/obj_ez_keyboard_default/common/action_util.o
                0x0000000000002eea                del_key
 .text.clear_keys
                0x0000000000002ef8        0xc .build/obj_ez_keyboard_default/common/action_util.o
                0x0000000000002ef8                clear_keys
 .text.get_oneshot_layer
                0x0000000000002f04        0xc .build/obj_ez_keyboard_default/common/action_util.o
                0x0000000000002f04                get_oneshot_layer
 .text.get_oneshot_layer_state
                0x0000000000002f10        0x8 .build/obj_ez_keyboard_default/common/action_util.o
                0x0000000000002f10                get_oneshot_layer_state
 .text.set_oneshot_layer
                0x0000000000002f18       0x12 .build/obj_ez_keyboard_default/common/action_util.o
                0x0000000000002f18                set_oneshot_layer
 .text.clear_oneshot_layer_state
                0x0000000000002f2a       0x2c .build/obj_ez_keyboard_default/common/action_util.o
                0x0000000000002f2a                clear_oneshot_layer_state
 .text.is_oneshot_layer_active
                0x0000000000002f56        0xe .build/obj_ez_keyboard_default/common/action_util.o
                0x0000000000002f56                is_oneshot_layer_active
 .text.send_keyboard_report
                0x0000000000002f64       0x66 .build/obj_ez_keyboard_default/common/action_util.o
                0x0000000000002f64                send_keyboard_report
 .text.get_mods
                0x0000000000002fca        0x6 .build/obj_ez_keyboard_default/common/action_util.o
                0x0000000000002fca                get_mods
 .text.add_mods
                0x0000000000002fd0        0xc .build/obj_ez_keyboard_default/common/action_util.o
                0x0000000000002fd0                add_mods
 .text.del_mods
                0x0000000000002fdc       0x10 .build/obj_ez_keyboard_default/common/action_util.o
                0x0000000000002fdc                del_mods
 .text.clear_mods
                0x0000000000002fec        0x6 .build/obj_ez_keyboard_default/common/action_util.o
                0x0000000000002fec                clear_mods
 .text.add_weak_mods
                0x0000000000002ff2        0xc .build/obj_ez_keyboard_default/common/action_util.o
                0x0000000000002ff2                add_weak_mods
 .text.del_weak_mods
                0x0000000000002ffe       0x10 .build/obj_ez_keyboard_default/common/action_util.o
                0x0000000000002ffe                del_weak_mods
 .text.clear_weak_mods
                0x000000000000300e        0x6 .build/obj_ez_keyboard_default/common/action_util.o
                0x000000000000300e                clear_weak_mods
 .text.add_macro_mods
                0x0000000000003014        0xc .build/obj_ez_keyboard_default/common/action_util.o
                0x0000000000003014                add_macro_mods
 .text.del_macro_mods
                0x0000000000003020       0x10 .build/obj_ez_keyboard_default/common/action_util.o
                0x0000000000003020                del_macro_mods
 .text.clear_macro_mods
                0x0000000000003030        0x6 .build/obj_ez_keyboard_default/common/action_util.o
                0x0000000000003030                clear_macro_mods
 .text.set_oneshot_mods
                0x0000000000003036        0x6 .build/obj_ez_keyboard_default/common/action_util.o
                0x0000000000003036                set_oneshot_mods
 .text.clear_oneshot_mods
                0x000000000000303c        0x6 .build/obj_ez_keyboard_default/common/action_util.o
                0x000000000000303c                clear_oneshot_mods
 .text.print_set_sendchar
                0x0000000000003042        0xa .build/obj_ez_keyboard_default/common/print.o
                0x0000000000003042                print_set_sendchar
 .text.bitrev   0x000000000000304c       0x30 .build/obj_ez_keyboard_default/common/util.o
                0x000000000000304c                bitrev
 .text.bitrev16
                0x000000000000307c       0x1a .build/obj_ez_keyboard_default/common/util.o
                0x000000000000307c                bitrev16
 .text.eeconfig_init
                0x0000000000003096       0x34 .build/obj_ez_keyboard_default/common/eeconfig.o
                0x0000000000003096                eeconfig_init
 .text.eeconfig_is_enabled
                0x00000000000030ca       0x16 .build/obj_ez_keyboard_default/common/eeconfig.o
                0x00000000000030ca                eeconfig_is_enabled
 .text.eeconfig_read_debug
                0x00000000000030e0        0x8 .build/obj_ez_keyboard_default/common/eeconfig.o
                0x00000000000030e0                eeconfig_read_debug
 .text.eeconfig_read_default_layer
                0x00000000000030e8        0x8 .build/obj_ez_keyboard_default/common/eeconfig.o
                0x00000000000030e8                eeconfig_read_default_layer
 .text.eeconfig_read_keymap
                0x00000000000030f0        0x8 .build/obj_ez_keyboard_default/common/eeconfig.o
                0x00000000000030f0                eeconfig_read_keymap
 .text.eeconfig_update_keymap
                0x00000000000030f8        0xa .build/obj_ez_keyboard_default/common/eeconfig.o
                0x00000000000030f8                eeconfig_update_keymap
 .text.has_anykey
                0x0000000000003102       0x1a .build/obj_ez_keyboard_default/common/report.o
                0x0000000000003102                has_anykey
 .text.add_key_byte
                0x000000000000311c       0x34 .build/obj_ez_keyboard_default/common/report.o
                0x000000000000311c                add_key_byte
 .text.del_key_byte
                0x0000000000003150       0x1a .build/obj_ez_keyboard_default/common/report.o
                0x0000000000003150                del_key_byte
 .text.add_key_to_report
                0x000000000000316a        0x4 .build/obj_ez_keyboard_default/common/report.o
                0x000000000000316a                add_key_to_report
 .text.del_key_from_report
                0x000000000000316e        0x4 .build/obj_ez_keyboard_default/common/report.o
                0x000000000000316e                del_key_from_report
 .text.clear_keys_from_report
                0x0000000000003172       0x12 .build/obj_ez_keyboard_default/common/report.o
                0x0000000000003172                clear_keys_from_report
 .text.suspend_power_down
                0x0000000000003184       0x58 .build/obj_ez_keyboard_default/common/avr/suspend.o
                0x0000000000003184                suspend_power_down
 .text.matrix_power_up
                0x00000000000031dc        0x2 .build/obj_ez_keyboard_default/common/avr/suspend.o
                0x00000000000031dc                matrix_power_up
 .text.matrix_power_down
                0x00000000000031de        0x2 .build/obj_ez_keyboard_default/common/avr/suspend.o
                0x00000000000031de                matrix_power_down
 .text.suspend_wakeup_condition
                0x00000000000031e0       0x2a .build/obj_ez_keyboard_default/common/avr/suspend.o
                0x00000000000031e0                suspend_wakeup_condition
 .text.suspend_wakeup_init
                0x000000000000320a        0xc .build/obj_ez_keyboard_default/common/avr/suspend.o
                0x000000000000320a                suspend_wakeup_init
 .text.__vector_12
                0x0000000000003216       0x52 .build/obj_ez_keyboard_default/common/avr/suspend.o
                0x0000000000003216                __vector_12
 .text.timer_init
                0x0000000000003268       0x12 .build/obj_ez_keyboard_default/common/avr/timer.o
                0x0000000000003268                timer_init
 .text.timer_read
                0x000000000000327a       0x18 .build/obj_ez_keyboard_default/common/avr/timer.o
                0x000000000000327a                timer_read
 .text.timer_read32
                0x0000000000003292       0x18 .build/obj_ez_keyboard_default/common/avr/timer.o
                0x0000000000003292                timer_read32
 .text.timer_elapsed
                0x00000000000032aa       0x54 .build/obj_ez_keyboard_default/common/avr/timer.o
                0x00000000000032aa                timer_elapsed
 .text.__vector_21
                0x00000000000032fe       0x4c .build/obj_ez_keyboard_default/common/avr/timer.o
                0x00000000000032fe                __vector_21
 .text.bootloader_jump
                0x000000000000334a       0x48 .build/obj_ez_keyboard_default/common/avr/bootloader.o
                0x000000000000334a                bootloader_jump
 .text.magic    0x0000000000003392       0x32 .build/obj_ez_keyboard_default/common/magic.o
                0x0000000000003392                magic
 .text.move_unit
                0x00000000000033c4       0x94 .build/obj_ez_keyboard_default/common/mousekey.o
 .text.wheel_unit
                0x0000000000003458       0x72 .build/obj_ez_keyboard_default/common/mousekey.o
 .text.mousekey_on
                0x00000000000034ca       0xd0 .build/obj_ez_keyboard_default/common/mousekey.o
                0x00000000000034ca                mousekey_on
 .text.mousekey_off
                0x000000000000359a      0x108 .build/obj_ez_keyboard_default/common/mousekey.o
                0x000000000000359a                mousekey_off
 .text.mousekey_send
                0x00000000000036a2      0x11a .build/obj_ez_keyboard_default/common/mousekey.o
                0x00000000000036a2                mousekey_send
 .text.mousekey_task
                0x00000000000037bc      0x116 .build/obj_ez_keyboard_default/common/mousekey.o
                0x00000000000037bc                mousekey_task
 .text.mousekey_clear
                0x00000000000038d2       0x18 .build/obj_ez_keyboard_default/common/mousekey.o
                0x00000000000038d2                mousekey_clear
 .text.mousekey_console_help
                0x00000000000038ea       0x2e .build/obj_ez_keyboard_default/common/command.o
 .text.mousekey_param_inc
                0x0000000000003918      0x148 .build/obj_ez_keyboard_default/common/command.o
 .text.mousekey_param_dec
                0x0000000000003a60       0xfe .build/obj_ez_keyboard_default/common/command.o
 .text.switch_default_layer
                0x0000000000003b5e       0x3c .build/obj_ez_keyboard_default/common/command.o
 .text.command_common
                0x0000000000003b9a      0x206 .build/obj_ez_keyboard_default/common/command.o
 .text.command_extra
                0x0000000000003da0        0x4 .build/obj_ez_keyboard_default/common/command.o
                0x0000000000003da0                command_extra
 .text.command_console_extra
                0x0000000000003da4        0x4 .build/obj_ez_keyboard_default/common/command.o
                0x0000000000003da4                command_console_extra
 .text.numkey2num
                0x0000000000003da8       0x16 .build/obj_ez_keyboard_default/common/command.o
                0x0000000000003da8                numkey2num
 .text.command_proc
                0x0000000000003dbe      0x290 .build/obj_ez_keyboard_default/common/command.o
                0x0000000000003dbe                command_proc
 .text.keyboard_leds
                0x000000000000404e        0x6 .build/obj_ez_keyboard_default/lufa.o
 .text.sendchar
                0x0000000000004054       0xc6 .build/obj_ez_keyboard_default/lufa.o
                0x0000000000004054                sendchar
 .text.send_consumer
                0x000000000000411a       0x74 .build/obj_ez_keyboard_default/lufa.o
 .text.send_system
                0x000000000000418e       0x6c .build/obj_ez_keyboard_default/lufa.o
 .text.send_mouse
                0x00000000000041fa       0x56 .build/obj_ez_keyboard_default/lufa.o
 .text.send_keyboard
                0x0000000000004250       0x66 .build/obj_ez_keyboard_default/lufa.o
 .text.EVENT_USB_Device_Connect
                0x00000000000042b6       0x24 .build/obj_ez_keyboard_default/lufa.o
                0x00000000000042b6                EVENT_USB_Device_Connect
 .text.EVENT_USB_Device_Disconnect
                0x00000000000042da        0xe .build/obj_ez_keyboard_default/lufa.o
                0x00000000000042da                EVENT_USB_Device_Disconnect
 .text.EVENT_USB_Device_Reset
                0x00000000000042e8        0x8 .build/obj_ez_keyboard_default/lufa.o
                0x00000000000042e8                EVENT_USB_Device_Reset
 .text.EVENT_USB_Device_Suspend
                0x00000000000042f0        0x8 .build/obj_ez_keyboard_default/lufa.o
                0x00000000000042f0                EVENT_USB_Device_Suspend
 .text.EVENT_USB_Device_WakeUp
                0x00000000000042f8        0xc .build/obj_ez_keyboard_default/lufa.o
                0x00000000000042f8                EVENT_USB_Device_WakeUp
 .text.EVENT_USB_Device_StartOfFrame
                0x0000000000004304       0x84 .build/obj_ez_keyboard_default/lufa.o
                0x0000000000004304                EVENT_USB_Device_StartOfFrame
 .text.EVENT_USB_Device_ConfigurationChanged
                0x0000000000004388       0x28 .build/obj_ez_keyboard_default/lufa.o
                0x0000000000004388                EVENT_USB_Device_ConfigurationChanged
 .text.EVENT_USB_Device_ControlRequest
                0x00000000000043b0      0x154 .build/obj_ez_keyboard_default/lufa.o
                0x00000000000043b0                EVENT_USB_Device_ControlRequest
 .text.startup.main
                0x0000000000004504       0x8e .build/obj_ez_keyboard_default/lufa.o
                0x0000000000004504                main
 .text.CALLBACK_USB_GetDescriptor
                0x0000000000004592        0x4 .build/obj_ez_keyboard_default/lufa.o
                0x0000000000004592                CALLBACK_USB_GetDescriptor
 .text.get_usb_descriptor
                0x0000000000004596       0xb6 .build/obj_ez_keyboard_default/usb_descriptor.o
                0x0000000000004596                get_usb_descriptor
 .text.set_output_user
                0x000000000000464c        0x2 .build/obj_ez_keyboard_default/outputselect.o
                0x000000000000464c                set_output_user
 .text.set_output
                0x000000000000464e       0x10 .build/obj_ez_keyboard_default/outputselect.o
                0x000000000000464e                set_output
 .text.auto_detect_output
                0x000000000000465e       0x10 .build/obj_ez_keyboard_default/outputselect.o
                0x000000000000465e                auto_detect_output
 .text.where_to_send
                0x000000000000466e        0xe .build/obj_ez_keyboard_default/outputselect.o
                0x000000000000466e                where_to_send
 .text.USB_Device_SendRemoteWakeup
                0x000000000000467c       0x2c .build/obj_ez_keyboard_default/./lib/lufa/LUFA/Drivers/USB/Core/AVR8/Device_AVR8.o
                0x000000000000467c                USB_Device_SendRemoteWakeup
 .text.Endpoint_Write_Stream_LE
                0x00000000000046a8       0x9e .build/obj_ez_keyboard_default/./lib/lufa/LUFA/Drivers/USB/Core/AVR8/EndpointStream_AVR8.o
                0x00000000000046a8                Endpoint_Write_Stream_LE
 .text.Endpoint_Write_Control_Stream_LE
                0x0000000000004746       0xbe .build/obj_ez_keyboard_default/./lib/lufa/LUFA/Drivers/USB/Core/AVR8/EndpointStream_AVR8.o
                0x0000000000004746                Endpoint_Write_Control_Stream_LE
 .text.Endpoint_Write_Control_PStream_LE
                0x0000000000004804       0xc0 .build/obj_ez_keyboard_default/./lib/lufa/LUFA/Drivers/USB/Core/AVR8/EndpointStream_AVR8.o
                0x0000000000004804                Endpoint_Write_Control_PStream_LE
 .text.Endpoint_ConfigureEndpoint_Prv
                0x00000000000048c4       0x68 .build/obj_ez_keyboard_default/./lib/lufa/LUFA/Drivers/USB/Core/AVR8/Endpoint_AVR8.o
                0x00000000000048c4                Endpoint_ConfigureEndpoint_Prv
 .text.Endpoint_ClearStatusStage
                0x000000000000492c       0x3e .build/obj_ez_keyboard_default/./lib/lufa/LUFA/Drivers/USB/Core/AVR8/Endpoint_AVR8.o
                0x000000000000492c                Endpoint_ClearStatusStage
 .text.Endpoint_WaitUntilReady
                0x000000000000496a       0x5e .build/obj_ez_keyboard_default/./lib/lufa/LUFA/Drivers/USB/Core/AVR8/Endpoint_AVR8.o
                0x000000000000496a                Endpoint_WaitUntilReady
 .text.USB_Disable
                0x00000000000049c8       0x34 .build/obj_ez_keyboard_default/./lib/lufa/LUFA/Drivers/USB/Core/AVR8/USBController_AVR8.o
                0x00000000000049c8                USB_Disable
 .text.USB_ResetInterface
                0x00000000000049fc       0x86 .build/obj_ez_keyboard_default/./lib/lufa/LUFA/Drivers/USB/Core/AVR8/USBController_AVR8.o
                0x00000000000049fc                USB_ResetInterface
 .text.USB_Init
                0x0000000000004a82       0x22 .build/obj_ez_keyboard_default/./lib/lufa/LUFA/Drivers/USB/Core/AVR8/USBController_AVR8.o
                0x0000000000004a82                USB_Init
 .text.USB_INT_DisableAllInterrupts
                0x0000000000004aa4       0x10 .build/obj_ez_keyboard_default/./lib/lufa/LUFA/Drivers/USB/Core/AVR8/USBInterrupt_AVR8.o
                0x0000000000004aa4                USB_INT_DisableAllInterrupts
 .text.USB_INT_ClearAllInterrupts
                0x0000000000004ab4        0xa .build/obj_ez_keyboard_default/./lib/lufa/LUFA/Drivers/USB/Core/AVR8/USBInterrupt_AVR8.o
                0x0000000000004ab4                USB_INT_ClearAllInterrupts
 .text.__vector_10
                0x0000000000004abe      0x1a6 .build/obj_ez_keyboard_default/./lib/lufa/LUFA/Drivers/USB/Core/AVR8/USBInterrupt_AVR8.o
                0x0000000000004abe                __vector_10
 .text.__vector_11
                0x0000000000004c64       0x78 .build/obj_ez_keyboard_default/./lib/lufa/LUFA/Drivers/USB/Core/AVR8/USBInterrupt_AVR8.o
                0x0000000000004c64                __vector_11
 .text.USB_Device_ProcessControlRequest
                0x0000000000004cdc      0x2b6 .build/obj_ez_keyboard_default/./lib/lufa/LUFA/Drivers/USB/Core/DeviceStandardReq.o
                0x0000000000004cdc                USB_Device_ProcessControlRequest
 .text.USB_USBTask
                0x0000000000004f92       0x38 .build/obj_ez_keyboard_default/./lib/lufa/LUFA/Drivers/USB/Core/USBTask.o
                0x0000000000004f92                USB_USBTask
 .text.libgcc.div
                0x0000000000004fca       0x18 /usr/lib/gcc/avr/7.3.0/avr5/libgcc.a(_udivmodqi4.o)
                0x0000000000004fca                __udivmodqi4
 .text.libgcc.div
                0x0000000000004fe2       0x28 /usr/lib/gcc/avr/7.3.0/avr5/libgcc.a(_divmodhi4.o)
                0x0000000000004fe2                __divmodhi4
                0x0000000000004fe2                _div
 .text.libgcc   0x000000000000500a        0xc /usr/lib/gcc/avr/7.3.0/avr5/libgcc.a(_tablejump2.o)
                0x000000000000500a                __tablejump2__
 .text.libgcc.div
                0x0000000000005016       0x28 /usr/lib/gcc/avr/7.3.0/avr5/libgcc.a(_udivmodhi4.o)
                0x0000000000005016                __udivmodhi4
 .text.avr-libc
                0x000000000000503e       0x10 /usr/lib/gcc/avr/7.3.0/../../../../avr/lib/avr5/libatmega32u4.a(eerd_byte.o)
                0x000000000000503e                eeprom_read_byte
 .text.avr-libc
                0x000000000000504e        0xc /usr/lib/gcc/avr/7.3.0/../../../../avr/lib/avr5/libatmega32u4.a(eerd_word.o)
                0x000000000000504e                eeprom_read_word
 .text.avr-libc
                0x000000000000505a       0x24 /usr/lib/gcc/avr/7.3.0/../../../../avr/lib/avr5/libatmega32u4.a(eeupd_byte.o)
                0x000000000000505a                eeprom_update_byte
                0x000000000000505c                eeprom_update_r18
 .text.avr-libc
                0x000000000000507e        0xc /usr/lib/gcc/avr/7.3.0/../../../../avr/lib/avr5/libatmega32u4.a(eeupd_word.o)
                0x000000000000507e                eeprom_update_word
 .text.avr-libc
                0x000000000000508a       0x20 /usr/lib/gcc/avr/7.3.0/../../../../avr/lib/avr5/libatmega32u4.a(eerd_block.o)
                0x000000000000508a                eeprom_read_block
                0x000000000000508e                eeprom_read_blraw
                0x00000000000050aa                . = ALIGN (0x2)
 *(.fini9)
 .fini9         0x00000000000050aa        0x0 /usr/lib/gcc/avr/7.3.0/avr5/libgcc.a(_exit.o)
                0x00000000000050aa                exit
                0x00000000000050aa                _exit
 *(.fini9)
 *(.fini8)
 *(.fini8)
 *(.fini7)
 *(.fini7)
 *(.fini6)
 *(.fini6)
 *(.fini5)
 *(.fini5)
 *(.fini4)
 *(.fini4)
 *(.fini3)
 *(.fini3)
 *(.fini2)
 *(.fini2)
 *(.fini1)
 *(.fini1)
 *(.fini0)
 .fini0         0x00000000000050aa        0x4 /usr/lib/gcc/avr/7.3.0/avr5/libgcc.a(_exit.o)
 *(.fini0)
 *(.hightext)
 *(.hightext*)
 *(.progmemx.*)
                0x00000000000050ae                . = ALIGN (0x2)
 *(.jumptables)
 *(.jumptables*)
                0x00000000000050ae                _etext = .

.data           0x0000000000800100       0x44 load address 0x00000000000050ae
                0x0000000000800100                PROVIDE (__data_start = .)
 *(.data)
 *(.data*)
 .data.keyboard_report
                0x0000000000800100        0x2 .build/obj_ez_keyboard_default/common/action_util.o
                0x0000000000800100                keyboard_report
 .data.mk_wheel_time_to_max
                0x0000000000800102        0x1 .build/obj_ez_keyboard_default/common/mousekey.o
                0x0000000000800102                mk_wheel_time_to_max
 .data.mk_wheel_max_speed
                0x0000000000800103        0x1 .build/obj_ez_keyboard_default/common/mousekey.o
                0x0000000000800103                mk_wheel_max_speed
 .data.mk_time_to_max
                0x0000000000800104        0x1 .build/obj_ez_keyboard_default/common/mousekey.o
                0x0000000000800104                mk_time_to_max
 .data.mk_max_speed
                0x0000000000800105        0x1 .build/obj_ez_keyboard_default/common/mousekey.o
                0x0000000000800105                mk_max_speed
 .data.mk_interval
                0x0000000000800106        0x1 .build/obj_ez_keyboard_default/common/mousekey.o
                0x0000000000800106                mk_interval
 .data.mk_delay
                0x0000000000800107        0x1 .build/obj_ez_keyboard_default/common/mousekey.o
                0x0000000000800107                mk_delay
 .data.lufa_driver
                0x0000000000800108        0xa .build/obj_ez_keyboard_default/lufa.o
                0x0000000000800108                lufa_driver
 .data.keyboard_protocol
                0x0000000000800112        0x1 .build/obj_ez_keyboard_default/lufa.o
                0x0000000000800112                keyboard_protocol
 *(.gnu.linkonce.d*)
 *(.rodata)
 *(.rodata*)
 .rodata.col_pins
                0x0000000000800113        0xd .build/obj_ez_keyboard_default/quantum/matrix.o
 .rodata.row_pins
                0x0000000000800120        0x5 .build/obj_ez_keyboard_default/quantum/matrix.o
 .rodata.CSWTCH.72
                0x0000000000800125        0xa .build/obj_ez_keyboard_default/common/command.o
 .rodata.CSWTCH.3
                0x000000000080012f        0x4 .build/obj_ez_keyboard_default/usb_descriptor.o
 .rodata.CSWTCH.2
                0x0000000000800133        0x8 .build/obj_ez_keyboard_default/usb_descriptor.o
 .rodata.CSWTCH.1
                0x000000000080013b        0x8 .build/obj_ez_keyboard_default/usb_descriptor.o
 *(.gnu.linkonce.r*)
                0x0000000000800144                . = ALIGN (0x2)
 *fill*         0x0000000000800143        0x1 
                0x0000000000800144                _edata = .
                0x0000000000800144                PROVIDE (__data_end = .)

.bss            0x0000000000800144       0xbc
                0x0000000000800144                PROVIDE (__bss_start = .)
 *(.bss)
 .bss           0x0000000000800144        0x2 .build/obj_ez_keyboard_default/common/avr/xprintf.o
                0x0000000000800144                xfunc_out
 *(.bss*)
 .bss.grave_esc_was_shifted
                0x0000000000800146        0x1 .build/obj_ez_keyboard_default/quantum/quantum.o
 .bss.scs_timer
                0x0000000000800147        0x4 .build/obj_ez_keyboard_default/quantum/quantum.o
 .bss.shift_interrupted
                0x000000000080014b        0x2 .build/obj_ez_keyboard_default/quantum/quantum.o
 .bss.leader_sequence_size
                0x000000000080014d        0x1 .build/obj_ez_keyboard_default/quantum/process_keycode/process_leader.o
                0x000000000080014d                leader_sequence_size
 .bss.leader_sequence
                0x000000000080014e        0xa .build/obj_ez_keyboard_default/quantum/process_keycode/process_leader.o
                0x000000000080014e                leader_sequence
 .bss.leader_time
                0x0000000000800158        0x2 .build/obj_ez_keyboard_default/quantum/process_keycode/process_leader.o
                0x0000000000800158                leader_time
 .bss.leading   0x000000000080015a        0x1 .build/obj_ez_keyboard_default/quantum/process_keycode/process_leader.o
                0x000000000080015a                leading
 .bss.matrix_debouncing
                0x000000000080015b        0xa .build/obj_ez_keyboard_default/quantum/matrix.o
 .bss.matrix    0x0000000000800165        0xa .build/obj_ez_keyboard_default/quantum/matrix.o
 .bss.debouncing
                0x000000000080016f        0x1 .build/obj_ez_keyboard_default/quantum/matrix.o
 .bss.debouncing_time
                0x0000000000800170        0x2 .build/obj_ez_keyboard_default/quantum/matrix.o
 .bss.last_consumer_report
                0x0000000000800172        0x2 .build/obj_ez_keyboard_default/common/host.o
 .bss.last_system_report
                0x0000000000800174        0x2 .build/obj_ez_keyboard_default/common/host.o
 .bss.driver    0x0000000000800176        0x2 .build/obj_ez_keyboard_default/common/host.o
 .bss.led_status.2749
                0x0000000000800178        0x1 .build/obj_ez_keyboard_default/common/keyboard.o
 .bss.matrix_prev.2748
                0x0000000000800179        0xa .build/obj_ez_keyboard_default/common/keyboard.o
 .bss.waiting_buffer_tail
                0x0000000000800183        0x1 .build/obj_ez_keyboard_default/common/action_tapping.o
 .bss.waiting_buffer_head
                0x0000000000800184        0x1 .build/obj_ez_keyboard_default/common/action_tapping.o
 .bss.waiting_buffer
                0x0000000000800185       0x30 .build/obj_ez_keyboard_default/common/action_tapping.o
 .bss.tapping_key
                0x00000000008001b5        0x6 .build/obj_ez_keyboard_default/common/action_tapping.o
 .bss.layer_state
                0x00000000008001bb        0x4 .build/obj_ez_keyboard_default/common/action_layer.o
                0x00000000008001bb                layer_state
 .bss.default_layer_state
                0x00000000008001bf        0x4 .build/obj_ez_keyboard_default/common/action_layer.o
                0x00000000008001bf                default_layer_state
 .bss.oneshot_layer_data
                0x00000000008001c3        0x1 .build/obj_ez_keyboard_default/common/action_util.o
 .bss.oneshot_mods
                0x00000000008001c4        0x1 .build/obj_ez_keyboard_default/common/action_util.o
 .bss.__compound_literal.0
                0x00000000008001c5        0x8 .build/obj_ez_keyboard_default/common/action_util.o
 .bss.macro_mods
                0x00000000008001cd        0x1 .build/obj_ez_keyboard_default/common/action_util.o
 .bss.weak_mods
                0x00000000008001ce        0x1 .build/obj_ez_keyboard_default/common/action_util.o
 .bss.real_mods
                0x00000000008001cf        0x1 .build/obj_ez_keyboard_default/common/action_util.o
 .bss.debug_config
                0x00000000008001d0        0x1 .build/obj_ez_keyboard_default/common/debug.o
                0x00000000008001d0                debug_config
 .bss.wdt_timeout
                0x00000000008001d1        0x1 .build/obj_ez_keyboard_default/common/avr/suspend.o
 .bss.last_timer
                0x00000000008001d2        0x2 .build/obj_ez_keyboard_default/common/mousekey.o
 .bss.mousekey_accel
                0x00000000008001d4        0x1 .build/obj_ez_keyboard_default/common/mousekey.o
 .bss.mousekey_repeat
                0x00000000008001d5        0x1 .build/obj_ez_keyboard_default/common/mousekey.o
 .bss.mouse_report
                0x00000000008001d6        0x5 .build/obj_ez_keyboard_default/common/mousekey.o
 .bss.mousekey_param
                0x00000000008001db        0x1 .build/obj_ez_keyboard_default/common/command.o
 .bss.command_state
                0x00000000008001dc        0x1 .build/obj_ez_keyboard_default/common/command.o
                0x00000000008001dc                command_state
 .bss.timeouted.5644
                0x00000000008001dd        0x1 .build/obj_ez_keyboard_default/lufa.o
 .bss.count.5575
                0x00000000008001de        0x1 .build/obj_ez_keyboard_default/lufa.o
 .bss.console_flush
                0x00000000008001df        0x1 .build/obj_ez_keyboard_default/lufa.o
 .bss.keyboard_report_sent
                0x00000000008001e0        0x8 .build/obj_ez_keyboard_default/lufa.o
 .bss.keyboard_led_stats
                0x00000000008001e8        0x1 .build/obj_ez_keyboard_default/lufa.o
 .bss.keyboard_idle
                0x00000000008001e9        0x1 .build/obj_ez_keyboard_default/lufa.o
                0x00000000008001e9                keyboard_idle
 .bss.desired_output
                0x00000000008001ea        0x1 .build/obj_ez_keyboard_default/outputselect.o
                0x00000000008001ea                desired_output
 *(COMMON)
 COMMON         0x00000000008001eb        0x2 .build/obj_ez_keyboard_default/common/action.o
                0x00000000008001eb                tp_buttons
 COMMON         0x00000000008001ed        0x4 .build/obj_ez_keyboard_default/common/avr/timer.o
                0x00000000008001ed                timer_count
 COMMON         0x00000000008001f1        0x2 .build/obj_ez_keyboard_default/common/magic.o
                0x00000000008001f1                keymap_config
 COMMON         0x00000000008001f3        0x3 .build/obj_ez_keyboard_default/./lib/lufa/LUFA/Drivers/USB/Core/DeviceStandardReq.o
                0x00000000008001f3                USB_Device_ConfigurationNumber
                0x00000000008001f4                USB_Device_CurrentlySelfPowered
                0x00000000008001f5                USB_Device_RemoteWakeupEnabled
 COMMON         0x00000000008001f6        0xa .build/obj_ez_keyboard_default/./lib/lufa/LUFA/Drivers/USB/Core/USBTask.o
                0x00000000008001f6                USB_IsInitialized
                0x00000000008001f7                USB_DeviceState
                0x00000000008001f8                USB_ControlRequest
                0x0000000000800200                PROVIDE (__bss_end = .)
                0x00000000000050ae                __data_load_start = LOADADDR (.data)
                0x00000000000050f2                __data_load_end = (__data_load_start + SIZEOF (.data))

.noinit         0x0000000000800200        0x4
                [!provide]                        PROVIDE (__noinit_start = .)
 *(.noinit*)
 .noinit        0x0000000000800200        0x4 .build/obj_ez_keyboard_default/common/avr/bootloader.o
                0x0000000000800200                reset_key
                [!provide]                        PROVIDE (__noinit_end = .)
                0x0000000000800204                _end = .
                [!provide]                        PROVIDE (__heap_start = .)

.eeprom         0x0000000000810000        0x0
 *(.eeprom*)
                0x0000000000810000                __eeprom_end = .

.fuse
 *(.fuse)
 *(.lfuse)
 *(.hfuse)
 *(.efuse)

.lock
 *(.lock*)

.signature
 *(.signature*)

.stab           0x0000000000000000      0x8b8
 *(.stab)
 .stab          0x0000000000000000      0x8b8 .build/obj_ez_keyboard_default/common/avr/xprintf.o

.stabstr        0x0000000000000000       0x73
 *(.stabstr)
 .stabstr       0x0000000000000000       0x73 .build/obj_ez_keyboard_default/common/avr/xprintf.o

.stab.excl
 *(.stab.excl)

.stab.exclstr
 *(.stab.exclstr)

.stab.index
 *(.stab.index)

.stab.indexstr
 *(.stab.indexstr)

.comment        0x0000000000000000       0x11
 *(.comment)
 .comment       0x0000000000000000       0x11 .build/obj_ez_keyboard_default/keyboards/ez_keyboard/ez_keyboard.o
                                         0x12 (size before relaxing)
 .comment       0x0000000000000011       0x12 .build/obj_ez_keyboard_default/keyboards/ez_keyboard/keymaps/default/keymap.o
 .comment       0x0000000000000011       0x12 .build/obj_ez_keyboard_default/quantum/quantum.o
 .comment       0x0000000000000011       0x12 .build/obj_ez_keyboard_default/quantum/keymap_common.o
 .comment       0x0000000000000011       0x12 .build/obj_ez_keyboard_default/quantum/keycode_config.o
 .comment       0x0000000000000011       0x12 .build/obj_ez_keyboard_default/quantum/process_keycode/process_leader.o
 .comment       0x0000000000000011       0x12 .build/obj_ez_keyboard_default/quantum/matrix.o
 .comment       0x0000000000000011       0x12 .build/obj_ez_keyboard_default/common/host.o
 .comment       0x0000000000000011       0x12 .build/obj_ez_keyboard_default/common/keyboard.o
 .comment       0x0000000000000011       0x12 .build/obj_ez_keyboard_default/common/action.o
 .comment       0x0000000000000011       0x12 .build/obj_ez_keyboard_default/common/action_tapping.o
 .comment       0x0000000000000011       0x12 .build/obj_ez_keyboard_default/common/action_macro.o
 .comment       0x0000000000000011       0x12 .build/obj_ez_keyboard_default/common/action_layer.o
 .comment       0x0000000000000011       0x12 .build/obj_ez_keyboard_default/common/action_util.o
 .comment       0x0000000000000011       0x12 .build/obj_ez_keyboard_default/common/print.o
 .comment       0x0000000000000011       0x12 .build/obj_ez_keyboard_default/common/debug.o
 .comment       0x0000000000000011       0x12 .build/obj_ez_keyboard_default/common/util.o
 .comment       0x0000000000000011       0x12 .build/obj_ez_keyboard_default/common/eeconfig.o
 .comment       0x0000000000000011       0x12 .build/obj_ez_keyboard_default/common/report.o
 .comment       0x0000000000000011       0x12 .build/obj_ez_keyboard_default/common/avr/suspend.o
 .comment       0x0000000000000011       0x12 .build/obj_ez_keyboard_default/common/avr/timer.o
 .comment       0x0000000000000011       0x12 .build/obj_ez_keyboard_default/common/avr/bootloader.o
 .comment       0x0000000000000011       0x12 .build/obj_ez_keyboard_default/common/magic.o
 .comment       0x0000000000000011       0x12 .build/obj_ez_keyboard_default/common/mousekey.o
 .comment       0x0000000000000011       0x12 .build/obj_ez_keyboard_default/common/command.o
 .comment       0x0000000000000011       0x12 .build/obj_ez_keyboard_default/lufa.o
 .comment       0x0000000000000011       0x12 .build/obj_ez_keyboard_default/usb_descriptor.o
 .comment       0x0000000000000011       0x12 .build/obj_ez_keyboard_default/outputselect.o
 .comment       0x0000000000000011       0x12 .build/obj_ez_keyboard_default/./lib/lufa/LUFA/Drivers/USB/Core/AVR8/Device_AVR8.o
 .comment       0x0000000000000011       0x12 .build/obj_ez_keyboard_default/./lib/lufa/LUFA/Drivers/USB/Core/AVR8/EndpointStream_AVR8.o
 .comment       0x0000000000000011       0x12 .build/obj_ez_keyboard_default/./lib/lufa/LUFA/Drivers/USB/Core/AVR8/Endpoint_AVR8.o
 .comment       0x0000000000000011       0x12 .build/obj_ez_keyboard_default/./lib/lufa/LUFA/Drivers/USB/Core/AVR8/USBController_AVR8.o
 .comment       0x0000000000000011       0x12 .build/obj_ez_keyboard_default/./lib/lufa/LUFA/Drivers/USB/Core/AVR8/USBInterrupt_AVR8.o
 .comment       0x0000000000000011       0x12 .build/obj_ez_keyboard_default/./lib/lufa/LUFA/Drivers/USB/Core/DeviceStandardReq.o
 .comment       0x0000000000000011       0x12 .build/obj_ez_keyboard_default/./lib/lufa/LUFA/Drivers/USB/Core/USBTask.o

.note.gnu.avr.deviceinfo
                0x0000000000000000       0x40
 .note.gnu.avr.deviceinfo
                0x0000000000000000       0x40 /usr/lib/gcc/avr/7.3.0/../../../../avr/lib/avr5/crtatmega32u4.o

.note.gnu.build-id
 *(.note.gnu.build-id)

.debug
 *(.debug)

.line
 *(.line)

.debug_srcinfo
 *(.debug_srcinfo)

.debug_sfnames
 *(.debug_sfnames)

.debug_aranges  0x0000000000000000      0xbb8
 *(.debug_aranges)
 .debug_aranges
                0x0000000000000000       0x38 .build/obj_ez_keyboard_default/keyboards/ez_keyboard/ez_keyboard.o
 .debug_aranges
                0x0000000000000038       0x38 .build/obj_ez_keyboard_default/keyboards/ez_keyboard/keymaps/default/keymap.o
 .debug_aranges
                0x0000000000000070      0x110 .build/obj_ez_keyboard_default/quantum/quantum.o
 .debug_aranges
                0x0000000000000180       0x40 .build/obj_ez_keyboard_default/quantum/keymap_common.o
 .debug_aranges
                0x00000000000001c0       0x28 .build/obj_ez_keyboard_default/quantum/keycode_config.o
 .debug_aranges
                0x00000000000001e8       0x28 .build/obj_ez_keyboard_default/quantum/process_keycode/process_leader.o
 .debug_aranges
                0x0000000000000210       0x88 .build/obj_ez_keyboard_default/quantum/matrix.o
 .debug_aranges
                0x0000000000000298       0x60 .build/obj_ez_keyboard_default/common/host.o
 .debug_aranges
                0x00000000000002f8       0x48 .build/obj_ez_keyboard_default/common/keyboard.o
 .debug_aranges
                0x0000000000000340       0x98 .build/obj_ez_keyboard_default/common/action.o
 .debug_aranges
                0x00000000000003d8       0x40 .build/obj_ez_keyboard_default/common/action_tapping.o
 .debug_aranges
                0x0000000000000418       0x20 .build/obj_ez_keyboard_default/common/action_macro.o
 .debug_aranges
                0x0000000000000438       0xc8 .build/obj_ez_keyboard_default/common/action_layer.o
 .debug_aranges
                0x0000000000000500      0x120 .build/obj_ez_keyboard_default/common/action_util.o
 .debug_aranges
                0x0000000000000620       0x20 .build/obj_ez_keyboard_default/common/print.o
 .debug_aranges
                0x0000000000000640       0x18 .build/obj_ez_keyboard_default/common/debug.o
 .debug_aranges
                0x0000000000000658       0x60 .build/obj_ez_keyboard_default/common/util.o
 .debug_aranges
                0x00000000000006b8       0x68 .build/obj_ez_keyboard_default/common/eeconfig.o
 .debug_aranges
                0x0000000000000720       0x50 .build/obj_ez_keyboard_default/common/report.o
 .debug_aranges
                0x0000000000000770       0x48 .build/obj_ez_keyboard_default/common/avr/suspend.o
 .debug_aranges
                0x00000000000007b8       0x50 .build/obj_ez_keyboard_default/common/avr/timer.o
 .debug_aranges
                0x0000000000000808       0x28 .build/obj_ez_keyboard_default/common/avr/bootloader.o
 .debug_aranges
                0x0000000000000830       0x20 .build/obj_ez_keyboard_default/common/magic.o
 .debug_aranges
                0x0000000000000850       0x50 .build/obj_ez_keyboard_default/common/mousekey.o
 .debug_aranges
                0x00000000000008a0       0x58 .build/obj_ez_keyboard_default/common/command.o
 .debug_aranges
                0x00000000000008f8       0x98 .build/obj_ez_keyboard_default/lufa.o
 .debug_aranges
                0x0000000000000990       0x20 .build/obj_ez_keyboard_default/usb_descriptor.o
 .debug_aranges
                0x00000000000009b0       0x38 .build/obj_ez_keyboard_default/outputselect.o
 .debug_aranges
                0x00000000000009e8       0x20 .build/obj_ez_keyboard_default/./lib/lufa/LUFA/Drivers/USB/Core/AVR8/Device_AVR8.o
 .debug_aranges
                0x0000000000000a08       0xc8 .build/obj_ez_keyboard_default/./lib/lufa/LUFA/Drivers/USB/Core/AVR8/EndpointStream_AVR8.o
 .debug_aranges
                0x0000000000000ad0       0x40 .build/obj_ez_keyboard_default/./lib/lufa/LUFA/Drivers/USB/Core/AVR8/Endpoint_AVR8.o
 .debug_aranges
                0x0000000000000b10       0x30 .build/obj_ez_keyboard_default/./lib/lufa/LUFA/Drivers/USB/Core/AVR8/USBController_AVR8.o
 .debug_aranges
                0x0000000000000b40       0x38 .build/obj_ez_keyboard_default/./lib/lufa/LUFA/Drivers/USB/Core/AVR8/USBInterrupt_AVR8.o
 .debug_aranges
                0x0000000000000b78       0x20 .build/obj_ez_keyboard_default/./lib/lufa/LUFA/Drivers/USB/Core/DeviceStandardReq.o
 .debug_aranges
                0x0000000000000b98       0x20 .build/obj_ez_keyboard_default/./lib/lufa/LUFA/Drivers/USB/Core/USBTask.o

.debug_pubnames
 *(.debug_pubnames)

.debug_info     0x0000000000000000    0x16c6f
 *(.debug_info .gnu.linkonce.wi.*)
 .debug_info    0x0000000000000000      0x9f4 /usr/lib/gcc/avr/7.3.0/../../../../avr/lib/avr5/crtatmega32u4.o
 .debug_info    0x00000000000009f4      0x5cc .build/obj_ez_keyboard_default/keyboards/ez_keyboard/ez_keyboard.o
 .debug_info    0x0000000000000fc0     0x1418 .build/obj_ez_keyboard_default/keyboards/ez_keyboard/keymaps/default/keymap.o
 .debug_info    0x00000000000023d8     0x235f .build/obj_ez_keyboard_default/quantum/quantum.o
 .debug_info    0x0000000000004737     0x1a17 .build/obj_ez_keyboard_default/quantum/keymap_common.o
 .debug_info    0x000000000000614e      0x5fb .build/obj_ez_keyboard_default/quantum/keycode_config.o
 .debug_info    0x0000000000006749      0xdd1 .build/obj_ez_keyboard_default/quantum/process_keycode/process_leader.o
 .debug_info    0x000000000000751a      0x88a .build/obj_ez_keyboard_default/quantum/matrix.o
 .debug_info    0x0000000000007da4      0x587 .build/obj_ez_keyboard_default/common/host.o
 .debug_info    0x000000000000832b      0x6ee .build/obj_ez_keyboard_default/common/keyboard.o
 .debug_info    0x0000000000008a19     0x1b57 .build/obj_ez_keyboard_default/common/action.o
 .debug_info    0x000000000000a570      0xeee .build/obj_ez_keyboard_default/common/action_tapping.o
 .debug_info    0x000000000000b45e      0x8ac .build/obj_ez_keyboard_default/common/action_macro.o
 .debug_info    0x000000000000bd0a      0xa20 .build/obj_ez_keyboard_default/common/action_layer.o
 .debug_info    0x000000000000c72a      0x8dc .build/obj_ez_keyboard_default/common/action_util.o
 .debug_info    0x000000000000d006       0xda .build/obj_ez_keyboard_default/common/print.o
 .debug_info    0x000000000000d0e0      0x123 .build/obj_ez_keyboard_default/common/debug.o
 .debug_info    0x000000000000d203      0x2a2 .build/obj_ez_keyboard_default/common/util.o
 .debug_info    0x000000000000d4a5      0x352 .build/obj_ez_keyboard_default/common/eeconfig.o
 .debug_info    0x000000000000d7f7      0x4a2 .build/obj_ez_keyboard_default/common/report.o
 .debug_info    0x000000000000dc99      0x610 .build/obj_ez_keyboard_default/common/avr/suspend.o
 .debug_info    0x000000000000e2a9      0x3aa .build/obj_ez_keyboard_default/common/avr/timer.o
 .debug_info    0x000000000000e653      0x382 .build/obj_ez_keyboard_default/common/avr/bootloader.o
 .debug_info    0x000000000000e9d5      0x335 .build/obj_ez_keyboard_default/common/magic.o
 .debug_info    0x000000000000ed0a      0x82e .build/obj_ez_keyboard_default/common/mousekey.o
 .debug_info    0x000000000000f538     0x1469 .build/obj_ez_keyboard_default/common/command.o
 .debug_info    0x00000000000109a1     0x19dd .build/obj_ez_keyboard_default/lufa.o
 .debug_info    0x000000000001237e      0x993 .build/obj_ez_keyboard_default/usb_descriptor.o
 .debug_info    0x0000000000012d11      0x4db .build/obj_ez_keyboard_default/outputselect.o
 .debug_info    0x00000000000131ec      0x18c .build/obj_ez_keyboard_default/./lib/lufa/LUFA/Drivers/USB/Core/AVR8/Device_AVR8.o
 .debug_info    0x0000000000013378     0x17d8 .build/obj_ez_keyboard_default/./lib/lufa/LUFA/Drivers/USB/Core/AVR8/EndpointStream_AVR8.o
 .debug_info    0x0000000000014b50      0x64a .build/obj_ez_keyboard_default/./lib/lufa/LUFA/Drivers/USB/Core/AVR8/Endpoint_AVR8.o
 .debug_info    0x000000000001519a      0x54a .build/obj_ez_keyboard_default/./lib/lufa/LUFA/Drivers/USB/Core/AVR8/USBController_AVR8.o
 .debug_info    0x00000000000156e4      0x875 .build/obj_ez_keyboard_default/./lib/lufa/LUFA/Drivers/USB/Core/AVR8/USBInterrupt_AVR8.o
 .debug_info    0x0000000000015f59      0xa6f .build/obj_ez_keyboard_default/./lib/lufa/LUFA/Drivers/USB/Core/DeviceStandardReq.o
 .debug_info    0x00000000000169c8      0x2a7 .build/obj_ez_keyboard_default/./lib/lufa/LUFA/Drivers/USB/Core/USBTask.o

.debug_abbrev   0x0000000000000000     0x53d1
 *(.debug_abbrev)
 .debug_abbrev  0x0000000000000000      0x96a /usr/lib/gcc/avr/7.3.0/../../../../avr/lib/avr5/crtatmega32u4.o
 .debug_abbrev  0x000000000000096a      0x179 .build/obj_ez_keyboard_default/keyboards/ez_keyboard/ez_keyboard.o
 .debug_abbrev  0x0000000000000ae3      0x208 .build/obj_ez_keyboard_default/keyboards/ez_keyboard/keymaps/default/keymap.o
 .debug_abbrev  0x0000000000000ceb      0x49b .build/obj_ez_keyboard_default/quantum/quantum.o
 .debug_abbrev  0x0000000000001186      0x2a5 .build/obj_ez_keyboard_default/quantum/keymap_common.o
 .debug_abbrev  0x000000000000142b       0xfd .build/obj_ez_keyboard_default/quantum/keycode_config.o
 .debug_abbrev  0x0000000000001528      0x19f .build/obj_ez_keyboard_default/quantum/process_keycode/process_leader.o
 .debug_abbrev  0x00000000000016c7      0x3e5 .build/obj_ez_keyboard_default/quantum/matrix.o
 .debug_abbrev  0x0000000000001aac      0x203 .build/obj_ez_keyboard_default/common/host.o
 .debug_abbrev  0x0000000000001caf      0x23d .build/obj_ez_keyboard_default/common/keyboard.o
 .debug_abbrev  0x0000000000001eec      0x396 .build/obj_ez_keyboard_default/common/action.o
 .debug_abbrev  0x0000000000002282      0x303 .build/obj_ez_keyboard_default/common/action_tapping.o
 .debug_abbrev  0x0000000000002585      0x1d1 .build/obj_ez_keyboard_default/common/action_macro.o
 .debug_abbrev  0x0000000000002756      0x2a1 .build/obj_ez_keyboard_default/common/action_layer.o
 .debug_abbrev  0x00000000000029f7      0x266 .build/obj_ez_keyboard_default/common/action_util.o
 .debug_abbrev  0x0000000000002c5d       0x97 .build/obj_ez_keyboard_default/common/print.o
 .debug_abbrev  0x0000000000002cf4       0xad .build/obj_ez_keyboard_default/common/debug.o
 .debug_abbrev  0x0000000000002da1       0xcb .build/obj_ez_keyboard_default/common/util.o
 .debug_abbrev  0x0000000000002e6c       0xc2 .build/obj_ez_keyboard_default/common/eeconfig.o
 .debug_abbrev  0x0000000000002f2e      0x185 .build/obj_ez_keyboard_default/common/report.o
 .debug_abbrev  0x00000000000030b3      0x2b2 .build/obj_ez_keyboard_default/common/avr/suspend.o
 .debug_abbrev  0x0000000000003365      0x182 .build/obj_ez_keyboard_default/common/avr/timer.o
 .debug_abbrev  0x00000000000034e7      0x200 .build/obj_ez_keyboard_default/common/avr/bootloader.o
 .debug_abbrev  0x00000000000036e7      0x125 .build/obj_ez_keyboard_default/common/magic.o
 .debug_abbrev  0x000000000000380c      0x25a .build/obj_ez_keyboard_default/common/mousekey.o
 .debug_abbrev  0x0000000000003a66      0x362 .build/obj_ez_keyboard_default/common/command.o
 .debug_abbrev  0x0000000000003dc8      0x4ad .build/obj_ez_keyboard_default/lufa.o
 .debug_abbrev  0x0000000000004275      0x1d9 .build/obj_ez_keyboard_default/usb_descriptor.o
 .debug_abbrev  0x000000000000444e      0x1fe .build/obj_ez_keyboard_default/outputselect.o
 .debug_abbrev  0x000000000000464c       0xb6 .build/obj_ez_keyboard_default/./lib/lufa/LUFA/Drivers/USB/Core/AVR8/Device_AVR8.o
 .debug_abbrev  0x0000000000004702      0x20a .build/obj_ez_keyboard_default/./lib/lufa/LUFA/Drivers/USB/Core/AVR8/EndpointStream_AVR8.o
 .debug_abbrev  0x000000000000490c      0x251 .build/obj_ez_keyboard_default/./lib/lufa/LUFA/Drivers/USB/Core/AVR8/Endpoint_AVR8.o
 .debug_abbrev  0x0000000000004b5d      0x1af .build/obj_ez_keyboard_default/./lib/lufa/LUFA/Drivers/USB/Core/AVR8/USBController_AVR8.o
 .debug_abbrev  0x0000000000004d0c      0x231 .build/obj_ez_keyboard_default/./lib/lufa/LUFA/Drivers/USB/Core/AVR8/USBInterrupt_AVR8.o
 .debug_abbrev  0x0000000000004f3d      0x2fc .build/obj_ez_keyboard_default/./lib/lufa/LUFA/Drivers/USB/Core/DeviceStandardReq.o
 .debug_abbrev  0x0000000000005239      0x198 .build/obj_ez_keyboard_default/./lib/lufa/LUFA/Drivers/USB/Core/USBTask.o

.debug_line     0x0000000000000000     0x8b84
 *(.debug_line .debug_line.* .debug_line_end)
 .debug_line    0x0000000000000000       0x1d /usr/lib/gcc/avr/7.3.0/../../../../avr/lib/avr5/crtatmega32u4.o
 .debug_line    0x000000000000001d      0x1c5 .build/obj_ez_keyboard_default/keyboards/ez_keyboard/ez_keyboard.o
 .debug_line    0x00000000000001e2      0x220 .build/obj_ez_keyboard_default/keyboards/ez_keyboard/keymaps/default/keymap.o
 .debug_line    0x0000000000000402      0xa99 .build/obj_ez_keyboard_default/quantum/quantum.o
 .debug_line    0x0000000000000e9b      0x43d .build/obj_ez_keyboard_default/quantum/keymap_common.o
 .debug_line    0x00000000000012d8      0x1bd .build/obj_ez_keyboard_default/quantum/keycode_config.o
 .debug_line    0x0000000000001495      0x230 .build/obj_ez_keyboard_default/quantum/process_keycode/process_leader.o
 .debug_line    0x00000000000016c5      0x3b3 .build/obj_ez_keyboard_default/quantum/matrix.o
 .debug_line    0x0000000000001a78      0x22f .build/obj_ez_keyboard_default/common/host.o
 .debug_line    0x0000000000001ca7      0x2b5 .build/obj_ez_keyboard_default/common/keyboard.o
 .debug_line    0x0000000000001f5c      0x9b8 .build/obj_ez_keyboard_default/common/action.o
 .debug_line    0x0000000000002914      0x58d .build/obj_ez_keyboard_default/common/action_tapping.o
 .debug_line    0x0000000000002ea1      0x1bd .build/obj_ez_keyboard_default/common/action_macro.o
 .debug_line    0x000000000000305e      0x397 .build/obj_ez_keyboard_default/common/action_layer.o
 .debug_line    0x00000000000033f5      0x49d .build/obj_ez_keyboard_default/common/action_util.o
 .debug_line    0x0000000000003892       0x96 .build/obj_ez_keyboard_default/common/print.o
 .debug_line    0x0000000000003928       0x85 .build/obj_ez_keyboard_default/common/debug.o
 .debug_line    0x00000000000039ad      0x288 .build/obj_ez_keyboard_default/common/util.o
 .debug_line    0x0000000000003c35      0x17a .build/obj_ez_keyboard_default/common/eeconfig.o
 .debug_line    0x0000000000003daf      0x1d3 .build/obj_ez_keyboard_default/common/report.o
 .debug_line    0x0000000000003f82      0x2ec .build/obj_ez_keyboard_default/common/avr/suspend.o
 .debug_line    0x000000000000426e      0x25c .build/obj_ez_keyboard_default/common/avr/timer.o
 .debug_line    0x00000000000044ca      0x1c5 .build/obj_ez_keyboard_default/common/avr/bootloader.o
 .debug_line    0x000000000000468f      0x10d .build/obj_ez_keyboard_default/common/magic.o
 .debug_line    0x000000000000479c      0x666 .build/obj_ez_keyboard_default/common/mousekey.o
 .debug_line    0x0000000000004e02      0x695 .build/obj_ez_keyboard_default/common/command.o
 .debug_line    0x0000000000005497      0xb06 .build/obj_ez_keyboard_default/lufa.o
 .debug_line    0x0000000000005f9d      0x229 .build/obj_ez_keyboard_default/usb_descriptor.o
 .debug_line    0x00000000000061c6      0x1eb .build/obj_ez_keyboard_default/outputselect.o
 .debug_line    0x00000000000063b1      0x178 .build/obj_ez_keyboard_default/./lib/lufa/LUFA/Drivers/USB/Core/AVR8/Device_AVR8.o
 .debug_line    0x0000000000006529     0x1389 .build/obj_ez_keyboard_default/./lib/lufa/LUFA/Drivers/USB/Core/AVR8/EndpointStream_AVR8.o
 .debug_line    0x00000000000078b2      0x4ab .build/obj_ez_keyboard_default/./lib/lufa/LUFA/Drivers/USB/Core/AVR8/Endpoint_AVR8.o
 .debug_line    0x0000000000007d5d      0x2f3 .build/obj_ez_keyboard_default/./lib/lufa/LUFA/Drivers/USB/Core/AVR8/USBController_AVR8.o
 .debug_line    0x0000000000008050      0x527 .build/obj_ez_keyboard_default/./lib/lufa/LUFA/Drivers/USB/Core/AVR8/USBInterrupt_AVR8.o
 .debug_line    0x0000000000008577      0x49b .build/obj_ez_keyboard_default/./lib/lufa/LUFA/Drivers/USB/Core/DeviceStandardReq.o
 .debug_line    0x0000000000008a12      0x172 .build/obj_ez_keyboard_default/./lib/lufa/LUFA/Drivers/USB/Core/USBTask.o

.debug_frame    0x0000000000000000     0x1ff8
 *(.debug_frame)
 .debug_frame   0x0000000000000000       0x54 .build/obj_ez_keyboard_default/keyboards/ez_keyboard/ez_keyboard.o
 .debug_frame   0x0000000000000054       0x64 .build/obj_ez_keyboard_default/keyboards/ez_keyboard/keymaps/default/keymap.o
 .debug_frame   0x00000000000000b8      0x380 .build/obj_ez_keyboard_default/quantum/quantum.o
 .debug_frame   0x0000000000000438       0x70 .build/obj_ez_keyboard_default/quantum/keymap_common.o
 .debug_frame   0x00000000000004a8       0x34 .build/obj_ez_keyboard_default/quantum/keycode_config.o
 .debug_frame   0x00000000000004dc       0x58 .build/obj_ez_keyboard_default/quantum/process_keycode/process_leader.o
 .debug_frame   0x0000000000000534      0x1c0 .build/obj_ez_keyboard_default/quantum/matrix.o
 .debug_frame   0x00000000000006f4       0xd8 .build/obj_ez_keyboard_default/common/host.o
 .debug_frame   0x00000000000007cc       0xec .build/obj_ez_keyboard_default/common/keyboard.o
 .debug_frame   0x00000000000008b8      0x1b4 .build/obj_ez_keyboard_default/common/action.o
 .debug_frame   0x0000000000000a6c       0xe8 .build/obj_ez_keyboard_default/common/action_tapping.o
 .debug_frame   0x0000000000000b54       0x48 .build/obj_ez_keyboard_default/common/action_macro.o
 .debug_frame   0x0000000000000b9c      0x250 .build/obj_ez_keyboard_default/common/action_layer.o
 .debug_frame   0x0000000000000dec      0x224 .build/obj_ez_keyboard_default/common/action_util.o
 .debug_frame   0x0000000000001010       0x24 .build/obj_ez_keyboard_default/common/print.o
 .debug_frame   0x0000000000001034      0x110 .build/obj_ez_keyboard_default/common/util.o
 .debug_frame   0x0000000000001144       0xb4 .build/obj_ez_keyboard_default/common/eeconfig.o
 .debug_frame   0x00000000000011f8       0x84 .build/obj_ez_keyboard_default/common/report.o
 .debug_frame   0x000000000000127c       0xb0 .build/obj_ez_keyboard_default/common/avr/suspend.o
 .debug_frame   0x000000000000132c       0xcc .build/obj_ez_keyboard_default/common/avr/timer.o
 .debug_frame   0x00000000000013f8       0x34 .build/obj_ez_keyboard_default/common/avr/bootloader.o
 .debug_frame   0x000000000000142c       0x24 .build/obj_ez_keyboard_default/common/magic.o