Archive member included to satisfy reference by file (symbol)

/usr/lib/gcc/avr/7.3.0/avr5/libgcc.a(_udivmodqi4.o)
                              .build/obj_ez_key_default/lufa.o (__udivmodqi4)
/usr/lib/gcc/avr/7.3.0/avr5/libgcc.a(_divmodhi4.o)
                              .build/obj_ez_key_default/common/mousekey.o (__divmodhi4)
/usr/lib/gcc/avr/7.3.0/avr5/libgcc.a(_exit.o)
                              /usr/lib/gcc/avr/7.3.0/../../../../avr/lib/avr5/crtatmega32u4.o (exit)
/usr/lib/gcc/avr/7.3.0/avr5/libgcc.a(_tablejump2.o)
                              .build/obj_ez_key_default/quantum/quantum.o (__tablejump2__)
/usr/lib/gcc/avr/7.3.0/avr5/libgcc.a(_copy_data.o)
                              .build/obj_ez_key_default/quantum/matrix.o (__do_copy_data)
/usr/lib/gcc/avr/7.3.0/avr5/libgcc.a(_clear_bss.o)
                              .build/obj_ez_key_default/quantum/quantum.o (__do_clear_bss)
/usr/lib/gcc/avr/7.3.0/avr5/libgcc.a(_udivmodhi4.o)
                              /usr/lib/gcc/avr/7.3.0/avr5/libgcc.a(_divmodhi4.o) (__udivmodhi4)
/usr/lib/gcc/avr/7.3.0/../../../../avr/lib/avr5/libatmega32u4.a(eerd_byte.o)
                              .build/obj_ez_key_default/common/eeconfig.o (eeprom_read_byte)
/usr/lib/gcc/avr/7.3.0/../../../../avr/lib/avr5/libatmega32u4.a(eerd_word.o)
                              .build/obj_ez_key_default/common/eeconfig.o (eeprom_read_word)
/usr/lib/gcc/avr/7.3.0/../../../../avr/lib/avr5/libatmega32u4.a(eeupd_byte.o)
                              .build/obj_ez_key_default/common/eeconfig.o (eeprom_update_byte)
/usr/lib/gcc/avr/7.3.0/../../../../avr/lib/avr5/libatmega32u4.a(eeupd_word.o)
                              .build/obj_ez_key_default/common/eeconfig.o (eeprom_update_word)
/usr/lib/gcc/avr/7.3.0/../../../../avr/lib/avr5/libatmega32u4.a(eerd_block.o)
                              /usr/lib/gcc/avr/7.3.0/../../../../avr/lib/avr5/libatmega32u4.a(eerd_word.o) (eeprom_read_blraw)

Allocating common symbols
Common symbol       size              file

USB_IsInitialized   0x1               .build/obj_ez_key_default/./lib/lufa/LUFA/Drivers/USB/Core/USBTask.o
keymap_config       0x2               .build/obj_ez_key_default/common/magic.o
USB_DeviceState     0x1               .build/obj_ez_key_default/./lib/lufa/LUFA/Drivers/USB/Core/USBTask.o
USB_Device_ConfigurationNumber
                    0x1               .build/obj_ez_key_default/./lib/lufa/LUFA/Drivers/USB/Core/DeviceStandardReq.o
USB_Device_CurrentlySelfPowered
                    0x1               .build/obj_ez_key_default/./lib/lufa/LUFA/Drivers/USB/Core/DeviceStandardReq.o
USB_ControlRequest  0x8               .build/obj_ez_key_default/./lib/lufa/LUFA/Drivers/USB/Core/USBTask.o
tp_buttons          0x2               .build/obj_ez_key_default/common/action.o
USB_Device_RemoteWakeupEnabled
                    0x1               .build/obj_ez_key_default/./lib/lufa/LUFA/Drivers/USB/Core/DeviceStandardReq.o
timer_count         0x4               .build/obj_ez_key_default/common/avr/timer.o

Discarded input sections

 .data          0x0000000000000000        0x0 /usr/lib/gcc/avr/7.3.0/../../../../avr/lib/avr5/crtatmega32u4.o
 .bss           0x0000000000000000        0x0 /usr/lib/gcc/avr/7.3.0/../../../../avr/lib/avr5/crtatmega32u4.o
 .text          0x0000000000000000        0x0 .build/obj_ez_key_default/keyboards/ez_key/ez_key.o
 .data          0x0000000000000000        0x0 .build/obj_ez_key_default/keyboards/ez_key/ez_key.o
 .bss           0x0000000000000000        0x0 .build/obj_ez_key_default/keyboards/ez_key/ez_key.o
 .text          0x0000000000000000        0x0 .build/obj_ez_key_default/keyboards/ez_key/keymaps/default/keymap.o
 .data          0x0000000000000000        0x0 .build/obj_ez_key_default/keyboards/ez_key/keymaps/default/keymap.o
 .bss           0x0000000000000000        0x0 .build/obj_ez_key_default/keyboards/ez_key/keymaps/default/keymap.o
 .text          0x0000000000000000        0x0 .build/obj_ez_key_default/quantum/quantum.o
 .data          0x0000000000000000        0x0 .build/obj_ez_key_default/quantum/quantum.o
 .bss           0x0000000000000000        0x0 .build/obj_ez_key_default/quantum/quantum.o
 .text.do_code16
                0x0000000000000000       0x6c .build/obj_ez_key_default/quantum/quantum.o
 .text.qk_register_weak_mods
                0x0000000000000000       0x16 .build/obj_ez_key_default/quantum/quantum.o
 .text.qk_register_mods
                0x0000000000000000        0x4 .build/obj_ez_key_default/quantum/quantum.o
 .text.qk_unregister_weak_mods
                0x0000000000000000       0x16 .build/obj_ez_key_default/quantum/quantum.o
 .text.qk_unregister_mods
                0x0000000000000000        0x4 .build/obj_ez_key_default/quantum/quantum.o
 .text.register_code16
                0x0000000000000000       0x2a .build/obj_ez_key_default/quantum/quantum.o
 .text.unregister_code16
                0x0000000000000000       0x2a .build/obj_ez_key_default/quantum/quantum.o
[...]
Memory Configuration

Name             Origin             Length             Attributes
text             0x0000000000000000 0x0000000000020000 xr
data             0x0000000000800060 0x000000000000ffa0 rw !x
eeprom           0x0000000000810000 0x0000000000010000 rw !x
fuse             0x0000000000820000 0x0000000000000400 rw !x
lock             0x0000000000830000 0x0000000000000400 rw !x
signature        0x0000000000840000 0x0000000000000400 rw !x
user_signatures  0x0000000000850000 0x0000000000000400 rw !x
*default*        0x0000000000000000 0xffffffffffffffff

Linker script and memory map

Address of section .data set to 0x800100
LOAD /usr/lib/gcc/avr/7.3.0/../../../../avr/lib/avr5/crtatmega32u4.o
LOAD .build/obj_ez_key_default/keyboards/ez_key/ez_key.o
LOAD .build/obj_ez_key_default/keyboards/ez_key/keymaps/default/keymap.o
LOAD .build/obj_ez_key_default/quantum/quantum.o
LOAD .build/obj_ez_key_default/quantum/keymap_common.o
LOAD .build/obj_ez_key_default/quantum/keycode_config.o
LOAD .build/obj_ez_key_default/quantum/process_keycode/process_leader.o
LOAD .build/obj_ez_key_default/quantum/matrix.o
LOAD .build/obj_ez_key_default/common/host.o
LOAD .build/obj_ez_key_default/common/keyboard.o
LOAD .build/obj_ez_key_default/common/action.o
LOAD .build/obj_ez_key_default/common/action_tapping.o
LOAD .build/obj_ez_key_default/common/action_macro.o
LOAD .build/obj_ez_key_default/common/action_layer.o
LOAD .build/obj_ez_key_default/common/action_util.o
LOAD .build/obj_ez_key_default/common/print.o
LOAD .build/obj_ez_key_default/common/debug.o
LOAD .build/obj_ez_key_default/common/util.o
LOAD .build/obj_ez_key_default/common/eeconfig.o
LOAD .build/obj_ez_key_default/common/report.o
LOAD .build/obj_ez_key_default/common/avr/suspend.o
LOAD .build/obj_ez_key_default/common/avr/timer.o
LOAD .build/obj_ez_key_default/common/avr/bootloader.o
LOAD .build/obj_ez_key_default/common/avr/xprintf.o
LOAD .build/obj_ez_key_default/common/magic.o
LOAD .build/obj_ez_key_default/common/mousekey.o
LOAD .build/obj_ez_key_default/common/command.o
LOAD .build/obj_ez_key_default/lufa.o
LOAD .build/obj_ez_key_default/usb_descriptor.o
LOAD .build/obj_ez_key_default/outputselect.o
LOAD .build/obj_ez_key_default/./lib/lufa/LUFA/Drivers/USB/Class/Common/HIDParser.o
LOAD .build/obj_ez_key_default/./lib/lufa/LUFA/Drivers/USB/Core/AVR8/Device_AVR8.o
LOAD .build/obj_ez_key_default/./lib/lufa/LUFA/Drivers/USB/Core/AVR8/EndpointStream_AVR8.o
LOAD .build/obj_ez_key_default/./lib/lufa/LUFA/Drivers/USB/Core/AVR8/Endpoint_AVR8.o
LOAD .build/obj_ez_key_default/./lib/lufa/LUFA/Drivers/USB/Core/AVR8/Host_AVR8.o
LOAD .build/obj_ez_key_default/./lib/lufa/LUFA/Drivers/USB/Core/AVR8/PipeStream_AVR8.o
LOAD .build/obj_ez_key_default/./lib/lufa/LUFA/Drivers/USB/Core/AVR8/Pipe_AVR8.o
LOAD .build/obj_ez_key_default/./lib/lufa/LUFA/Drivers/USB/Core/AVR8/USBController_AVR8.o
LOAD .build/obj_ez_key_default/./lib/lufa/LUFA/Drivers/USB/Core/AVR8/USBInterrupt_AVR8.o
LOAD .build/obj_ez_key_default/./lib/lufa/LUFA/Drivers/USB/Core/ConfigDescriptors.o
LOAD .build/obj_ez_key_default/./lib/lufa/LUFA/Drivers/USB/Core/DeviceStandardReq.o
LOAD .build/obj_ez_key_default/./lib/lufa/LUFA/Drivers/USB/Core/Events.o
LOAD .build/obj_ez_key_default/./lib/lufa/LUFA/Drivers/USB/Core/HostStandardReq.o
LOAD .build/obj_ez_key_default/./lib/lufa/LUFA/Drivers/USB/Core/USBTask.o
LOAD /usr/lib/gcc/avr/7.3.0/../../../../avr/lib/avr5/libm.a
START GROUP
LOAD /usr/lib/gcc/avr/7.3.0/avr5/libgcc.a
LOAD /usr/lib/gcc/avr/7.3.0/../../../../avr/lib/avr5/libm.a
LOAD /usr/lib/gcc/avr/7.3.0/../../../../avr/lib/avr5/libc.a
LOAD /usr/lib/gcc/avr/7.3.0/../../../../avr/lib/avr5/libatmega32u4.a
END GROUP
                0x0000000000020000                __TEXT_REGION_LENGTH__ = DEFINED (__TEXT_REGION_LENGTH__)?__TEXT_REGION_LENGTH__:0x20000
                0x000000000000ffa0                __DATA_REGION_LENGTH__ = DEFINED (__DATA_REGION_LENGTH__)?__DATA_REGION_LENGTH__:0xffa0
                0x0000000000010000                __EEPROM_REGION_LENGTH__ = DEFINED (__EEPROM_REGION_LENGTH__)?__EEPROM_REGION_LENGTH__:0x10000
                0x0000000000000400                __FUSE_REGION_LENGTH__ = DEFINED (__FUSE_REGION_LENGTH__)?__FUSE_REGION_LENGTH__:0x400
                0x0000000000000400                __LOCK_REGION_LENGTH__ = DEFINED (__LOCK_REGION_LENGTH__)?__LOCK_REGION_LENGTH__:0x400
                0x0000000000000400                __SIGNATURE_REGION_LENGTH__ = DEFINED (__SIGNATURE_REGION_LENGTH__)?__SIGNATURE_REGION_LENGTH__:0x400
                0x0000000000000400                __USER_SIGNATURE_REGION_LENGTH__ = DEFINED (__USER_SIGNATURE_REGION_LENGTH__)?__USER_SIGNATURE_REGION_LENGTH__:0x400

.hash
 *(.hash)

.dynsym
 *(.dynsym)

.dynstr
 *(.dynstr)

.gnu.version
 *(.gnu.version)

.gnu.version_d
 *(.gnu.version_d)

.gnu.version_r
 *(.gnu.version_r)

.rel.init
 *(.rel.init)

.rela.init
 *(.rela.init)

.rel.text
 *(.rel.text)
 *(.rel.text.*)
 *(.rel.gnu.linkonce.t*)

.rela.text
 *(.rela.text)
 *(.rela.text.*)
 *(.rela.gnu.linkonce.t*)

.rel.fini
 *(.rel.fini)

.rela.fini
 *(.rela.fini)

.rel.rodata
 *(.rel.rodata)
 *(.rel.rodata.*)
 *(.rel.gnu.linkonce.r*)

.rela.rodata
 *(.rela.rodata)
 *(.rela.rodata.*)
 *(.rela.gnu.linkonce.r*)

.rel.data
 *(.rel.data)
 *(.rel.data.*)
 *(.rel.gnu.linkonce.d*)

.rela.data
 *(.rela.data)
 *(.rela.data.*)
 *(.rela.gnu.linkonce.d*)

.rel.ctors
 *(.rel.ctors)

.rela.ctors
 *(.rela.ctors)

.rel.dtors
 *(.rel.dtors)

.rela.dtors
 *(.rela.dtors)

.rel.got
 *(.rel.got)

.rela.got
 *(.rela.got)

.rel.bss
 *(.rel.bss)

.rela.bss
 *(.rela.bss)

.rel.plt
 *(.rel.plt)

.rela.plt
 *(.rela.plt)

.text           0x0000000000000000     0x4d88
 *(.vectors)
 .vectors       0x0000000000000000       0xac /usr/lib/gcc/avr/7.3.0/../../../../avr/lib/avr5/crtatmega32u4.o
                0x0000000000000000                __vectors
                0x0000000000000000                __vector_default
 *(.vectors)
 *(.progmem.gcc*)
                0x00000000000000ac                . = ALIGN (0x2)
                0x00000000000000ac                __trampolines_start = .
 *(.trampolines)
 .trampolines   0x00000000000000ac        0x0 linker stubs
 *(.trampolines*)
                0x00000000000000ac                __trampolines_end = .
 *libprintf_flt.a:*(.progmem.data)
 *libc.a:*(.progmem.data)
 *(.progmem.*)
 .progmem.data.fn_actions
                0x00000000000000ac        0x0 .build/obj_ez_key_default/keyboards/ez_key/keymaps/default/keymap.o
                0x00000000000000ac                fn_actions
 .progmem.data.keymaps
                0x00000000000000ac        0x8 .build/obj_ez_key_default/keyboards/ez_key/keymaps/default/keymap.o
                0x00000000000000ac                keymaps
 .progmem.data.__c.3215
                0x00000000000000b4       0x11 .build/obj_ez_key_default/quantum/quantum.o
 .progmem.data.__c.1962
                0x00000000000000c5        0x2 .build/obj_ez_key_default/quantum/matrix.o
 .progmem.data.__c.1960
                0x00000000000000c7        0x5 .build/obj_ez_key_default/quantum/matrix.o
 .progmem.data.__c.1958
                0x00000000000000cc        0x3 .build/obj_ez_key_default/quantum/matrix.o
 .progmem.data.__c.1956
                0x00000000000000cf        0x5 .build/obj_ez_key_default/quantum/matrix.o
 .progmem.data.__c.1953
                0x00000000000000d4        0xf .build/obj_ez_key_default/quantum/matrix.o
 .progmem.data.__c.2039
                0x00000000000000e3        0x2 .build/obj_ez_key_default/common/host.o
 .progmem.data.__c.2034
                0x00000000000000e5        0x6 .build/obj_ez_key_default/common/host.o
 .progmem.data.__c.2031
                0x00000000000000eb       0x12 .build/obj_ez_key_default/common/host.o
 .progmem.data.__c.2772
                0x00000000000000fd        0x2 .build/obj_ez_key_default/common/keyboard.o
 .progmem.data.__c.2770
                0x00000000000000ff        0x5 .build/obj_ez_key_default/common/keyboard.o
 .progmem.data.__c.2768
                0x0000000000000104       0x13 .build/obj_ez_key_default/common/keyboard.o
 .progmem.data.__c.2115
                0x0000000000000117        0x3 .build/obj_ez_key_default/common/mousekey.o
 .progmem.data.__c.2113
                0x000000000000011a        0x3 .build/obj_ez_key_default/common/mousekey.o
 .progmem.data.__c.2111
                0x000000000000011d        0x2 .build/obj_ez_key_default/common/mousekey.o
 .progmem.data.__c.2109
                0x000000000000011f        0x3 .build/obj_ez_key_default/common/mousekey.o
 .progmem.data.__c.2107
                0x0000000000000122        0x3 .build/obj_ez_key_default/common/mousekey.o
 .progmem.data.__c.2105
                0x0000000000000125        0x3 .build/obj_ez_key_default/common/mousekey.o
 .progmem.data.__c.2103
                0x0000000000000128        0x2 .build/obj_ez_key_default/common/mousekey.o
 .progmem.data.__c.2101
                0x000000000000012a        0x3 .build/obj_ez_key_default/common/mousekey.o
 .progmem.data.__c.2099
                0x000000000000012d        0x2 .build/obj_ez_key_default/common/mousekey.o
 .progmem.data.__c.2097
                0x000000000000012f        0x3 .build/obj_ez_key_default/common/mousekey.o
 .progmem.data.__c.2095
                0x0000000000000132        0x2 .build/obj_ez_key_default/common/mousekey.o
 .progmem.data.__c.2093
                0x0000000000000134        0x3 .build/obj_ez_key_default/common/mousekey.o
 .progmem.data.__c.2091
                0x0000000000000137        0x2 .build/obj_ez_key_default/common/mousekey.o
 .progmem.data.__c.2089
                0x0000000000000139        0x5 .build/obj_ez_key_default/common/mousekey.o
 .progmem.data.__c.2087
                0x000000000000013e       0x23 .build/obj_ez_key_default/common/mousekey.o
 .progmem.data.__c.3400
                0x0000000000000161       0x1b .build/obj_ez_key_default/common/command.o
 .progmem.data.__c.3397
                0x000000000000017c       0x19 .build/obj_ez_key_default/common/command.o
 .progmem.data.__c.3394
                0x0000000000000195       0x15 .build/obj_ez_key_default/common/command.o
 .progmem.data.__c.3391
                0x00000000000001aa       0x13 .build/obj_ez_key_default/common/command.o
 .progmem.data.__c.3388
                0x00000000000001bd       0x12 .build/obj_ez_key_default/common/command.o
 .progmem.data.__c.3384
                0x00000000000001cf        0xf .build/obj_ez_key_default/common/command.o
 .progmem.data.__c.3377
                0x00000000000001de       0x1b .build/obj_ez_key_default/common/command.o
 .progmem.data.__c.3374
                0x00000000000001f9       0x19 .build/obj_ez_key_default/common/command.o
 .progmem.data.__c.3371
                0x0000000000000212       0x15 .build/obj_ez_key_default/common/command.o
 .progmem.data.__c.3368
                0x0000000000000227       0x13 .build/obj_ez_key_default/common/command.o
 .progmem.data.__c.3365
                0x000000000000023a       0x12 .build/obj_ez_key_default/common/command.o
 .progmem.data.__c.3361
                0x000000000000024c        0xf .build/obj_ez_key_default/common/command.o
 .progmem.data.__c.3354
                0x000000000000025b        0x2 .build/obj_ez_key_default/common/command.o
 .progmem.data.__c.3352
                0x000000000000025d        0x3 .build/obj_ez_key_default/common/command.o
 .progmem.data.__c.3350
                0x0000000000000260       0x17 .build/obj_ez_key_default/common/command.o
 .progmem.data.__c.3348
                0x0000000000000277        0x2 .build/obj_ez_key_default/common/command.o
 .progmem.data.__c.3346
                0x0000000000000279        0x3 .build/obj_ez_key_default/common/command.o
 .progmem.data.__c.3344
                0x000000000000027c       0x15 .build/obj_ez_key_default/common/command.o
 .progmem.data.__c.3342
                0x0000000000000291        0x2 .build/obj_ez_key_default/common/command.o
 .progmem.data.__c.3340
                0x0000000000000293        0x3 .build/obj_ez_key_default/common/command.o
 .progmem.data.__c.3338
                0x0000000000000296       0x11 .build/obj_ez_key_default/common/command.o
 .progmem.data.__c.3336
                0x00000000000002a7        0x2 .build/obj_ez_key_default/common/command.o
 .progmem.data.__c.3334
                0x00000000000002a9        0x3 .build/obj_ez_key_default/common/command.o
 .progmem.data.__c.3332
                0x00000000000002ac        0xf .build/obj_ez_key_default/common/command.o
 .progmem.data.__c.3330
                0x00000000000002bb        0x2 .build/obj_ez_key_default/common/command.o
 .progmem.data.__c.3328
                0x00000000000002bd        0x3 .build/obj_ez_key_default/common/command.o
 .progmem.data.__c.3326
                0x00000000000002c0       0x12 .build/obj_ez_key_default/common/command.o
 .progmem.data.__c.3324
                0x00000000000002d2        0x2 .build/obj_ez_key_default/common/command.o
 .progmem.data.__c.3322
                0x00000000000002d4        0x3 .build/obj_ez_key_default/common/command.o
 .progmem.data.__c.3320
                0x00000000000002d7       0x12 .build/obj_ez_key_default/common/command.o
 .progmem.data.__c.3318
                0x00000000000002e9        0xe .build/obj_ez_key_default/common/command.o
 .progmem.data.__c.3438
                0x00000000000002f7        0x3 .build/obj_ez_key_default/common/command.o
 .progmem.data.__c.3436
                0x00000000000002fa        0x6 .build/obj_ez_key_default/common/command.o
 .progmem.data.__c.3434
                0x0000000000000300        0x2 .build/obj_ez_key_default/common/command.o
 .progmem.data.__c.3431
                0x0000000000000302        0xd .build/obj_ez_key_default/common/command.o
 .progmem.data.__c.3417
                0x000000000000030f        0x4 .build/obj_ez_key_default/common/command.o
 .progmem.data.__c.3407
                0x0000000000000313       0x4e .build/obj_ez_key_default/common/command.o
 .progmem.data.__c.3405
                0x0000000000000361       0xfb .build/obj_ez_key_default/common/command.o
 .progmem.data.__c.3310
                0x000000000000045c        0x2 .build/obj_ez_key_default/common/command.o
 .progmem.data.__c.3307
                0x000000000000045e        0x4 .build/obj_ez_key_default/common/command.o
 .progmem.data.__c.3312
                0x0000000000000462        0x4 .build/obj_ez_key_default/common/command.o
 .progmem.data.__c.3456
                0x0000000000000466        0x5 .build/obj_ez_key_default/common/command.o
 .progmem.data.__c.3248
                0x000000000000046b       0x17 .build/obj_ez_key_default/common/command.o
 .progmem.data.__c.3246
                0x0000000000000482       0x13 .build/obj_ez_key_default/common/command.o
 .progmem.data.__c.3244
                0x0000000000000495       0x17 .build/obj_ez_key_default/common/command.o
 .progmem.data.__c.3242
                0x00000000000004ac       0x1a .build/obj_ez_key_default/common/command.o
 .progmem.data.__c.3240
                0x00000000000004c6        0xe .build/obj_ez_key_default/common/command.o
 .progmem.data.__c.3235
                0x00000000000004d4       0x2b .build/obj_ez_key_default/common/command.o
 .progmem.data.__c.3233
                0x00000000000004ff       0x36 .build/obj_ez_key_default/common/command.o
 .progmem.data.__c.3231
                0x0000000000000535       0x32 .build/obj_ez_key_default/common/command.o
 .progmem.data.__c.3229
                0x0000000000000567       0x32 .build/obj_ez_key_default/common/command.o
 .progmem.data.__c.3227
                0x0000000000000599       0x19 .build/obj_ez_key_default/common/command.o
 .progmem.data.__c.3225
                0x00000000000005b2        0xf .build/obj_ez_key_default/common/command.o
 .progmem.data.__c.3296
                0x00000000000005c1       0x27 .build/obj_ez_key_default/common/command.o
 .progmem.data.__c.3220
                0x00000000000005e8      0x18c .build/obj_ez_key_default/common/command.o
 .progmem.data.__c.3291
                0x0000000000000774        0x2 .build/obj_ez_key_default/common/command.o
 .progmem.data.__c.3280
                0x0000000000000776        0xd .build/obj_ez_key_default/common/command.o
 .progmem.data.__c.3278
                0x0000000000000783        0xc .build/obj_ez_key_default/common/command.o
 .progmem.data.__c.3275
                0x000000000000078f       0x10 .build/obj_ez_key_default/common/command.o
 .progmem.data.__c.3273
                0x000000000000079f        0xf .build/obj_ez_key_default/common/command.o
 .progmem.data.__c.3270
                0x00000000000007ae        0xe .build/obj_ez_key_default/common/command.o
 .progmem.data.__c.3268
                0x00000000000007bc        0xd .build/obj_ez_key_default/common/command.o
 .progmem.data.__c.3265
                0x00000000000007c9        0xd .build/obj_ez_key_default/common/command.o
 .progmem.data.__c.3263
                0x00000000000007d6        0xc .build/obj_ez_key_default/common/command.o
 .progmem.data.__c.3260
                0x00000000000007e2       0x1c .build/obj_ez_key_default/common/command.o
 .progmem.data.__c.3257
                0x00000000000007fe        0x4 .build/obj_ez_key_default/common/command.o
 .progmem.data.__c.5677
                0x0000000000000802        0x4 .build/obj_ez_key_default/lufa.o
 .progmem.data.__c.5675
                0x0000000000000806       0x11 .build/obj_ez_key_default/lufa.o
 .progmem.data.__c.5569
                0x0000000000000817        0x4 .build/obj_ez_key_default/lufa.o
 .progmem.data.__c.5565
                0x000000000000081b        0x4 .build/obj_ez_key_default/lufa.o
 .progmem.data.__c.5561
                0x000000000000081f        0x4 .build/obj_ez_key_default/lufa.o
 .progmem.data.__c.5556
                0x0000000000000823        0x4 .build/obj_ez_key_default/lufa.o
 .progmem.data.__c.5551
                0x0000000000000827        0x4 .build/obj_ez_key_default/lufa.o
 .progmem.data.SerialNumberString
                0x000000000000082b        0x6 .build/obj_ez_key_default/usb_descriptor.o
                0x000000000000082b                SerialNumberString
 .progmem.data.ProductString
                0x0000000000000831       0x10 .build/obj_ez_key_default/usb_descriptor.o
                0x0000000000000831                ProductString
 .progmem.data.ManufacturerString
                0x0000000000000841        0xa .build/obj_ez_key_default/usb_descriptor.o
                0x0000000000000841                ManufacturerString
 .progmem.data.LanguageString
                0x000000000000084b        0x4 .build/obj_ez_key_default/usb_descriptor.o
                0x000000000000084b                LanguageString
 .progmem.data.ConfigurationDescriptor
                0x000000000000084f       0x74 .build/obj_ez_key_default/usb_descriptor.o
                0x000000000000084f                ConfigurationDescriptor
 .progmem.data.DeviceDescriptor
                0x00000000000008c3       0x12 .build/obj_ez_key_default/usb_descriptor.o
                0x00000000000008c3                DeviceDescriptor
 .progmem.data.ConsoleReport
                0x00000000000008d5       0x22 .build/obj_ez_key_default/usb_descriptor.o
                0x00000000000008d5                ConsoleReport
 .progmem.data.ExtrakeyReport
                0x00000000000008f7       0x36 .build/obj_ez_key_default/usb_descriptor.o
                0x00000000000008f7                ExtrakeyReport
 .progmem.data.MouseReport
                0x000000000000092d       0x4d .build/obj_ez_key_default/usb_descriptor.o
                0x000000000000092d                MouseReport
 .progmem.data.KeyboardReport
                0x000000000000097a       0x40 .build/obj_ez_key_default/usb_descriptor.o
                0x000000000000097a                KeyboardReport
                0x00000000000009ba                . = ALIGN (0x2)
 *(.lowtext)
 *(.lowtext*)
                0x00000000000009ba                __ctors_start = .
 *(.ctors)
                0x00000000000009ba                __ctors_end = .
                0x00000000000009ba                __dtors_start = .
 *(.dtors)
                0x00000000000009ba                __dtors_end = .
 SORT_BY_NAME(*)(.ctors)
 SORT_BY_NAME(*)(.dtors)
 *(.init0)
 .init0         0x00000000000009ba        0x0 /usr/lib/gcc/avr/7.3.0/../../../../avr/lib/avr5/crtatmega32u4.o
                0x00000000000009ba                __init
 *(.init0)
 *(.init1)
 *(.init1)
 *(.init2)
 .init2         0x00000000000009ba        0xc /usr/lib/gcc/avr/7.3.0/../../../../avr/lib/avr5/crtatmega32u4.o
 *(.init2)
 *(.init3)
 .init3         0x00000000000009c6       0x54 .build/obj_ez_key_default/common/avr/bootloader.o
                0x00000000000009c6                bootloader_jump_after_watchdog_reset
 *(.init3)
 *(.init4)
 .init4         0x0000000000000a1a       0x16 /usr/lib/gcc/avr/7.3.0/avr5/libgcc.a(_copy_data.o)
                0x0000000000000a1a                __do_copy_data
 .init4         0x0000000000000a30       0x10 /usr/lib/gcc/avr/7.3.0/avr5/libgcc.a(_clear_bss.o)
                0x0000000000000a30                __do_clear_bss
 *(.init4)
 *(.init5)
 *(.init5)
 *(.init6)
 *(.init6)
 *(.init7)
 *(.init7)
 *(.init8)
 *(.init8)
 *(.init9)
 .init9         0x0000000000000a40        0x8 /usr/lib/gcc/avr/7.3.0/../../../../avr/lib/avr5/crtatmega32u4.o
 *(.init9)
 *(.text)
 .text          0x0000000000000a48        0x4 /usr/lib/gcc/avr/7.3.0/../../../../avr/lib/avr5/crtatmega32u4.o
                0x0000000000000a48                __vector_38
                0x0000000000000a48                __vector_22
                0x0000000000000a48                __vector_28
                0x0000000000000a48                __vector_1
                0x0000000000000a48                __vector_32
                0x0000000000000a48                __vector_34
                0x0000000000000a48                __vector_24
                0x0000000000000a48                __bad_interrupt
                0x0000000000000a48                __vector_6
                0x0000000000000a48                __vector_31
                0x0000000000000a48                __vector_35
                0x0000000000000a48                __vector_39
                0x0000000000000a48                __vector_3
                0x0000000000000a48                __vector_23
                0x0000000000000a48                __vector_30
                0x0000000000000a48                __vector_25
                0x0000000000000a48                __vector_13
                0x0000000000000a48                __vector_17
                0x0000000000000a48                __vector_19
                0x0000000000000a48                __vector_7
                0x0000000000000a48                __vector_41
                0x0000000000000a48                __vector_27
                0x0000000000000a48                __vector_5
                0x0000000000000a48                __vector_33
                0x0000000000000a48                __vector_37
                0x0000000000000a48                __vector_4
                0x0000000000000a48                __vector_9
                0x0000000000000a48                __vector_2
                0x0000000000000a48                __vector_15
                0x0000000000000a48                __vector_36
                0x0000000000000a48                __vector_29
                0x0000000000000a48                __vector_40
                0x0000000000000a48                __vector_8
                0x0000000000000a48                __vector_26
                0x0000000000000a48                __vector_14
                0x0000000000000a48                __vector_16
                0x0000000000000a48                __vector_18
                0x0000000000000a48                __vector_20
                0x0000000000000a48                __vector_42
 .text          0x0000000000000a4c      0x15c .build/obj_ez_key_default/common/avr/xprintf.o
                0x0000000000000a4c                xputc
                0x0000000000000a64                xputs
                0x0000000000000a72                xitoa
                0x0000000000000b96                __xprintf
                0x0000000000000ba8                . = ALIGN (0x2)
 *(.text.*)
 .text.matrix_init_kb
                0x0000000000000ba8        0x4 .build/obj_ez_key_default/keyboards/ez_key/ez_key.o
                0x0000000000000ba8                matrix_init_kb
 .text.matrix_scan_kb
                0x0000000000000bac        0x4 .build/obj_ez_key_default/keyboards/ez_key/ez_key.o
                0x0000000000000bac                matrix_scan_kb
 .text.process_record_kb
                0x0000000000000bb0        0x4 .build/obj_ez_key_default/keyboards/ez_key/ez_key.o
                0x0000000000000bb0                process_record_kb
 .text.led_set_kb
                0x0000000000000bb4        0x4 .build/obj_ez_key_default/keyboards/ez_key/ez_key.o
                0x0000000000000bb4                led_set_kb
 .text.action_get_macro
                0x0000000000000bb8       0x20 .build/obj_ez_key_default/keyboards/ez_key/keymaps/default/keymap.o
                0x0000000000000bb8                action_get_macro
 .text.matrix_init_user
                0x0000000000000bd8        0x2 .build/obj_ez_key_default/keyboards/ez_key/keymaps/default/keymap.o
                0x0000000000000bd8                matrix_init_user
 .text.matrix_scan_user
                0x0000000000000bda        0x2 .build/obj_ez_key_default/keyboards/ez_key/keymaps/default/keymap.o
                0x0000000000000bda                matrix_scan_user
 .text.process_record_user
                0x0000000000000bdc        0x4 .build/obj_ez_key_default/keyboards/ez_key/keymaps/default/keymap.o
                0x0000000000000bdc                process_record_user
 .text.led_set_user
                0x0000000000000be0        0x4 .build/obj_ez_key_default/keyboards/ez_key/keymaps/default/keymap.o
                0x0000000000000be0                led_set_user
 .text.process_action_kb
                0x0000000000000be4        0x4 .build/obj_ez_key_default/quantum/quantum.o
                0x0000000000000be4                process_action_kb
 .text.reset_keyboard
                0x0000000000000be8       0x1a .build/obj_ez_key_default/quantum/quantum.o
                0x0000000000000be8                reset_keyboard
 .text.process_record_quantum
                0x0000000000000c02      0x2fc .build/obj_ez_key_default/quantum/quantum.o
                0x0000000000000c02                process_record_quantum
 .text.matrix_init_quantum
                0x0000000000000efe        0x4 .build/obj_ez_key_default/quantum/quantum.o
                0x0000000000000efe                matrix_init_quantum
 .text.matrix_scan_quantum
                0x0000000000000f02        0x4 .build/obj_ez_key_default/quantum/quantum.o
                0x0000000000000f02                matrix_scan_quantum
 .text.led_set  0x0000000000000f06        0x4 .build/obj_ez_key_default/quantum/quantum.o
                0x0000000000000f06                led_set
 .text.action_function
                0x0000000000000f0a        0x2 .build/obj_ez_key_default/quantum/keymap_common.o
                0x0000000000000f0a                action_function
 .text.keymap_key_to_keycode
                0x0000000000000f0c       0x22 .build/obj_ez_key_default/quantum/keymap_common.o
                0x0000000000000f0c                keymap_key_to_keycode
 .text.keymap_function_id_to_action
                0x0000000000000f2e       0x10 .build/obj_ez_key_default/quantum/keymap_common.o
                0x0000000000000f2e                keymap_function_id_to_action
 .text.action_for_key
                0x0000000000000f3e      0x348 .build/obj_ez_key_default/quantum/keymap_common.o
                0x0000000000000f3e                action_for_key
 .text.keycode_config
                0x0000000000001286      0x100 .build/obj_ez_key_default/quantum/keycode_config.o
                0x0000000000001286                keycode_config
 .text.mod_config
                0x0000000000001386       0x46 .build/obj_ez_key_default/quantum/keycode_config.o
                0x0000000000001386                mod_config
 .text.leader_start
                0x00000000000013cc        0x2 .build/obj_ez_key_default/quantum/process_keycode/process_leader.o
                0x00000000000013cc                leader_start
 .text.process_leader
                0x00000000000013ce       0x9e .build/obj_ez_key_default/quantum/process_keycode/process_leader.o
                0x00000000000013ce                process_leader
 .text.matrix_init
                0x000000000000146c       0x32 .build/obj_ez_key_default/quantum/matrix.o
                0x000000000000146c                matrix_init
 .text.matrix_scan
                0x000000000000149e       0xe2 .build/obj_ez_key_default/quantum/matrix.o
                0x000000000000149e                matrix_scan
 .text.matrix_get_row
                0x0000000000001580        0xc .build/obj_ez_key_default/quantum/matrix.o
                0x0000000000001580                matrix_get_row
 .text.matrix_print
                0x000000000000158c       0xa2 .build/obj_ez_key_default/quantum/matrix.o
                0x000000000000158c                matrix_print
 .text.host_set_driver
                0x000000000000162e        0xa .build/obj_ez_key_default/common/host.o
                0x000000000000162e                host_set_driver
 .text.host_keyboard_leds
                0x0000000000001638       0x18 .build/obj_ez_key_default/common/host.o
                0x0000000000001638                host_keyboard_leds
 .text.host_keyboard_send
                0x0000000000001650       0x98 .build/obj_ez_key_default/common/host.o
                0x0000000000001650                host_keyboard_send
 .text.host_mouse_send
                0x00000000000016e8       0x16 .build/obj_ez_key_default/common/host.o
                0x00000000000016e8                host_mouse_send
 .text.host_system_send
                0x00000000000016fe       0x2c .build/obj_ez_key_default/common/host.o
                0x00000000000016fe                host_system_send
 .text.host_consumer_send
                0x000000000000172a       0x2c .build/obj_ez_key_default/common/host.o
                0x000000000000172a                host_consumer_send
 .text.matrix_setup
                0x0000000000001756        0x2 .build/obj_ez_key_default/common/keyboard.o
                0x0000000000001756                matrix_setup
 .text.keyboard_setup
                0x0000000000001758        0x4 .build/obj_ez_key_default/common/keyboard.o
                0x0000000000001758                keyboard_setup
 .text.is_keyboard_master
                0x000000000000175c        0x4 .build/obj_ez_key_default/common/keyboard.o
                0x000000000000175c                is_keyboard_master
 .text.keyboard_init
                0x0000000000001760        0xc .build/obj_ez_key_default/common/keyboard.o
                0x0000000000001760                keyboard_init
 .text.keyboard_set_leds
                0x000000000000176c       0x50 .build/obj_ez_key_default/common/keyboard.o
                0x000000000000176c                keyboard_set_leds
 .text.keyboard_task
                0x00000000000017bc      0x140 .build/obj_ez_key_default/common/keyboard.o
                0x00000000000017bc                keyboard_task
 .text.action_exec
                0x00000000000018fc       0x54 .build/obj_ez_key_default/common/action.o
                0x00000000000018fc                action_exec
 .text.process_record_tap_hint
                0x0000000000001950        0xa .build/obj_ez_key_default/common/action.o
                0x0000000000001950                process_record_tap_hint
 .text.register_code
                0x000000000000195a      0x1b6 .build/obj_ez_key_default/common/action.o
                0x000000000000195a                register_code
 .text.unregister_code
                0x0000000000001b10       0x9e .build/obj_ez_key_default/common/action.o
                0x0000000000001b10                unregister_code
 .text.register_mods
                0x0000000000001bae        0xe .build/obj_ez_key_default/common/action.o
                0x0000000000001bae                register_mods
 .text.unregister_mods
                0x0000000000001bbc        0xe .build/obj_ez_key_default/common/action.o
                0x0000000000001bbc                unregister_mods
 .text.process_action
                0x0000000000001bca      0x504 .build/obj_ez_key_default/common/action.o
                0x0000000000001bca                process_action
 .text.process_record
                0x00000000000020ce       0x62 .build/obj_ez_key_default/common/action.o
                0x00000000000020ce                process_record
 .text.clear_keyboard_but_mods
                0x0000000000002130       0x28 .build/obj_ez_key_default/common/action.o
                0x0000000000002130                clear_keyboard_but_mods
 .text.clear_keyboard
                0x0000000000002158        0x8 .build/obj_ez_key_default/common/action.o
                0x0000000000002158                clear_keyboard
 .text.is_tap_key
                0x0000000000002160       0x5e .build/obj_ez_key_default/common/action.o
                0x0000000000002160                is_tap_key
 .text.debug_event
                0x00000000000021be       0x1e .build/obj_ez_key_default/common/action.o
                0x00000000000021be                debug_event
 .text.debug_record
                0x00000000000021dc       0x20 .build/obj_ez_key_default/common/action.o
                0x00000000000021dc                debug_record
 .text.debug_waiting_buffer
                0x00000000000021fc       0x42 .build/obj_ez_key_default/common/action_tapping.o
 .text.debug_tapping_key
                0x000000000000223e       0x1c .build/obj_ez_key_default/common/action_tapping.o
 .text.waiting_buffer_scan_tap
                0x000000000000225a       0xd6 .build/obj_ez_key_default/common/action_tapping.o
 .text.process_tapping
                0x0000000000002330      0x3a8 .build/obj_ez_key_default/common/action_tapping.o
 .text.action_tapping_process
                0x00000000000026d8      0x152 .build/obj_ez_key_default/common/action_tapping.o
                0x00000000000026d8                action_tapping_process
 .text.action_macro_play
                0x000000000000282a       0xf0 .build/obj_ez_key_default/common/action_macro.o
                0x000000000000282a                action_macro_play
 .text.default_layer_state_set_kb
                0x000000000000291a        0x2 .build/obj_ez_key_default/common/action_layer.o
                0x000000000000291a                default_layer_state_set_kb
 .text.default_layer_state_set
                0x000000000000291c       0x18 .build/obj_ez_key_default/common/action_layer.o
 .text.default_layer_debug
                0x0000000000002934        0x2 .build/obj_ez_key_default/common/action_layer.o
                0x0000000000002934                default_layer_debug
 .text.default_layer_set
                0x0000000000002936        0x4 .build/obj_ez_key_default/common/action_layer.o
                0x0000000000002936                default_layer_set
 .text.default_layer_or
                0x000000000000293a       0x24 .build/obj_ez_key_default/common/action_layer.o
                0x000000000000293a                default_layer_or
 .text.default_layer_and
                0x000000000000295e       0x24 .build/obj_ez_key_default/common/action_layer.o
                0x000000000000295e                default_layer_and
 .text.default_layer_xor
                0x0000000000002982       0x24 .build/obj_ez_key_default/common/action_layer.o
                0x0000000000002982                default_layer_xor
 .text.layer_state_set_user
                0x00000000000029a6        0x4 .build/obj_ez_key_default/common/action_layer.o
                0x00000000000029a6                layer_state_set_user
 .text.layer_state_set_kb
                0x00000000000029aa        0x4 .build/obj_ez_key_default/common/action_layer.o
                0x00000000000029aa                layer_state_set_kb
 .text.layer_state_set
                0x00000000000029ae       0x18 .build/obj_ez_key_default/common/action_layer.o
                0x00000000000029ae                layer_state_set
 .text.layer_clear
                0x00000000000029c6        0xa .build/obj_ez_key_default/common/action_layer.o
                0x00000000000029c6                layer_clear
 .text.layer_move
                0x00000000000029d0       0x2a .build/obj_ez_key_default/common/action_layer.o
                0x00000000000029d0                layer_move
 .text.layer_on
                0x00000000000029fa       0x42 .build/obj_ez_key_default/common/action_layer.o
                0x00000000000029fa                layer_on
 .text.layer_off
                0x0000000000002a3c       0x46 .build/obj_ez_key_default/common/action_layer.o
                0x0000000000002a3c                layer_off
 .text.layer_invert
                0x0000000000002a82       0x42 .build/obj_ez_key_default/common/action_layer.o
                0x0000000000002a82                layer_invert
 .text.layer_or
                0x0000000000002ac4       0x24 .build/obj_ez_key_default/common/action_layer.o
                0x0000000000002ac4                layer_or
 .text.layer_and
                0x0000000000002ae8       0x24 .build/obj_ez_key_default/common/action_layer.o
                0x0000000000002ae8                layer_and
 .text.layer_xor
                0x0000000000002b0c       0x24 .build/obj_ez_key_default/common/action_layer.o
                0x0000000000002b0c                layer_xor
 .text.layer_debug
                0x0000000000002b30        0x2 .build/obj_ez_key_default/common/action_layer.o
                0x0000000000002b30                layer_debug
 .text.layer_switch_get_layer
                0x0000000000002b32       0x84 .build/obj_ez_key_default/common/action_layer.o
                0x0000000000002b32                layer_switch_get_layer
 .text.layer_switch_get_action
                0x0000000000002bb6       0x14 .build/obj_ez_key_default/common/action_layer.o
                0x0000000000002bb6                layer_switch_get_action
 .text.store_or_get_action
                0x0000000000002bca        0x6 .build/obj_ez_key_default/common/action_layer.o
                0x0000000000002bca                store_or_get_action
 .text.add_key  0x0000000000002bd0        0xe .build/obj_ez_key_default/common/action_util.o
                0x0000000000002bd0                add_key
 .text.del_key  0x0000000000002bde        0xe .build/obj_ez_key_default/common/action_util.o
                0x0000000000002bde                del_key
 .text.clear_keys
                0x0000000000002bec        0xc .build/obj_ez_key_default/common/action_util.o
                0x0000000000002bec                clear_keys
 .text.get_oneshot_layer
                0x0000000000002bf8        0xc .build/obj_ez_key_default/common/action_util.o
                0x0000000000002bf8                get_oneshot_layer
 .text.get_oneshot_layer_state
                0x0000000000002c04        0x8 .build/obj_ez_key_default/common/action_util.o
                0x0000000000002c04                get_oneshot_layer_state
 .text.set_oneshot_layer
                0x0000000000002c0c       0x12 .build/obj_ez_key_default/common/action_util.o
                0x0000000000002c0c                set_oneshot_layer
 .text.clear_oneshot_layer_state
                0x0000000000002c1e       0x2c .build/obj_ez_key_default/common/action_util.o
                0x0000000000002c1e                clear_oneshot_layer_state
 .text.is_oneshot_layer_active
                0x0000000000002c4a        0xe .build/obj_ez_key_default/common/action_util.o
                0x0000000000002c4a                is_oneshot_layer_active
 .text.send_keyboard_report
                0x0000000000002c58       0x66 .build/obj_ez_key_default/common/action_util.o
                0x0000000000002c58                send_keyboard_report
 .text.get_mods
                0x0000000000002cbe        0x6 .build/obj_ez_key_default/common/action_util.o
                0x0000000000002cbe                get_mods
 .text.add_mods
                0x0000000000002cc4        0xc .build/obj_ez_key_default/common/action_util.o
                0x0000000000002cc4                add_mods
 .text.del_mods
                0x0000000000002cd0       0x10 .build/obj_ez_key_default/common/action_util.o
                0x0000000000002cd0                del_mods
 .text.clear_mods
                0x0000000000002ce0        0x6 .build/obj_ez_key_default/common/action_util.o
                0x0000000000002ce0                clear_mods
 .text.add_weak_mods
                0x0000000000002ce6        0xc .build/obj_ez_key_default/common/action_util.o
                0x0000000000002ce6                add_weak_mods
 .text.del_weak_mods
                0x0000000000002cf2       0x10 .build/obj_ez_key_default/common/action_util.o
                0x0000000000002cf2                del_weak_mods
 .text.clear_weak_mods
                0x0000000000002d02        0x6 .build/obj_ez_key_default/common/action_util.o
                0x0000000000002d02                clear_weak_mods
 .text.add_macro_mods
                0x0000000000002d08        0xc .build/obj_ez_key_default/common/action_util.o
                0x0000000000002d08                add_macro_mods
 .text.del_macro_mods
                0x0000000000002d14       0x10 .build/obj_ez_key_default/common/action_util.o
                0x0000000000002d14                del_macro_mods
 .text.clear_macro_mods
                0x0000000000002d24        0x6 .build/obj_ez_key_default/common/action_util.o
                0x0000000000002d24                clear_macro_mods
 .text.set_oneshot_mods
                0x0000000000002d2a        0x6 .build/obj_ez_key_default/common/action_util.o
                0x0000000000002d2a                set_oneshot_mods
 .text.clear_oneshot_mods
                0x0000000000002d30        0x6 .build/obj_ez_key_default/common/action_util.o
                0x0000000000002d30                clear_oneshot_mods
 .text.print_set_sendchar
                0x0000000000002d36        0xa .build/obj_ez_key_default/common/print.o
                0x0000000000002d36                print_set_sendchar
 .text.bitrev   0x0000000000002d40       0x30 .build/obj_ez_key_default/common/util.o
                0x0000000000002d40                bitrev
 .text.eeconfig_init
                0x0000000000002d70       0x34 .build/obj_ez_key_default/common/eeconfig.o
                0x0000000000002d70                eeconfig_init
 .text.eeconfig_is_enabled
                0x0000000000002da4       0x16 .build/obj_ez_key_default/common/eeconfig.o
                0x0000000000002da4                eeconfig_is_enabled
 .text.eeconfig_read_debug
                0x0000000000002dba        0x8 .build/obj_ez_key_default/common/eeconfig.o
                0x0000000000002dba                eeconfig_read_debug
 .text.eeconfig_read_default_layer
                0x0000000000002dc2        0x8 .build/obj_ez_key_default/common/eeconfig.o
                0x0000000000002dc2                eeconfig_read_default_layer
 .text.eeconfig_read_keymap
                0x0000000000002dca        0x8 .build/obj_ez_key_default/common/eeconfig.o
                0x0000000000002dca                eeconfig_read_keymap
 .text.eeconfig_update_keymap
                0x0000000000002dd2        0xa .build/obj_ez_key_default/common/eeconfig.o
                0x0000000000002dd2                eeconfig_update_keymap
 .text.has_anykey
                0x0000000000002ddc       0x1a .build/obj_ez_key_default/common/report.o
                0x0000000000002ddc                has_anykey
 .text.add_key_byte
                0x0000000000002df6       0x34 .build/obj_ez_key_default/common/report.o
                0x0000000000002df6                add_key_byte
 .text.del_key_byte
                0x0000000000002e2a       0x1a .build/obj_ez_key_default/common/report.o
                0x0000000000002e2a                del_key_byte
 .text.add_key_to_report
                0x0000000000002e44        0x4 .build/obj_ez_key_default/common/report.o
                0x0000000000002e44                add_key_to_report
 .text.del_key_from_report
                0x0000000000002e48        0x4 .build/obj_ez_key_default/common/report.o
                0x0000000000002e48                del_key_from_report
 .text.clear_keys_from_report
                0x0000000000002e4c       0x12 .build/obj_ez_key_default/common/report.o
                0x0000000000002e4c                clear_keys_from_report
 .text.suspend_power_down
                0x0000000000002e5e       0x58 .build/obj_ez_key_default/common/avr/suspend.o
                0x0000000000002e5e                suspend_power_down
 .text.matrix_power_up
                0x0000000000002eb6        0x2 .build/obj_ez_key_default/common/avr/suspend.o
                0x0000000000002eb6                matrix_power_up
 .text.matrix_power_down
                0x0000000000002eb8        0x2 .build/obj_ez_key_default/common/avr/suspend.o
                0x0000000000002eb8                matrix_power_down
 .text.suspend_wakeup_condition
                0x0000000000002eba       0x2a .build/obj_ez_key_default/common/avr/suspend.o
                0x0000000000002eba                suspend_wakeup_condition
 .text.suspend_wakeup_init
                0x0000000000002ee4        0xc .build/obj_ez_key_default/common/avr/suspend.o
                0x0000000000002ee4                suspend_wakeup_init
 .text.__vector_12
                0x0000000000002ef0       0x52 .build/obj_ez_key_default/common/avr/suspend.o
                0x0000000000002ef0                __vector_12
 .text.timer_init
                0x0000000000002f42       0x12 .build/obj_ez_key_default/common/avr/timer.o
                0x0000000000002f42                timer_init
 .text.timer_read
                0x0000000000002f54       0x18 .build/obj_ez_key_default/common/avr/timer.o
                0x0000000000002f54                timer_read
 .text.timer_read32
                0x0000000000002f6c       0x18 .build/obj_ez_key_default/common/avr/timer.o
                0x0000000000002f6c                timer_read32
 .text.timer_elapsed
                0x0000000000002f84       0x54 .build/obj_ez_key_default/common/avr/timer.o
                0x0000000000002f84                timer_elapsed
 .text.__vector_21
                0x0000000000002fd8       0x4c .build/obj_ez_key_default/common/avr/timer.o
                0x0000000000002fd8                __vector_21
 .text.bootloader_jump
                0x0000000000003024       0x48 .build/obj_ez_key_default/common/avr/bootloader.o
                0x0000000000003024                bootloader_jump
 .text.magic    0x000000000000306c       0x32 .build/obj_ez_key_default/common/magic.o
                0x000000000000306c                magic
 .text.move_unit
                0x000000000000309e       0x94 .build/obj_ez_key_default/common/mousekey.o
 .text.wheel_unit
                0x0000000000003132       0x72 .build/obj_ez_key_default/common/mousekey.o
 .text.mousekey_on
                0x00000000000031a4       0xd0 .build/obj_ez_key_default/common/mousekey.o
                0x00000000000031a4                mousekey_on
 .text.mousekey_off
                0x0000000000003274      0x108 .build/obj_ez_key_default/common/mousekey.o
                0x0000000000003274                mousekey_off
 .text.mousekey_send
                0x000000000000337c      0x11a .build/obj_ez_key_default/common/mousekey.o
                0x000000000000337c                mousekey_send
 .text.mousekey_task
                0x0000000000003496      0x116 .build/obj_ez_key_default/common/mousekey.o
                0x0000000000003496                mousekey_task
 .text.mousekey_clear
                0x00000000000035ac       0x18 .build/obj_ez_key_default/common/mousekey.o
                0x00000000000035ac                mousekey_clear
 .text.mousekey_console_help
                0x00000000000035c4       0x2e .build/obj_ez_key_default/common/command.o
 .text.mousekey_param_inc
                0x00000000000035f2      0x148 .build/obj_ez_key_default/common/command.o
 .text.mousekey_param_dec
                0x000000000000373a       0xfe .build/obj_ez_key_default/common/command.o
 .text.switch_default_layer
                0x0000000000003838       0x3c .build/obj_ez_key_default/common/command.o
 .text.command_common
                0x0000000000003874      0x206 .build/obj_ez_key_default/common/command.o
 .text.command_extra
                0x0000000000003a7a        0x4 .build/obj_ez_key_default/common/command.o
                0x0000000000003a7a                command_extra
 .text.command_console_extra
                0x0000000000003a7e        0x4 .build/obj_ez_key_default/common/command.o
                0x0000000000003a7e                command_console_extra
 .text.numkey2num
                0x0000000000003a82       0x16 .build/obj_ez_key_default/common/command.o
                0x0000000000003a82                numkey2num
 .text.command_proc
                0x0000000000003a98      0x290 .build/obj_ez_key_default/common/command.o
                0x0000000000003a98                command_proc
 .text.keyboard_leds
                0x0000000000003d28        0x6 .build/obj_ez_key_default/lufa.o
 .text.sendchar
                0x0000000000003d2e       0xc6 .build/obj_ez_key_default/lufa.o
                0x0000000000003d2e                sendchar
 .text.send_consumer
                0x0000000000003df4       0x74 .build/obj_ez_key_default/lufa.o
 .text.send_system
                0x0000000000003e68       0x6c .build/obj_ez_key_default/lufa.o
 .text.send_mouse
                0x0000000000003ed4       0x56 .build/obj_ez_key_default/lufa.o
 .text.send_keyboard
                0x0000000000003f2a       0x66 .build/obj_ez_key_default/lufa.o
 .text.EVENT_USB_Device_Connect
                0x0000000000003f90       0x24 .build/obj_ez_key_default/lufa.o
                0x0000000000003f90                EVENT_USB_Device_Connect
 .text.EVENT_USB_Device_Disconnect
                0x0000000000003fb4        0xe .build/obj_ez_key_default/lufa.o
                0x0000000000003fb4                EVENT_USB_Device_Disconnect
 .text.EVENT_USB_Device_Reset
                0x0000000000003fc2        0x8 .build/obj_ez_key_default/lufa.o
                0x0000000000003fc2                EVENT_USB_Device_Reset
 .text.EVENT_USB_Device_Suspend
                0x0000000000003fca        0x8 .build/obj_ez_key_default/lufa.o
                0x0000000000003fca                EVENT_USB_Device_Suspend
 .text.EVENT_USB_Device_WakeUp
                0x0000000000003fd2        0xc .build/obj_ez_key_default/lufa.o
                0x0000000000003fd2                EVENT_USB_Device_WakeUp
 .text.EVENT_USB_Device_StartOfFrame
                0x0000000000003fde       0x84 .build/obj_ez_key_default/lufa.o
                0x0000000000003fde                EVENT_USB_Device_StartOfFrame
 .text.EVENT_USB_Device_ConfigurationChanged
                0x0000000000004062       0x28 .build/obj_ez_key_default/lufa.o
                0x0000000000004062                EVENT_USB_Device_ConfigurationChanged
 .text.EVENT_USB_Device_ControlRequest
                0x000000000000408a      0x154 .build/obj_ez_key_default/lufa.o
                0x000000000000408a                EVENT_USB_Device_ControlRequest
 .text.startup.main
                0x00000000000041de       0x8e .build/obj_ez_key_default/lufa.o
                0x00000000000041de                main
 .text.CALLBACK_USB_GetDescriptor
                0x000000000000426c        0x4 .build/obj_ez_key_default/lufa.o
                0x000000000000426c                CALLBACK_USB_GetDescriptor
 .text.get_usb_descriptor
                0x0000000000004270       0xb6 .build/obj_ez_key_default/usb_descriptor.o
                0x0000000000004270                get_usb_descriptor
 .text.set_output_user
                0x0000000000004326        0x2 .build/obj_ez_key_default/outputselect.o
                0x0000000000004326                set_output_user
 .text.set_output
                0x0000000000004328       0x10 .build/obj_ez_key_default/outputselect.o
                0x0000000000004328                set_output
 .text.auto_detect_output
                0x0000000000004338       0x10 .build/obj_ez_key_default/outputselect.o
                0x0000000000004338                auto_detect_output
 .text.where_to_send
                0x0000000000004348        0xe .build/obj_ez_key_default/outputselect.o
                0x0000000000004348                where_to_send
 .text.USB_Device_SendRemoteWakeup
                0x0000000000004356       0x2c .build/obj_ez_key_default/./lib/lufa/LUFA/Drivers/USB/Core/AVR8/Device_AVR8.o
                0x0000000000004356                USB_Device_SendRemoteWakeup
 .text.Endpoint_Write_Stream_LE
                0x0000000000004382       0x9e .build/obj_ez_key_default/./lib/lufa/LUFA/Drivers/USB/Core/AVR8/EndpointStream_AVR8.o
                0x0000000000004382                Endpoint_Write_Stream_LE
 .text.Endpoint_Write_Control_Stream_LE
                0x0000000000004420       0xbe .build/obj_ez_key_default/./lib/lufa/LUFA/Drivers/USB/Core/AVR8/EndpointStream_AVR8.o
                0x0000000000004420                Endpoint_Write_Control_Stream_LE
 .text.Endpoint_Write_Control_PStream_LE
                0x00000000000044de       0xc0 .build/obj_ez_key_default/./lib/lufa/LUFA/Drivers/USB/Core/AVR8/EndpointStream_AVR8.o
                0x00000000000044de                Endpoint_Write_Control_PStream_LE
 .text.Endpoint_ConfigureEndpoint_Prv
                0x000000000000459e       0x68 .build/obj_ez_key_default/./lib/lufa/LUFA/Drivers/USB/Core/AVR8/Endpoint_AVR8.o
                0x000000000000459e                Endpoint_ConfigureEndpoint_Prv
 .text.Endpoint_ClearStatusStage
                0x0000000000004606       0x3e .build/obj_ez_key_default/./lib/lufa/LUFA/Drivers/USB/Core/AVR8/Endpoint_AVR8.o
                0x0000000000004606                Endpoint_ClearStatusStage
 .text.Endpoint_WaitUntilReady
                0x0000000000004644       0x5e .build/obj_ez_key_default/./lib/lufa/LUFA/Drivers/USB/Core/AVR8/Endpoint_AVR8.o
                0x0000000000004644                Endpoint_WaitUntilReady
 .text.USB_Disable
                0x00000000000046a2       0x34 .build/obj_ez_key_default/./lib/lufa/LUFA/Drivers/USB/Core/AVR8/USBController_AVR8.o
                0x00000000000046a2                USB_Disable
 .text.USB_ResetInterface
                0x00000000000046d6       0x86 .build/obj_ez_key_default/./lib/lufa/LUFA/Drivers/USB/Core/AVR8/USBController_AVR8.o
                0x00000000000046d6                USB_ResetInterface
 .text.USB_Init
                0x000000000000475c       0x22 .build/obj_ez_key_default/./lib/lufa/LUFA/Drivers/USB/Core/AVR8/USBController_AVR8.o
                0x000000000000475c                USB_Init
 .text.USB_INT_DisableAllInterrupts
                0x000000000000477e       0x10 .build/obj_ez_key_default/./lib/lufa/LUFA/Drivers/USB/Core/AVR8/USBInterrupt_AVR8.o
                0x000000000000477e                USB_INT_DisableAllInterrupts
 .text.USB_INT_ClearAllInterrupts
                0x000000000000478e        0xa .build/obj_ez_key_default/./lib/lufa/LUFA/Drivers/USB/Core/AVR8/USBInterrupt_AVR8.o
                0x000000000000478e                USB_INT_ClearAllInterrupts
 .text.__vector_10
                0x0000000000004798      0x1a6 .build/obj_ez_key_default/./lib/lufa/LUFA/Drivers/USB/Core/AVR8/USBInterrupt_AVR8.o
                0x0000000000004798                __vector_10
 .text.__vector_11
                0x000000000000493e       0x78 .build/obj_ez_key_default/./lib/lufa/LUFA/Drivers/USB/Core/AVR8/USBInterrupt_AVR8.o
                0x000000000000493e                __vector_11
 .text.USB_Device_ProcessControlRequest
                0x00000000000049b6      0x2b6 .build/obj_ez_key_default/./lib/lufa/LUFA/Drivers/USB/Core/DeviceStandardReq.o
                0x00000000000049b6                USB_Device_ProcessControlRequest
 .text.USB_USBTask
                0x0000000000004c6c       0x38 .build/obj_ez_key_default/./lib/lufa/LUFA/Drivers/USB/Core/USBTask.o
                0x0000000000004c6c                USB_USBTask
 .text.libgcc.div
                0x0000000000004ca4       0x18 /usr/lib/gcc/avr/7.3.0/avr5/libgcc.a(_udivmodqi4.o)
                0x0000000000004ca4                __udivmodqi4
 .text.libgcc.div
                0x0000000000004cbc       0x28 /usr/lib/gcc/avr/7.3.0/avr5/libgcc.a(_divmodhi4.o)
                0x0000000000004cbc                __divmodhi4
                0x0000000000004cbc                _div
 .text.libgcc   0x0000000000004ce4        0xc /usr/lib/gcc/avr/7.3.0/avr5/libgcc.a(_tablejump2.o)
                0x0000000000004ce4                __tablejump2__
 .text.libgcc.div
                0x0000000000004cf0       0x28 /usr/lib/gcc/avr/7.3.0/avr5/libgcc.a(_udivmodhi4.o)
                0x0000000000004cf0                __udivmodhi4
 .text.avr-libc
                0x0000000000004d18       0x10 /usr/lib/gcc/avr/7.3.0/../../../../avr/lib/avr5/libatmega32u4.a(eerd_byte.o)
                0x0000000000004d18                eeprom_read_byte
 .text.avr-libc
                0x0000000000004d28        0xc /usr/lib/gcc/avr/7.3.0/../../../../avr/lib/avr5/libatmega32u4.a(eerd_word.o)
                0x0000000000004d28                eeprom_read_word
 .text.avr-libc
                0x0000000000004d34       0x24 /usr/lib/gcc/avr/7.3.0/../../../../avr/lib/avr5/libatmega32u4.a(eeupd_byte.o)
                0x0000000000004d34                eeprom_update_byte
                0x0000000000004d36                eeprom_update_r18
 .text.avr-libc
                0x0000000000004d58        0xc /usr/lib/gcc/avr/7.3.0/../../../../avr/lib/avr5/libatmega32u4.a(eeupd_word.o)
                0x0000000000004d58                eeprom_update_word
 .text.avr-libc
                0x0000000000004d64       0x20 /usr/lib/gcc/avr/7.3.0/../../../../avr/lib/avr5/libatmega32u4.a(eerd_block.o)
                0x0000000000004d64                eeprom_read_block
                0x0000000000004d68                eeprom_read_blraw
                0x0000000000004d84                . = ALIGN (0x2)
 *(.fini9)
 .fini9         0x0000000000004d84        0x0 /usr/lib/gcc/avr/7.3.0/avr5/libgcc.a(_exit.o)
                0x0000000000004d84                exit
                0x0000000000004d84                _exit
 *(.fini9)
 *(.fini8)
 *(.fini8)
 *(.fini7)
 *(.fini7)
 *(.fini6)
 *(.fini6)
 *(.fini5)
 *(.fini5)
 *(.fini4)
 *(.fini4)
 *(.fini3)
 *(.fini3)
 *(.fini2)
 *(.fini2)
 *(.fini1)
 *(.fini1)
 *(.fini0)
 .fini0         0x0000000000004d84        0x4 /usr/lib/gcc/avr/7.3.0/avr5/libgcc.a(_exit.o)
 *(.fini0)
 *(.hightext)
 *(.hightext*)
 *(.progmemx.*)
                0x0000000000004d88                . = ALIGN (0x2)
 *(.jumptables)
 *(.jumptables*)
                0x0000000000004d88                _etext = .

.data           0x0000000000800100       0x34 load address 0x0000000000004d88
                0x0000000000800100                PROVIDE (__data_start = .)
 *(.data)
 *(.data*)
 .data.keyboard_report
                0x0000000000800100        0x2 .build/obj_ez_key_default/common/action_util.o
                0x0000000000800100                keyboard_report
 .data.mk_wheel_time_to_max
                0x0000000000800102        0x1 .build/obj_ez_key_default/common/mousekey.o
                0x0000000000800102                mk_wheel_time_to_max
 .data.mk_wheel_max_speed
                0x0000000000800103        0x1 .build/obj_ez_key_default/common/mousekey.o
                0x0000000000800103                mk_wheel_max_speed
 .data.mk_time_to_max
                0x0000000000800104        0x1 .build/obj_ez_key_default/common/mousekey.o
                0x0000000000800104                mk_time_to_max
 .data.mk_max_speed
                0x0000000000800105        0x1 .build/obj_ez_key_default/common/mousekey.o
                0x0000000000800105                mk_max_speed
 .data.mk_interval
                0x0000000000800106        0x1 .build/obj_ez_key_default/common/mousekey.o
                0x0000000000800106                mk_interval
 .data.mk_delay
                0x0000000000800107        0x1 .build/obj_ez_key_default/common/mousekey.o
                0x0000000000800107                mk_delay
 .data.lufa_driver
                0x0000000000800108        0xa .build/obj_ez_key_default/lufa.o
                0x0000000000800108                lufa_driver
 .data.keyboard_protocol
                0x0000000000800112        0x1 .build/obj_ez_key_default/lufa.o
                0x0000000000800112                keyboard_protocol
 *(.gnu.linkonce.d*)
 *(.rodata)
 *(.rodata*)
 .rodata.row_pins
                0x0000000000800113        0x2 .build/obj_ez_key_default/quantum/matrix.o
 .rodata.CSWTCH.72
                0x0000000000800115        0xa .build/obj_ez_key_default/common/command.o
 .rodata.CSWTCH.3
                0x000000000080011f        0x4 .build/obj_ez_key_default/usb_descriptor.o
 .rodata.CSWTCH.2
                0x0000000000800123        0x8 .build/obj_ez_key_default/usb_descriptor.o
 .rodata.CSWTCH.1
                0x000000000080012b        0x8 .build/obj_ez_key_default/usb_descriptor.o
 *(.gnu.linkonce.r*)
                0x0000000000800134                . = ALIGN (0x2)
 *fill*         0x0000000000800133        0x1 
                0x0000000000800134                _edata = .
                0x0000000000800134                PROVIDE (__data_end = .)

.bss            0x0000000000800134       0xa4
                0x0000000000800134                PROVIDE (__bss_start = .)
 *(.bss)
 .bss           0x0000000000800134        0x2 .build/obj_ez_key_default/common/avr/xprintf.o
                0x0000000000800134                xfunc_out
 *(.bss*)
 .bss.grave_esc_was_shifted
                0x0000000000800136        0x1 .build/obj_ez_key_default/quantum/quantum.o
 .bss.scs_timer
                0x0000000000800137        0x4 .build/obj_ez_key_default/quantum/quantum.o
 .bss.shift_interrupted
                0x000000000080013b        0x2 .build/obj_ez_key_default/quantum/quantum.o
 .bss.leader_sequence_size
                0x000000000080013d        0x1 .build/obj_ez_key_default/quantum/process_keycode/process_leader.o
                0x000000000080013d                leader_sequence_size
 .bss.leader_sequence
                0x000000000080013e        0xa .build/obj_ez_key_default/quantum/process_keycode/process_leader.o
                0x000000000080013e                leader_sequence
 .bss.leader_time
                0x0000000000800148        0x2 .build/obj_ez_key_default/quantum/process_keycode/process_leader.o
                0x0000000000800148                leader_time
 .bss.leading   0x000000000080014a        0x1 .build/obj_ez_key_default/quantum/process_keycode/process_leader.o
                0x000000000080014a                leading
 .bss.matrix_debouncing
                0x000000000080014b        0x2 .build/obj_ez_key_default/quantum/matrix.o
 .bss.matrix    0x000000000080014d        0x2 .build/obj_ez_key_default/quantum/matrix.o
 .bss.debouncing
                0x000000000080014f        0x1 .build/obj_ez_key_default/quantum/matrix.o
 .bss.debouncing_time
                0x0000000000800150        0x2 .build/obj_ez_key_default/quantum/matrix.o
 .bss.last_consumer_report
                0x0000000000800152        0x2 .build/obj_ez_key_default/common/host.o
 .bss.last_system_report
                0x0000000000800154        0x2 .build/obj_ez_key_default/common/host.o
 .bss.driver    0x0000000000800156        0x2 .build/obj_ez_key_default/common/host.o
 .bss.led_status.2749
                0x0000000000800158        0x1 .build/obj_ez_key_default/common/keyboard.o
 .bss.matrix_prev.2748
                0x0000000000800159        0x2 .build/obj_ez_key_default/common/keyboard.o
 .bss.waiting_buffer_tail
                0x000000000080015b        0x1 .build/obj_ez_key_default/common/action_tapping.o
 .bss.waiting_buffer_head
                0x000000000080015c        0x1 .build/obj_ez_key_default/common/action_tapping.o
 .bss.waiting_buffer
                0x000000000080015d       0x30 .build/obj_ez_key_default/common/action_tapping.o
 .bss.tapping_key
                0x000000000080018d        0x6 .build/obj_ez_key_default/common/action_tapping.o
 .bss.layer_state
                0x0000000000800193        0x4 .build/obj_ez_key_default/common/action_layer.o
                0x0000000000800193                layer_state
 .bss.default_layer_state
                0x0000000000800197        0x4 .build/obj_ez_key_default/common/action_layer.o
                0x0000000000800197                default_layer_state
 .bss.oneshot_layer_data
                0x000000000080019b        0x1 .build/obj_ez_key_default/common/action_util.o
 .bss.oneshot_mods
                0x000000000080019c        0x1 .build/obj_ez_key_default/common/action_util.o
 .bss.__compound_literal.0
                0x000000000080019d        0x8 .build/obj_ez_key_default/common/action_util.o
 .bss.macro_mods
                0x00000000008001a5        0x1 .build/obj_ez_key_default/common/action_util.o
 .bss.weak_mods
                0x00000000008001a6        0x1 .build/obj_ez_key_default/common/action_util.o
 .bss.real_mods
                0x00000000008001a7        0x1 .build/obj_ez_key_default/common/action_util.o
 .bss.debug_config
                0x00000000008001a8        0x1 .build/obj_ez_key_default/common/debug.o
                0x00000000008001a8                debug_config
 .bss.wdt_timeout
                0x00000000008001a9        0x1 .build/obj_ez_key_default/common/avr/suspend.o
 .bss.last_timer
                0x00000000008001aa        0x2 .build/obj_ez_key_default/common/mousekey.o
 .bss.mousekey_accel
                0x00000000008001ac        0x1 .build/obj_ez_key_default/common/mousekey.o
 .bss.mousekey_repeat
                0x00000000008001ad        0x1 .build/obj_ez_key_default/common/mousekey.o
 .bss.mouse_report
                0x00000000008001ae        0x5 .build/obj_ez_key_default/common/mousekey.o
 .bss.mousekey_param
                0x00000000008001b3        0x1 .build/obj_ez_key_default/common/command.o
 .bss.command_state
                0x00000000008001b4        0x1 .build/obj_ez_key_default/common/command.o
                0x00000000008001b4                command_state
 .bss.timeouted.5644
                0x00000000008001b5        0x1 .build/obj_ez_key_default/lufa.o
 .bss.count.5575
                0x00000000008001b6        0x1 .build/obj_ez_key_default/lufa.o
 .bss.console_flush
                0x00000000008001b7        0x1 .build/obj_ez_key_default/lufa.o
 .bss.keyboard_report_sent
                0x00000000008001b8        0x8 .build/obj_ez_key_default/lufa.o
 .bss.keyboard_led_stats
                0x00000000008001c0        0x1 .build/obj_ez_key_default/lufa.o
 .bss.keyboard_idle
                0x00000000008001c1        0x1 .build/obj_ez_key_default/lufa.o
                0x00000000008001c1                keyboard_idle
 .bss.desired_output
                0x00000000008001c2        0x1 .build/obj_ez_key_default/outputselect.o
                0x00000000008001c2                desired_output
 *(COMMON)
 COMMON         0x00000000008001c3        0x2 .build/obj_ez_key_default/common/action.o
                0x00000000008001c3                tp_buttons
 COMMON         0x00000000008001c5        0x4 .build/obj_ez_key_default/common/avr/timer.o
                0x00000000008001c5                timer_count
 COMMON         0x00000000008001c9        0x2 .build/obj_ez_key_default/common/magic.o
                0x00000000008001c9                keymap_config
 COMMON         0x00000000008001cb        0x3 .build/obj_ez_key_default/./lib/lufa/LUFA/Drivers/USB/Core/DeviceStandardReq.o
                0x00000000008001cb                USB_Device_ConfigurationNumber
                0x00000000008001cc                USB_Device_CurrentlySelfPowered
                0x00000000008001cd                USB_Device_RemoteWakeupEnabled
 COMMON         0x00000000008001ce        0xa .build/obj_ez_key_default/./lib/lufa/LUFA/Drivers/USB/Core/USBTask.o
                0x00000000008001ce                USB_IsInitialized
                0x00000000008001cf                USB_DeviceState
                0x00000000008001d0                USB_ControlRequest
                0x00000000008001d8                PROVIDE (__bss_end = .)
                0x0000000000004d88                __data_load_start = LOADADDR (.data)
                0x0000000000004dbc                __data_load_end = (__data_load_start + SIZEOF (.data))

.noinit         0x00000000008001d8        0x4
                [!provide]                        PROVIDE (__noinit_start = .)
 *(.noinit*)
 .noinit        0x00000000008001d8        0x4 .build/obj_ez_key_default/common/avr/bootloader.o
                0x00000000008001d8                reset_key
                [!provide]                        PROVIDE (__noinit_end = .)
                0x00000000008001dc                _end = .
                [!provide]                        PROVIDE (__heap_start = .)

.eeprom         0x0000000000810000        0x0
 *(.eeprom*)
                0x0000000000810000                __eeprom_end = .

.fuse
 *(.fuse)
 *(.lfuse)
 *(.hfuse)
 *(.efuse)

.lock
 *(.lock*)

.signature
 *(.signature*)

.stab           0x0000000000000000      0x8b8
 *(.stab)
 .stab          0x0000000000000000      0x8b8 .build/obj_ez_key_default/common/avr/xprintf.o

.stabstr        0x0000000000000000       0x73
 *(.stabstr)
 .stabstr       0x0000000000000000       0x73 .build/obj_ez_key_default/common/avr/xprintf.o

.stab.excl
 *(.stab.excl)

.stab.exclstr
 *(.stab.exclstr)

.stab.index
 *(.stab.index)

.stab.indexstr
 *(.stab.indexstr)

.comment        0x0000000000000000       0x11
 *(.comment)
 .comment       0x0000000000000000       0x11 .build/obj_ez_key_default/keyboards/ez_key/ez_key.o
                                         0x12 (size before relaxing)
 .comment       0x0000000000000011       0x12 .build/obj_ez_key_default/keyboards/ez_key/keymaps/default/keymap.o
 .comment       0x0000000000000011       0x12 .build/obj_ez_key_default/quantum/quantum.o
 .comment       0x0000000000000011       0x12 .build/obj_ez_key_default/quantum/keymap_common.o
 .comment       0x0000000000000011       0x12 .build/obj_ez_key_default/quantum/keycode_config.o
 .comment       0x0000000000000011       0x12 .build/obj_ez_key_default/quantum/process_keycode/process_leader.o
 .comment       0x0000000000000011       0x12 .build/obj_ez_key_default/quantum/matrix.o
 .comment       0x0000000000000011       0x12 .build/obj_ez_key_default/common/host.o
 .comment       0x0000000000000011       0x12 .build/obj_ez_key_default/common/keyboard.o
 .comment       0x0000000000000011       0x12 .build/obj_ez_key_default/common/action.o
 .comment       0x0000000000000011       0x12 .build/obj_ez_key_default/common/action_tapping.o
 .comment       0x0000000000000011       0x12 .build/obj_ez_key_default/common/action_macro.o
 .comment       0x0000000000000011       0x12 .build/obj_ez_key_default/common/action_layer.o
 .comment       0x0000000000000011       0x12 .build/obj_ez_key_default/common/action_util.o
 .comment       0x0000000000000011       0x12 .build/obj_ez_key_default/common/print.o
 .comment       0x0000000000000011       0x12 .build/obj_ez_key_default/common/debug.o
 .comment       0x0000000000000011       0x12 .build/obj_ez_key_default/common/util.o
 .comment       0x0000000000000011       0x12 .build/obj_ez_key_default/common/eeconfig.o
 .comment       0x0000000000000011       0x12 .build/obj_ez_key_default/common/report.o
 .comment       0x0000000000000011       0x12 .build/obj_ez_key_default/common/avr/suspend.o
 .comment       0x0000000000000011       0x12 .build/obj_ez_key_default/common/avr/timer.o
 .comment       0x0000000000000011       0x12 .build/obj_ez_key_default/common/avr/bootloader.o
 .comment       0x0000000000000011       0x12 .build/obj_ez_key_default/common/magic.o
 .comment       0x0000000000000011       0x12 .build/obj_ez_key_default/common/mousekey.o
 .comment       0x0000000000000011       0x12 .build/obj_ez_key_default/common/command.o
 .comment       0x0000000000000011       0x12 .build/obj_ez_key_default/lufa.o
 .comment       0x0000000000000011       0x12 .build/obj_ez_key_default/usb_descriptor.o
 .comment       0x0000000000000011       0x12 .build/obj_ez_key_default/outputselect.o
 .comment       0x0000000000000011       0x12 .build/obj_ez_key_default/./lib/lufa/LUFA/Drivers/USB/Core/AVR8/Device_AVR8.o
 .comment       0x0000000000000011       0x12 .build/obj_ez_key_default/./lib/lufa/LUFA/Drivers/USB/Core/AVR8/EndpointStream_AVR8.o
 .comment       0x0000000000000011       0x12 .build/obj_ez_key_default/./lib/lufa/LUFA/Drivers/USB/Core/AVR8/Endpoint_AVR8.o
 .comment       0x0000000000000011       0x12 .build/obj_ez_key_default/./lib/lufa/LUFA/Drivers/USB/Core/AVR8/USBController_AVR8.o
 .comment       0x0000000000000011       0x12 .build/obj_ez_key_default/./lib/lufa/LUFA/Drivers/USB/Core/AVR8/USBInterrupt_AVR8.o
 .comment       0x0000000000000011       0x12 .build/obj_ez_key_default/./lib/lufa/LUFA/Drivers/USB/Core/DeviceStandardReq.o
 .comment       0x0000000000000011       0x12 .build/obj_ez_key_default/./lib/lufa/LUFA/Drivers/USB/Core/USBTask.o

.note.gnu.avr.deviceinfo
                0x0000000000000000       0x40
 .note.gnu.avr.deviceinfo
                0x0000000000000000       0x40 /usr/lib/gcc/avr/7.3.0/../../../../avr/lib/avr5/crtatmega32u4.o

.note.gnu.build-id
 *(.note.gnu.build-id)

.debug
 *(.debug)

.line
 *(.line)

.debug_srcinfo
 *(.debug_srcinfo)

.debug_sfnames
 *(.debug_sfnames)

.debug_aranges  0x0000000000000000      0xbb0
 *(.debug_aranges)
 .debug_aranges
                0x0000000000000000       0x38 .build/obj_ez_key_default/keyboards/ez_key/ez_key.o
 .debug_aranges
                0x0000000000000038       0x38 .build/obj_ez_key_default/keyboards/ez_key/keymaps/default/keymap.o
 .debug_aranges
                0x0000000000000070      0x110 .build/obj_ez_key_default/quantum/quantum.o
 .debug_aranges
                0x0000000000000180       0x40 .build/obj_ez_key_default/quantum/keymap_common.o
 .debug_aranges
                0x00000000000001c0       0x28 .build/obj_ez_key_default/quantum/keycode_config.o
 .debug_aranges
                0x00000000000001e8       0x28 .build/obj_ez_key_default/quantum/process_keycode/process_leader.o
 .debug_aranges
                0x0000000000000210       0x80 .build/obj_ez_key_default/quantum/matrix.o
 .debug_aranges
                0x0000000000000290       0x60 .build/obj_ez_key_default/common/host.o
 .debug_aranges
                0x00000000000002f0       0x48 .build/obj_ez_key_default/common/keyboard.o
 .debug_aranges
                0x0000000000000338       0x98 .build/obj_ez_key_default/common/action.o
 .debug_aranges
                0x00000000000003d0       0x40 .build/obj_ez_key_default/common/action_tapping.o
 .debug_aranges
                0x0000000000000410       0x20 .build/obj_ez_key_default/common/action_macro.o
 .debug_aranges
                0x0000000000000430       0xc8 .build/obj_ez_key_default/common/action_layer.o
 .debug_aranges
                0x00000000000004f8      0x120 .build/obj_ez_key_default/common/action_util.o
 .debug_aranges
                0x0000000000000618       0x20 .build/obj_ez_key_default/common/print.o
 .debug_aranges
                0x0000000000000638       0x18 .build/obj_ez_key_default/common/debug.o
 .debug_aranges
                0x0000000000000650       0x60 .build/obj_ez_key_default/common/util.o
 .debug_aranges
                0x00000000000006b0       0x68 .build/obj_ez_key_default/common/eeconfig.o
 .debug_aranges
                0x0000000000000718       0x50 .build/obj_ez_key_default/common/report.o
 .debug_aranges
                0x0000000000000768       0x48 .build/obj_ez_key_default/common/avr/suspend.o
 .debug_aranges
                0x00000000000007b0       0x50 .build/obj_ez_key_default/common/avr/timer.o
 .debug_aranges
                0x0000000000000800       0x28 .build/obj_ez_key_default/common/avr/bootloader.o
 .debug_aranges
                0x0000000000000828       0x20 .build/obj_ez_key_default/common/magic.o
 .debug_aranges
                0x0000000000000848       0x50 .build/obj_ez_key_default/common/mousekey.o
 .debug_aranges
                0x0000000000000898       0x58 .build/obj_ez_key_default/common/command.o
 .debug_aranges
                0x00000000000008f0       0x98 .build/obj_ez_key_default/lufa.o
 .debug_aranges
                0x0000000000000988       0x20 .build/obj_ez_key_default/usb_descriptor.o
 .debug_aranges
                0x00000000000009a8       0x38 .build/obj_ez_key_default/outputselect.o
 .debug_aranges
                0x00000000000009e0       0x20 .build/obj_ez_key_default/./lib/lufa/LUFA/Drivers/USB/Core/AVR8/Device_AVR8.o
 .debug_aranges
                0x0000000000000a00       0xc8 .build/obj_ez_key_default/./lib/lufa/LUFA/Drivers/USB/Core/AVR8/EndpointStream_AVR8.o
 .debug_aranges
                0x0000000000000ac8       0x40 .build/obj_ez_key_default/./lib/lufa/LUFA/Drivers/USB/Core/AVR8/Endpoint_AVR8.o
 .debug_aranges
                0x0000000000000b08       0x30 .build/obj_ez_key_default/./lib/lufa/LUFA/Drivers/USB/Core/AVR8/USBController_AVR8.o
 .debug_aranges
                0x0000000000000b38       0x38 .build/obj_ez_key_default/./lib/lufa/LUFA/Drivers/USB/Core/AVR8/USBInterrupt_AVR8.o
 .debug_aranges
                0x0000000000000b70       0x20 .build/obj_ez_key_default/./lib/lufa/LUFA/Drivers/USB/Core/DeviceStandardReq.o
 .debug_aranges
                0x0000000000000b90       0x20 .build/obj_ez_key_default/./lib/lufa/LUFA/Drivers/USB/Core/USBTask.o

.debug_pubnames
 *(.debug_pubnames)

.debug_info     0x0000000000000000    0x1634c
 *(.debug_info .gnu.linkonce.wi.*)
 .debug_info    0x0000000000000000      0x9f4 /usr/lib/gcc/avr/7.3.0/../../../../avr/lib/avr5/crtatmega32u4.o
 .debug_info    0x00000000000009f4      0x5cc .build/obj_ez_key_default/keyboards/ez_key/ez_key.o
 .debug_info    0x0000000000000fc0      0xa1f .build/obj_ez_key_default/keyboards/ez_key/keymaps/default/keymap.o
 .debug_info    0x00000000000019df     0x235f .build/obj_ez_key_default/quantum/quantum.o
 .debug_info    0x0000000000003d3e     0x1a1a .build/obj_ez_key_default/quantum/keymap_common.o
 .debug_info    0x0000000000005758      0x5fb .build/obj_ez_key_default/quantum/keycode_config.o
 .debug_info    0x0000000000005d53      0xdd1 .build/obj_ez_key_default/quantum/process_keycode/process_leader.o
 .debug_info    0x0000000000006b24      0x95c .build/obj_ez_key_default/quantum/matrix.o
 .debug_info    0x0000000000007480      0x587 .build/obj_ez_key_default/common/host.o
 .debug_info    0x0000000000007a07      0x6ee .build/obj_ez_key_default/common/keyboard.o
 .debug_info    0x00000000000080f5     0x1b57 .build/obj_ez_key_default/common/action.o
 .debug_info    0x0000000000009c4c      0xeee .build/obj_ez_key_default/common/action_tapping.o
 .debug_info    0x000000000000ab3a      0x8ac .build/obj_ez_key_default/common/action_macro.o
 .debug_info    0x000000000000b3e6      0xa20 .build/obj_ez_key_default/common/action_layer.o
 .debug_info    0x000000000000be06      0x8dc .build/obj_ez_key_default/common/action_util.o
 .debug_info    0x000000000000c6e2       0xda .build/obj_ez_key_default/common/print.o
 .debug_info    0x000000000000c7bc      0x123 .build/obj_ez_key_default/common/debug.o
 .debug_info    0x000000000000c8df      0x2a2 .build/obj_ez_key_default/common/util.o
 .debug_info    0x000000000000cb81      0x352 .build/obj_ez_key_default/common/eeconfig.o
 .debug_info    0x000000000000ced3      0x4a2 .build/obj_ez_key_default/common/report.o
 .debug_info    0x000000000000d375      0x626 .build/obj_ez_key_default/common/avr/suspend.o
 .debug_info    0x000000000000d99b      0x3aa .build/obj_ez_key_default/common/avr/timer.o
 .debug_info    0x000000000000dd45      0x382 .build/obj_ez_key_default/common/avr/bootloader.o
 .debug_info    0x000000000000e0c7      0x335 .build/obj_ez_key_default/common/magic.o
 .debug_info    0x000000000000e3fc      0x82e .build/obj_ez_key_default/common/mousekey.o
 .debug_info    0x000000000000ec2a     0x1454 .build/obj_ez_key_default/common/command.o
 .debug_info    0x000000000001007e     0x19dd .build/obj_ez_key_default/lufa.o
 .debug_info    0x0000000000011a5b      0x993 .build/obj_ez_key_default/usb_descriptor.o
 .debug_info    0x00000000000123ee      0x4db .build/obj_ez_key_default/outputselect.o
 .debug_info    0x00000000000128c9      0x18c .build/obj_ez_key_default/./lib/lufa/LUFA/Drivers/USB/Core/AVR8/Device_AVR8.o
 .debug_info    0x0000000000012a55     0x17d8 .build/obj_ez_key_default/./lib/lufa/LUFA/Drivers/USB/Core/AVR8/EndpointStream_AVR8.o
 .debug_info    0x000000000001422d      0x64a .build/obj_ez_key_default/./lib/lufa/LUFA/Drivers/USB/Core/AVR8/Endpoint_AVR8.o
 .debug_info    0x0000000000014877      0x54a .build/obj_ez_key_default/./lib/lufa/LUFA/Drivers/USB/Core/AVR8/USBController_AVR8.o
 .debug_info    0x0000000000014dc1      0x875 .build/obj_ez_key_default/./lib/lufa/LUFA/Drivers/USB/Core/AVR8/USBInterrupt_AVR8.o
 .debug_info    0x0000000000015636      0xa6f .build/obj_ez_key_default/./lib/lufa/LUFA/Drivers/USB/Core/DeviceStandardReq.o
 .debug_info    0x00000000000160a5      0x2a7 .build/obj_ez_key_default/./lib/lufa/LUFA/Drivers/USB/Core/USBTask.o

.debug_abbrev   0x0000000000000000     0x5410
 *(.debug_abbrev)
 .debug_abbrev  0x0000000000000000      0x96a /usr/lib/gcc/avr/7.3.0/../../../../avr/lib/avr5/crtatmega32u4.o
 .debug_abbrev  0x000000000000096a      0x179 .build/obj_ez_key_default/keyboards/ez_key/ez_key.o
 .debug_abbrev  0x0000000000000ae3      0x1ec .build/obj_ez_key_default/keyboards/ez_key/keymaps/default/keymap.o
 .debug_abbrev  0x0000000000000ccf      0x49b .build/obj_ez_key_default/quantum/quantum.o
 .debug_abbrev  0x000000000000116a      0x2a5 .build/obj_ez_key_default/quantum/keymap_common.o
 .debug_abbrev  0x000000000000140f       0xfd .build/obj_ez_key_default/quantum/keycode_config.o
 .debug_abbrev  0x000000000000150c      0x19f .build/obj_ez_key_default/quantum/process_keycode/process_leader.o
 .debug_abbrev  0x00000000000016ab      0x431 .build/obj_ez_key_default/quantum/matrix.o
 .debug_abbrev  0x0000000000001adc      0x203 .build/obj_ez_key_default/common/host.o
 .debug_abbrev  0x0000000000001cdf      0x23d .build/obj_ez_key_default/common/keyboard.o
 .debug_abbrev  0x0000000000001f1c      0x396 .build/obj_ez_key_default/common/action.o
 .debug_abbrev  0x00000000000022b2      0x303 .build/obj_ez_key_default/common/action_tapping.o
 .debug_abbrev  0x00000000000025b5      0x1d1 .build/obj_ez_key_default/common/action_macro.o
 .debug_abbrev  0x0000000000002786      0x2a1 .build/obj_ez_key_default/common/action_layer.o
 .debug_abbrev  0x0000000000002a27      0x266 .build/obj_ez_key_default/common/action_util.o
 .debug_abbrev  0x0000000000002c8d       0x97 .build/obj_ez_key_default/common/print.o
 .debug_abbrev  0x0000000000002d24       0xad .build/obj_ez_key_default/common/debug.o
 .debug_abbrev  0x0000000000002dd1       0xcb .build/obj_ez_key_default/common/util.o
 .debug_abbrev  0x0000000000002e9c       0xc2 .build/obj_ez_key_default/common/eeconfig.o
 .debug_abbrev  0x0000000000002f5e      0x185 .build/obj_ez_key_default/common/report.o
 .debug_abbrev  0x00000000000030e3      0x2c1 .build/obj_ez_key_default/common/avr/suspend.o
 .debug_abbrev  0x00000000000033a4      0x182 .build/obj_ez_key_default/common/avr/timer.o
 .debug_abbrev  0x0000000000003526      0x200 .build/obj_ez_key_default/common/avr/bootloader.o
 .debug_abbrev  0x0000000000003726      0x125 .build/obj_ez_key_default/common/magic.o
 .debug_abbrev  0x000000000000384b      0x25a .build/obj_ez_key_default/common/mousekey.o
 .debug_abbrev  0x0000000000003aa5      0x362 .build/obj_ez_key_default/common/command.o
 .debug_abbrev  0x0000000000003e07      0x4ad .build/obj_ez_key_default/lufa.o
 .debug_abbrev  0x00000000000042b4      0x1d9 .build/obj_ez_key_default/usb_descriptor.o
 .debug_abbrev  0x000000000000448d      0x1fe .build/obj_ez_key_default/outputselect.o
 .debug_abbrev  0x000000000000468b       0xb6 .build/obj_ez_key_default/./lib/lufa/LUFA/Drivers/USB/Core/AVR8/Device_AVR8.o
 .debug_abbrev  0x0000000000004741      0x20a .build/obj_ez_key_default/./lib/lufa/LUFA/Drivers/USB/Core/AVR8/EndpointStream_AVR8.o
 .debug_abbrev  0x000000000000494b      0x251 .build/obj_ez_key_default/./lib/lufa/LUFA/Drivers/USB/Core/AVR8/Endpoint_AVR8.o
 .debug_abbrev  0x0000000000004b9c      0x1af .build/obj_ez_key_default/./lib/lufa/LUFA/Drivers/USB/Core/AVR8/USBController_AVR8.o
 .debug_abbrev  0x0000000000004d4b      0x231 .build/obj_ez_key_default/./lib/lufa/LUFA/Drivers/USB/Core/AVR8/USBInterrupt_AVR8.o
 .debug_abbrev  0x0000000000004f7c      0x2fc .build/obj_ez_key_default/./lib/lufa/LUFA/Drivers/USB/Core/DeviceStandardReq.o
 .debug_abbrev  0x0000000000005278      0x198 .build/obj_ez_key_default/./lib/lufa/LUFA/Drivers/USB/Core/USBTask.o

.debug_line     0x0000000000000000     0x8abd
 *(.debug_line .debug_line.* .debug_line_end)
 .debug_line    0x0000000000000000       0x1d /usr/lib/gcc/avr/7.3.0/../../../../avr/lib/avr5/crtatmega32u4.o
 .debug_line    0x000000000000001d      0x1bb .build/obj_ez_key_default/keyboards/ez_key/ez_key.o
 .debug_line    0x00000000000001d8      0x208 .build/obj_ez_key_default/keyboards/ez_key/keymaps/default/keymap.o
 .debug_line    0x00000000000003e0      0xa99 .build/obj_ez_key_default/quantum/quantum.o
 .debug_line    0x0000000000000e79      0x43d .build/obj_ez_key_default/quantum/keymap_common.o
 .debug_line    0x00000000000012b6      0x1bd .build/obj_ez_key_default/quantum/keycode_config.o
 .debug_line    0x0000000000001473      0x230 .build/obj_ez_key_default/quantum/process_keycode/process_leader.o
 .debug_line    0x00000000000016a3      0x32e .build/obj_ez_key_default/quantum/matrix.o
 .debug_line    0x00000000000019d1      0x22f .build/obj_ez_key_default/common/host.o
 .debug_line    0x0000000000001c00      0x2b7 .build/obj_ez_key_default/common/keyboard.o
 .debug_line    0x0000000000001eb7      0x9b8 .build/obj_ez_key_default/common/action.o
 .debug_line    0x000000000000286f      0x58d .build/obj_ez_key_default/common/action_tapping.o
 .debug_line    0x0000000000002dfc      0x1bd .build/obj_ez_key_default/common/action_macro.o
 .debug_line    0x0000000000002fb9      0x397 .build/obj_ez_key_default/common/action_layer.o
 .debug_line    0x0000000000003350      0x49d .build/obj_ez_key_default/common/action_util.o
 .debug_line    0x00000000000037ed       0x96 .build/obj_ez_key_default/common/print.o
 .debug_line    0x0000000000003883       0x85 .build/obj_ez_key_default/common/debug.o
 .debug_line    0x0000000000003908      0x288 .build/obj_ez_key_default/common/util.o
 .debug_line    0x0000000000003b90      0x17a .build/obj_ez_key_default/common/eeconfig.o
 .debug_line    0x0000000000003d0a      0x1d3 .build/obj_ez_key_default/common/report.o
 .debug_line    0x0000000000003edd      0x2ca .build/obj_ez_key_default/common/avr/suspend.o
 .debug_line    0x00000000000041a7      0x25c .build/obj_ez_key_default/common/avr/timer.o
 .debug_line    0x0000000000004403      0x1c5 .build/obj_ez_key_default/common/avr/bootloader.o
 .debug_line    0x00000000000045c8      0x10d .build/obj_ez_key_default/common/magic.o
 .debug_line    0x00000000000046d5      0x666 .build/obj_ez_key_default/common/mousekey.o
 .debug_line    0x0000000000004d3b      0x695 .build/obj_ez_key_default/common/command.o
 .debug_line    0x00000000000053d0      0xb06 .build/obj_ez_key_default/lufa.o
 .debug_line    0x0000000000005ed6      0x229 .build/obj_ez_key_default/usb_descriptor.o
 .debug_line    0x00000000000060ff      0x1eb .build/obj_ez_key_default/outputselect.o
 .debug_line    0x00000000000062ea      0x178 .build/obj_ez_key_default/./lib/lufa/LUFA/Drivers/USB/Core/AVR8/Device_AVR8.o
 .debug_line    0x0000000000006462     0x1389 .build/obj_ez_key_default/./lib/lufa/LUFA/Drivers/USB/Core/AVR8/EndpointStream_AVR8.o
 .debug_line    0x00000000000077eb      0x4ab .build/obj_ez_key_default/./lib/lufa/LUFA/Drivers/USB/Core/AVR8/Endpoint_AVR8.o
 .debug_line    0x0000000000007c96      0x2f3 .build/obj_ez_key_default/./lib/lufa/LUFA/Drivers/USB/Core/AVR8/USBController_AVR8.o
 .debug_line    0x0000000000007f89      0x527 .build/obj_ez_key_default/./lib/lufa/LUFA/Drivers/USB/Core/AVR8/USBInterrupt_AVR8.o
 .debug_line    0x00000000000084b0      0x49b .build/obj_ez_key_default/./lib/lufa/LUFA/Drivers/USB/Core/DeviceStandardReq.o
 .debug_line    0x000000000000894b      0x172 .build/obj_ez_key_default/./lib/lufa/LUFA/Drivers/USB/Core/USBTask.o

.debug_frame    0x0000000000000000     0x1fa8
 *(.debug_frame)
 .debug_frame   0x0000000000000000       0x54 .build/obj_ez_key_default/keyboards/ez_key/ez_key.o
 .debug_frame   0x0000000000000054       0x64 .build/obj_ez_key_default/keyboards/ez_key/keymaps/default/keymap.o
 .debug_frame   0x00000000000000b8      0x380 .build/obj_ez_key_default/quantum/quantum.o
 .debug_frame   0x0000000000000438       0x70 .build/obj_ez_key_default/quantum/keymap_common.o
 .debug_frame   0x00000000000004a8       0x34 .build/obj_ez_key_default/quantum/keycode_config.o
 .debug_frame   0x00000000000004dc       0x58 .build/obj_ez_key_default/quantum/process_keycode/process_leader.o
 .debug_frame   0x0000000000000534      0x19c .build/obj_ez_key_default/quantum/matrix.o
 .debug_frame   0x00000000000006d0       0xd8 .build/obj_ez_key_default/common/host.o
 .debug_frame   0x00000000000007a8       0xc8 .build/obj_ez_key_default/common/keyboard.o
 .debug_frame   0x0000000000000870      0x1b4 .build/obj_ez_key_default/common/action.o
 .debug_frame   0x0000000000000a24       0xe8 .build/obj_ez_key_default/common/action_tapping.o
 .debug_frame   0x0000000000000b0c       0x48 .build/obj_ez_key_default/common/action_macro.o
 .debug_frame   0x0000000000000b54      0x250 .build/obj_ez_key_default/common/action_layer.o
 .debug_frame   0x0000000000000da4      0x224 .build/obj_ez_key_default/common/action_util.o
 .debug_frame   0x0000000000000fc8       0x24 .build/obj_ez_key_default/common/print.o
 .debug_frame   0x0000000000000fec      0x110 .build/obj_ez_key_default/common/util.o
 .debug_frame   0x00000000000010fc       0xb4 .build/obj_ez_key_default/common/eeconfig.o
 .debug_frame   0x00000000000011b0       0x84 .build/obj_ez_key_default/common/report.o
 .debug_frame   0x0000000000001234       0xa8 .build/obj_ez_key_default/common/avr/suspend.o
 .debug_frame   0x00000000000012dc       0xcc .build/obj_ez_key_default/common/avr/timer.o
 .debug_frame   0x00000000000013a8       0x34 .build/obj_ez_key_default/common/avr/bootloader.o
 .debug_frame   0x00000000000013dc       0x24 .build/obj_ez_key_default/common/magic.o
 .debug_frame   0x0000000000001400       0xf0 .build/obj_ez_key_default/common/mousekey.o
 .debug_frame   0x00000000000014f0      0x1fc .build/obj_ez_key_default/common/command.o
 .debug_frame   0x00000000000016ec      0x160 .build/obj_ez_key_default/lufa.o
 .debug_frame   0x000000000000184c       0x24 .build/obj_ez_key_default/usb_descriptor.o
 .debug_frame   0x0000000000001870       0x5c .build/obj_ez_key_default/outputselect.o
 .debug_frame   0x00000000000018cc       0x24 .build/obj_ez_key_default/./lib/lufa/LUFA/Drivers/USB/Core/AVR8/Device_AVR8.o
 .debug_frame   0x00000000000018f0      0x474 .build/obj_ez_key_default/./lib/lufa/LUFA/Drivers/USB/Core/AVR8/EndpointStream_AVR8.o
 .debug_frame   0x0000000000001d64       0x7c .build/obj_ez_key_default/./lib/lufa/LUFA/Drivers/USB/Core/AVR8/Endpoint_AVR8.o
 .debug_frame   0x0000000000001de0       0x5c .build/obj_ez_key_default/./lib/lufa/LUFA/Drivers/USB/Core/AVR8/USBController_AVR8.o
 .debug_frame   0x0000000000001e3c      0x104 .build/obj_ez_key_default/./lib/lufa/LUFA/Drivers/USB/Core/AVR8/USBInterrupt_AVR8.o
 .debug_frame   0x0000000000001f40       0x3c .build/obj_ez_key_default/./lib/lufa/LUFA/Drivers/USB/Core/DeviceStandardReq.o
 .debug_frame   0x0000000000001f7c       0x2c .build/obj_ez_key_default/./lib/lufa/LUFA/Drivers/USB/Core/USBTask.o

.debug_str      0x0000000000000000     0x51fb
 *(.debug_str)
 .debug_str     0x0000000000000000      0x371 /usr/lib/gcc/avr/7.3.0/../../../../avr/lib/avr5/crtatmega32u4.o
 .debug_str     0x0000000000000371      0x3d5 .build/obj_ez_key_default/keyboards/ez_key/ez_key.o
                                        0x47d (size before relaxing)
 .debug_str     0x0000000000000746      0x619 .build/obj_ez_key_default/keyboards/ez_key/keymaps/default/keymap.o
                                        0xa4f (size before relaxing)
 .debug_str     0x0000000000000d5f     0x107e .build/obj_ez_key_default/quantum/quantum.o
                                       0x1b2a (size before relaxing)
 .debug_str     0x0000000000001ddd      0x671 .build/obj_ez_key_default/quantum/keymap_common.o
                                       0x1c92 (size before relaxing)
 .debug_str     0x000000000000244e       0x6a .build/obj_ez_key_default/quantum/keycode_config.o
                                        0x863 (size before relaxing)
 .debug_str     0x00000000000024b8       0x7a .build/obj_ez_key_default/quantum/process_keycode/process_leader.o
                                       0x105c (size before relaxing)
 .debug_str     0x0000000000002532      0x179 .build/obj_ez_key_default/quantum/matrix.o
                                        0x436 (size before relaxing)
 .debug_str     0x00000000000026ab      0x115 .build/obj_ez_key_default/common/host.o
                                        0x386 (size before relaxing)
 .debug_str     0x00000000000027c0      0x164 .build/obj_ez_key_default/common/keyboard.o
                                        0x4e6 (size before relaxing)
 .debug_str     0x0000000000002924      0x37b .build/obj_ez_key_default/common/action.o
                                       0x1420 (size before relaxing)
 .debug_str     0x0000000000002c9f       0xe8 .build/obj_ez_key_default/common/action_tapping.o
                                        0xb96 (size before relaxing)
 .debug_str     0x0000000000002d87       0x76 .build/obj_ez_key_default/common/action_macro.o
                                        0x8e4 (size before relaxing)